Archive member included because of file (symbol)

/usr/lib/gcc/avr/4.9.1/avr5/libgcc.a(_divmodhi4.o)
                              ./src/DateTime.o (__divmodhi4)
/usr/lib/gcc/avr/4.9.1/avr5/libgcc.a(_exit.o)
                              /usr/lib/gcc/avr/4.9.1/../../../../avr/lib/avr5/crtm32.o (exit)
/usr/lib/gcc/avr/4.9.1/avr5/libgcc.a(_tablejump.o)
                              ./src/DateTime.o (__tablejump2__)
/usr/lib/gcc/avr/4.9.1/avr5/libgcc.a(_copy_data.o)
                              ./src/DateTime.o (__do_copy_data)
/usr/lib/gcc/avr/4.9.1/avr5/libgcc.a(_clear_bss.o)
                              ./src/DateTime.o (__do_clear_bss)
/usr/lib/gcc/avr/4.9.1/avr5/libgcc.a(_ctors.o)
                              ./src/system.o (__do_global_ctors)
/usr/lib/gcc/avr/4.9.1/avr5/libgcc.a(_dtors.o)
                              ./src/system.o (__do_global_dtors)
/usr/lib/gcc/avr/4.9.1/avr5/libgcc.a(_ashldi3.o)
                              ./src/DcfData.o (__ashldi3)
/usr/lib/gcc/avr/4.9.1/avr5/libgcc.a(_adddi3_s8.o)
                              ./src/system.o (__adddi3_s8)
/usr/lib/gcc/avr/4.9.1/avr5/libgcc.a(_udivmodhi4.o)
                              /usr/lib/gcc/avr/4.9.1/avr5/libgcc.a(_divmodhi4.o) (__udivmodhi4)
/usr/lib/gcc/avr/4.9.1/../../../../avr/lib/avr5/libc.a(malloc.o)
                              ./src/helpers.o (malloc)
/usr/lib/gcc/avr/4.9.1/../../../../avr/lib/avr5/libc.a(sprintf.o)
                              ./src/DateTime.o (sprintf)
/usr/lib/gcc/avr/4.9.1/../../../../avr/lib/avr5/libc.a(vfprintf_std.o)
                              /usr/lib/gcc/avr/4.9.1/../../../../avr/lib/avr5/libc.a(sprintf.o) (vfprintf)
/usr/lib/gcc/avr/4.9.1/../../../../avr/lib/avr5/libc.a(eerd_block_atmega32.o)
                              ./src/system.o (__eerd_block_m32)
/usr/lib/gcc/avr/4.9.1/../../../../avr/lib/avr5/libc.a(eewr_block_atmega32.o)
                              ./src/system.o (__eewr_block_m32)
/usr/lib/gcc/avr/4.9.1/../../../../avr/lib/avr5/libc.a(eewr_byte_atmega32.o)
                              /usr/lib/gcc/avr/4.9.1/../../../../avr/lib/avr5/libc.a(eewr_block_atmega32.o) (__eewr_r18_m32)
/usr/lib/gcc/avr/4.9.1/../../../../avr/lib/avr5/libc.a(strnlen_P.o)
                              /usr/lib/gcc/avr/4.9.1/../../../../avr/lib/avr5/libc.a(vfprintf_std.o) (strnlen_P)
/usr/lib/gcc/avr/4.9.1/../../../../avr/lib/avr5/libc.a(strnlen.o)
                              /usr/lib/gcc/avr/4.9.1/../../../../avr/lib/avr5/libc.a(vfprintf_std.o) (strnlen)
/usr/lib/gcc/avr/4.9.1/../../../../avr/lib/avr5/libc.a(fputc.o)
                              /usr/lib/gcc/avr/4.9.1/../../../../avr/lib/avr5/libc.a(vfprintf_std.o) (fputc)
/usr/lib/gcc/avr/4.9.1/../../../../avr/lib/avr5/libc.a(ultoa_invert.o)
                              /usr/lib/gcc/avr/4.9.1/../../../../avr/lib/avr5/libc.a(vfprintf_std.o) (__ultoa_invert)
/usr/lib/gcc/avr/4.9.1/avr5/libgcc.a(_prologue.o)
                              /usr/lib/gcc/avr/4.9.1/../../../../avr/lib/avr5/libc.a(sprintf.o) (__prologue_saves__)
/usr/lib/gcc/avr/4.9.1/avr5/libgcc.a(_epilogue.o)
                              /usr/lib/gcc/avr/4.9.1/../../../../avr/lib/avr5/libc.a(sprintf.o) (__epilogue_restores__)

Allocating common symbols
Common symbol       size              file

__brkval            0x2               /usr/lib/gcc/avr/4.9.1/../../../../avr/lib/avr5/libc.a(malloc.o)
__flp               0x2               /usr/lib/gcc/avr/4.9.1/../../../../avr/lib/avr5/libc.a(malloc.o)

Discarded input sections

 .bss           0x0000000000000000        0x0 /usr/lib/gcc/avr/4.9.1/../../../../avr/lib/avr5/crtm32.o
 .group         0x0000000000000000        0x8 ./src/DateTime.o
 .text          0x0000000000000000        0x0 ./src/DateTime.o
 .bss           0x0000000000000000        0x0 ./src/DateTime.o
 .text._ZN8DateTimeC2E6Time_t6Date_t
                0x0000000000000000       0x20 ./src/DateTime.o
 .text._ZNV8DateTime23GetTimeDifferenceInSecsEPS_
                0x0000000000000000       0xfa ./src/DateTime.o
 .text._ZNV8DateTime13IsTimeEqualToEPS_
                0x0000000000000000       0x86 ./src/DateTime.o
 .text._ZNV8DateTime13IsDateEqualToEPS_b
                0x0000000000000000       0x84 ./src/DateTime.o
 .group         0x0000000000000000        0x8 ./src/DcfData.o
 .text          0x0000000000000000        0x0 ./src/DcfData.o
 .bss           0x0000000000000000        0x0 ./src/DcfData.o
 .text._ZNV7DcfData5ResetEv
                0x0000000000000000       0x36 ./src/DcfData.o
 .group         0x0000000000000000        0x8 ./src/LCDisplay.o
 .text          0x0000000000000000        0x0 ./src/LCDisplay.o
 .bss           0x0000000000000000        0x0 ./src/LCDisplay.o
 .group         0x0000000000000000        0x8 ./src/LcdMenu.o
 .text          0x0000000000000000        0x0 ./src/LcdMenu.o
 .bss           0x0000000000000000        0x0 ./src/LcdMenu.o
 .text._ZN7LcdMenuC2Ev
                0x0000000000000000       0x14 ./src/LcdMenu.o
 .text._ZN7LcdMenu12SetLCDisplayEP9LCDisplay
                0x0000000000000000        0x8 ./src/LcdMenu.o
 .text._ZN7LcdMenu12GetLCDisplayEv
                0x0000000000000000        0x8 ./src/LcdMenu.o
 .text._ZN7LcdMenu12SetMenuEntryEP9MenuEntry
                0x0000000000000000        0x8 ./src/LcdMenu.o
 .text._ZN7LcdMenu12GetMenuEntryEv
                0x0000000000000000        0x8 ./src/LcdMenu.o
 .text._ZN7LcdMenu15SetButtonConfigE14ButtonConfig_t
                0x0000000000000000        0xc ./src/LcdMenu.o
 .group         0x0000000000000000        0x8 ./src/MenuEntry.o
 .text          0x0000000000000000        0x0 ./src/MenuEntry.o
 .bss           0x0000000000000000        0x0 ./src/MenuEntry.o
 .text._ZN9MenuEntryC2Ev
                0x0000000000000000       0x18 ./src/MenuEntry.o
 .text._ZNV9MenuEntry12SetMenuTitleEPKc
                0x0000000000000000        0x8 ./src/MenuEntry.o
 .text._ZNV9MenuEntry11SetFunctionEPFvvE
                0x0000000000000000        0x8 ./src/MenuEntry.o
 .text          0x0000000000000000        0x0 ./src/helpers.o
 .bss           0x0000000000000000        0x0 ./src/helpers.o
 .text          0x0000000000000000        0x0 ./src/main.o
 .bss           0x0000000000000000        0x0 ./src/main.o
 .text          0x0000000000000000        0x0 ./src/system.o
 .bss           0x0000000000000000        0x0 ./src/system.o
 .text._Z9InitFlagsv
                0x0000000000000000        0xa ./src/system.o
 .text          0x0000000000000000        0x0 /usr/lib/gcc/avr/4.9.1/avr5/libgcc.a(_divmodhi4.o)
 .bss           0x0000000000000000        0x0 /usr/lib/gcc/avr/4.9.1/avr5/libgcc.a(_divmodhi4.o)
 .text.libgcc.mul
                0x0000000000000000        0x0 /usr/lib/gcc/avr/4.9.1/avr5/libgcc.a(_divmodhi4.o)
 .text.libgcc   0x0000000000000000        0x0 /usr/lib/gcc/avr/4.9.1/avr5/libgcc.a(_divmodhi4.o)
 .text.libgcc.prologue
                0x0000000000000000        0x0 /usr/lib/gcc/avr/4.9.1/avr5/libgcc.a(_divmodhi4.o)
 .text.libgcc.builtins
                0x0000000000000000        0x0 /usr/lib/gcc/avr/4.9.1/avr5/libgcc.a(_divmodhi4.o)
 .text.libgcc.fmul
                0x0000000000000000        0x0 /usr/lib/gcc/avr/4.9.1/avr5/libgcc.a(_divmodhi4.o)
 .text.libgcc.fixed
                0x0000000000000000        0x0 /usr/lib/gcc/avr/4.9.1/avr5/libgcc.a(_divmodhi4.o)
 .text          0x0000000000000000        0x0 /usr/lib/gcc/avr/4.9.1/avr5/libgcc.a(_exit.o)
 .bss           0x0000000000000000        0x0 /usr/lib/gcc/avr/4.9.1/avr5/libgcc.a(_exit.o)
 .text.libgcc.mul
                0x0000000000000000        0x0 /usr/lib/gcc/avr/4.9.1/avr5/libgcc.a(_exit.o)
 .text.libgcc.div
                0x0000000000000000        0x0 /usr/lib/gcc/avr/4.9.1/avr5/libgcc.a(_exit.o)
 .text.libgcc   0x0000000000000000        0x0 /usr/lib/gcc/avr/4.9.1/avr5/libgcc.a(_exit.o)
 .text.libgcc.prologue
                0x0000000000000000        0x0 /usr/lib/gcc/avr/4.9.1/avr5/libgcc.a(_exit.o)
 .text.libgcc.builtins
                0x0000000000000000        0x0 /usr/lib/gcc/avr/4.9.1/avr5/libgcc.a(_exit.o)
 .text.libgcc.fmul
                0x0000000000000000        0x0 /usr/lib/gcc/avr/4.9.1/avr5/libgcc.a(_exit.o)
 .text.libgcc.fixed
                0x0000000000000000        0x0 /usr/lib/gcc/avr/4.9.1/avr5/libgcc.a(_exit.o)
 .text          0x0000000000000000        0x0 /usr/lib/gcc/avr/4.9.1/avr5/libgcc.a(_tablejump.o)
 .bss           0x0000000000000000        0x0 /usr/lib/gcc/avr/4.9.1/avr5/libgcc.a(_tablejump.o)
 .text.libgcc.mul
                0x0000000000000000        0x0 /usr/lib/gcc/avr/4.9.1/avr5/libgcc.a(_tablejump.o)
 .text.libgcc.div
                0x0000000000000000        0x0 /usr/lib/gcc/avr/4.9.1/avr5/libgcc.a(_tablejump.o)
 .text.libgcc.prologue
                0x0000000000000000        0x0 /usr/lib/gcc/avr/4.9.1/avr5/libgcc.a(_tablejump.o)
 .text.libgcc.builtins
                0x0000000000000000        0x0 /usr/lib/gcc/avr/4.9.1/avr5/libgcc.a(_tablejump.o)
 .text.libgcc.fmul
                0x0000000000000000        0x0 /usr/lib/gcc/avr/4.9.1/avr5/libgcc.a(_tablejump.o)
 .text.libgcc.fixed
                0x0000000000000000        0x0 /usr/lib/gcc/avr/4.9.1/avr5/libgcc.a(_tablejump.o)
 .text          0x0000000000000000        0x0 /usr/lib/gcc/avr/4.9.1/avr5/libgcc.a(_copy_data.o)
 .bss           0x0000000000000000        0x0 /usr/lib/gcc/avr/4.9.1/avr5/libgcc.a(_copy_data.o)
 .text.libgcc.mul
                0x0000000000000000        0x0 /usr/lib/gcc/avr/4.9.1/avr5/libgcc.a(_copy_data.o)
 .text.libgcc.div
                0x0000000000000000        0x0 /usr/lib/gcc/avr/4.9.1/avr5/libgcc.a(_copy_data.o)
 .text.libgcc   0x0000000000000000        0x0 /usr/lib/gcc/avr/4.9.1/avr5/libgcc.a(_copy_data.o)
 .text.libgcc.prologue
                0x0000000000000000        0x0 /usr/lib/gcc/avr/4.9.1/avr5/libgcc.a(_copy_data.o)
 .text.libgcc.builtins
                0x0000000000000000        0x0 /usr/lib/gcc/avr/4.9.1/avr5/libgcc.a(_copy_data.o)
 .text.libgcc.fmul
                0x0000000000000000        0x0 /usr/lib/gcc/avr/4.9.1/avr5/libgcc.a(_copy_data.o)
 .text.libgcc.fixed
                0x0000000000000000        0x0 /usr/lib/gcc/avr/4.9.1/avr5/libgcc.a(_copy_data.o)
 .text          0x0000000000000000        0x0 /usr/lib/gcc/avr/4.9.1/avr5/libgcc.a(_clear_bss.o)
 .bss           0x0000000000000000        0x0 /usr/lib/gcc/avr/4.9.1/avr5/libgcc.a(_clear_bss.o)
 .text.libgcc.mul
                0x0000000000000000        0x0 /usr/lib/gcc/avr/4.9.1/avr5/libgcc.a(_clear_bss.o)
 .text.libgcc.div
                0x0000000000000000        0x0 /usr/lib/gcc/avr/4.9.1/avr5/libgcc.a(_clear_bss.o)
 .text.libgcc   0x0000000000000000        0x0 /usr/lib/gcc/avr/4.9.1/avr5/libgcc.a(_clear_bss.o)
 .text.libgcc.prologue
                0x0000000000000000        0x0 /usr/lib/gcc/avr/4.9.1/avr5/libgcc.a(_clear_bss.o)
 .text.libgcc.builtins
                0x0000000000000000        0x0 /usr/lib/gcc/avr/4.9.1/avr5/libgcc.a(_clear_bss.o)
 .text.libgcc.fmul
                0x0000000000000000        0x0 /usr/lib/gcc/avr/4.9.1/avr5/libgcc.a(_clear_bss.o)
 .text.libgcc.fixed
                0x0000000000000000        0x0 /usr/lib/gcc/avr/4.9.1/avr5/libgcc.a(_clear_bss.o)
 .text          0x0000000000000000        0x0 /usr/lib/gcc/avr/4.9.1/avr5/libgcc.a(_ctors.o)
 .bss           0x0000000000000000        0x0 /usr/lib/gcc/avr/4.9.1/avr5/libgcc.a(_ctors.o)
 .text.libgcc.mul
                0x0000000000000000        0x0 /usr/lib/gcc/avr/4.9.1/avr5/libgcc.a(_ctors.o)
 .text.libgcc.div
                0x0000000000000000        0x0 /usr/lib/gcc/avr/4.9.1/avr5/libgcc.a(_ctors.o)
 .text.libgcc   0x0000000000000000        0x0 /usr/lib/gcc/avr/4.9.1/avr5/libgcc.a(_ctors.o)
 .text.libgcc.prologue
                0x0000000000000000        0x0 /usr/lib/gcc/avr/4.9.1/avr5/libgcc.a(_ctors.o)
 .text.libgcc.builtins
                0x0000000000000000        0x0 /usr/lib/gcc/avr/4.9.1/avr5/libgcc.a(_ctors.o)
 .text.libgcc.fmul
                0x0000000000000000        0x0 /usr/lib/gcc/avr/4.9.1/avr5/libgcc.a(_ctors.o)
 .text.libgcc.fixed
                0x0000000000000000        0x0 /usr/lib/gcc/avr/4.9.1/avr5/libgcc.a(_ctors.o)
 .text          0x0000000000000000        0x0 /usr/lib/gcc/avr/4.9.1/avr5/libgcc.a(_dtors.o)
 .bss           0x0000000000000000        0x0 /usr/lib/gcc/avr/4.9.1/avr5/libgcc.a(_dtors.o)
 .text.libgcc.mul
                0x0000000000000000        0x0 /usr/lib/gcc/avr/4.9.1/avr5/libgcc.a(_dtors.o)
 .text.libgcc.div
                0x0000000000000000        0x0 /usr/lib/gcc/avr/4.9.1/avr5/libgcc.a(_dtors.o)
 .text.libgcc   0x0000000000000000        0x0 /usr/lib/gcc/avr/4.9.1/avr5/libgcc.a(_dtors.o)
 .text.libgcc.prologue
                0x0000000000000000        0x0 /usr/lib/gcc/avr/4.9.1/avr5/libgcc.a(_dtors.o)
 .text.libgcc.builtins
                0x0000000000000000        0x0 /usr/lib/gcc/avr/4.9.1/avr5/libgcc.a(_dtors.o)
 .text.libgcc.fmul
                0x0000000000000000        0x0 /usr/lib/gcc/avr/4.9.1/avr5/libgcc.a(_dtors.o)
 .text.libgcc.fixed
                0x0000000000000000        0x0 /usr/lib/gcc/avr/4.9.1/avr5/libgcc.a(_dtors.o)
 .text          0x0000000000000000        0x0 /usr/lib/gcc/avr/4.9.1/avr5/libgcc.a(_ashldi3.o)
 .bss           0x0000000000000000        0x0 /usr/lib/gcc/avr/4.9.1/avr5/libgcc.a(_ashldi3.o)
 .text.libgcc.mul
                0x0000000000000000        0x0 /usr/lib/gcc/avr/4.9.1/avr5/libgcc.a(_ashldi3.o)
 .text.libgcc.div
                0x0000000000000000        0x0 /usr/lib/gcc/avr/4.9.1/avr5/libgcc.a(_ashldi3.o)
 .text.libgcc   0x0000000000000000        0x0 /usr/lib/gcc/avr/4.9.1/avr5/libgcc.a(_ashldi3.o)
 .text.libgcc.prologue
                0x0000000000000000        0x0 /usr/lib/gcc/avr/4.9.1/avr5/libgcc.a(_ashldi3.o)
 .text.libgcc.fmul
                0x0000000000000000        0x0 /usr/lib/gcc/avr/4.9.1/avr5/libgcc.a(_ashldi3.o)
 .text.libgcc.fixed
                0x0000000000000000        0x0 /usr/lib/gcc/avr/4.9.1/avr5/libgcc.a(_ashldi3.o)
 .text          0x0000000000000000        0x0 /usr/lib/gcc/avr/4.9.1/avr5/libgcc.a(_adddi3_s8.o)
 .bss           0x0000000000000000        0x0 /usr/lib/gcc/avr/4.9.1/avr5/libgcc.a(_adddi3_s8.o)
 .text.libgcc.mul
                0x0000000000000000        0x0 /usr/lib/gcc/avr/4.9.1/avr5/libgcc.a(_adddi3_s8.o)
 .text.libgcc.div
                0x0000000000000000        0x0 /usr/lib/gcc/avr/4.9.1/avr5/libgcc.a(_adddi3_s8.o)
 .text.libgcc.prologue
                0x0000000000000000        0x0 /usr/lib/gcc/avr/4.9.1/avr5/libgcc.a(_adddi3_s8.o)
 .text.libgcc.builtins
                0x0000000000000000        0x0 /usr/lib/gcc/avr/4.9.1/avr5/libgcc.a(_adddi3_s8.o)
 .text.libgcc.fmul
                0x0000000000000000        0x0 /usr/lib/gcc/avr/4.9.1/avr5/libgcc.a(_adddi3_s8.o)
 .text.libgcc.fixed
                0x0000000000000000        0x0 /usr/lib/gcc/avr/4.9.1/avr5/libgcc.a(_adddi3_s8.o)
 .text          0x0000000000000000        0x0 /usr/lib/gcc/avr/4.9.1/avr5/libgcc.a(_udivmodhi4.o)
 .bss           0x0000000000000000        0x0 /usr/lib/gcc/avr/4.9.1/avr5/libgcc.a(_udivmodhi4.o)
 .text.libgcc.mul
                0x0000000000000000        0x0 /usr/lib/gcc/avr/4.9.1/avr5/libgcc.a(_udivmodhi4.o)
 .text.libgcc   0x0000000000000000        0x0 /usr/lib/gcc/avr/4.9.1/avr5/libgcc.a(_udivmodhi4.o)
 .text.libgcc.prologue
                0x0000000000000000        0x0 /usr/lib/gcc/avr/4.9.1/avr5/libgcc.a(_udivmodhi4.o)
 .text.libgcc.builtins
                0x0000000000000000        0x0 /usr/lib/gcc/avr/4.9.1/avr5/libgcc.a(_udivmodhi4.o)
 .text.libgcc.fmul
                0x0000000000000000        0x0 /usr/lib/gcc/avr/4.9.1/avr5/libgcc.a(_udivmodhi4.o)
 .text.libgcc.fixed
                0x0000000000000000        0x0 /usr/lib/gcc/avr/4.9.1/avr5/libgcc.a(_udivmodhi4.o)
 .text          0x0000000000000000        0x0 /usr/lib/gcc/avr/4.9.1/../../../../avr/lib/avr5/libc.a(malloc.o)
 .bss           0x0000000000000000        0x0 /usr/lib/gcc/avr/4.9.1/../../../../avr/lib/avr5/libc.a(malloc.o)
 .text          0x0000000000000000        0x0 /usr/lib/gcc/avr/4.9.1/../../../../avr/lib/avr5/libc.a(sprintf.o)
 .bss           0x0000000000000000        0x0 /usr/lib/gcc/avr/4.9.1/../../../../avr/lib/avr5/libc.a(sprintf.o)
 .text          0x0000000000000000        0x0 /usr/lib/gcc/avr/4.9.1/../../../../avr/lib/avr5/libc.a(vfprintf_std.o)
 .bss           0x0000000000000000        0x0 /usr/lib/gcc/avr/4.9.1/../../../../avr/lib/avr5/libc.a(vfprintf_std.o)
 .text          0x0000000000000000        0x0 /usr/lib/gcc/avr/4.9.1/../../../../avr/lib/avr5/libc.a(eerd_block_atmega32.o)
 .bss           0x0000000000000000        0x0 /usr/lib/gcc/avr/4.9.1/../../../../avr/lib/avr5/libc.a(eerd_block_atmega32.o)
 .text          0x0000000000000000        0x0 /usr/lib/gcc/avr/4.9.1/../../../../avr/lib/avr5/libc.a(eewr_block_atmega32.o)
 .bss           0x0000000000000000        0x0 /usr/lib/gcc/avr/4.9.1/../../../../avr/lib/avr5/libc.a(eewr_block_atmega32.o)
 .text          0x0000000000000000        0x0 /usr/lib/gcc/avr/4.9.1/../../../../avr/lib/avr5/libc.a(eewr_byte_atmega32.o)
 .bss           0x0000000000000000        0x0 /usr/lib/gcc/avr/4.9.1/../../../../avr/lib/avr5/libc.a(eewr_byte_atmega32.o)
 .text          0x0000000000000000        0x0 /usr/lib/gcc/avr/4.9.1/../../../../avr/lib/avr5/libc.a(strnlen_P.o)
 .bss           0x0000000000000000        0x0 /usr/lib/gcc/avr/4.9.1/../../../../avr/lib/avr5/libc.a(strnlen_P.o)
 .text          0x0000000000000000        0x0 /usr/lib/gcc/avr/4.9.1/../../../../avr/lib/avr5/libc.a(strnlen.o)
 .bss           0x0000000000000000        0x0 /usr/lib/gcc/avr/4.9.1/../../../../avr/lib/avr5/libc.a(strnlen.o)
 .text          0x0000000000000000        0x0 /usr/lib/gcc/avr/4.9.1/../../../../avr/lib/avr5/libc.a(fputc.o)
 .bss           0x0000000000000000        0x0 /usr/lib/gcc/avr/4.9.1/../../../../avr/lib/avr5/libc.a(fputc.o)
 .text          0x0000000000000000        0x0 /usr/lib/gcc/avr/4.9.1/../../../../avr/lib/avr5/libc.a(ultoa_invert.o)
 .bss           0x0000000000000000        0x0 /usr/lib/gcc/avr/4.9.1/../../../../avr/lib/avr5/libc.a(ultoa_invert.o)
 .text          0x0000000000000000        0x0 /usr/lib/gcc/avr/4.9.1/avr5/libgcc.a(_prologue.o)
 .bss           0x0000000000000000        0x0 /usr/lib/gcc/avr/4.9.1/avr5/libgcc.a(_prologue.o)
 .text.libgcc.mul
                0x0000000000000000        0x0 /usr/lib/gcc/avr/4.9.1/avr5/libgcc.a(_prologue.o)
 .text.libgcc.div
                0x0000000000000000        0x0 /usr/lib/gcc/avr/4.9.1/avr5/libgcc.a(_prologue.o)
 .text.libgcc   0x0000000000000000        0x0 /usr/lib/gcc/avr/4.9.1/avr5/libgcc.a(_prologue.o)
 .text.libgcc.builtins
                0x0000000000000000        0x0 /usr/lib/gcc/avr/4.9.1/avr5/libgcc.a(_prologue.o)
 .text.libgcc.fmul
                0x0000000000000000        0x0 /usr/lib/gcc/avr/4.9.1/avr5/libgcc.a(_prologue.o)
 .text.libgcc.fixed
                0x0000000000000000        0x0 /usr/lib/gcc/avr/4.9.1/avr5/libgcc.a(_prologue.o)
 .text          0x0000000000000000        0x0 /usr/lib/gcc/avr/4.9.1/avr5/libgcc.a(_epilogue.o)
 .bss           0x0000000000000000        0x0 /usr/lib/gcc/avr/4.9.1/avr5/libgcc.a(_epilogue.o)
 .text.libgcc.mul
                0x0000000000000000        0x0 /usr/lib/gcc/avr/4.9.1/avr5/libgcc.a(_epilogue.o)
 .text.libgcc.div
                0x0000000000000000        0x0 /usr/lib/gcc/avr/4.9.1/avr5/libgcc.a(_epilogue.o)
 .text.libgcc   0x0000000000000000        0x0 /usr/lib/gcc/avr/4.9.1/avr5/libgcc.a(_epilogue.o)
 .text.libgcc.builtins
                0x0000000000000000        0x0 /usr/lib/gcc/avr/4.9.1/avr5/libgcc.a(_epilogue.o)
 .text.libgcc.fmul
                0x0000000000000000        0x0 /usr/lib/gcc/avr/4.9.1/avr5/libgcc.a(_epilogue.o)
 .text.libgcc.fixed
                0x0000000000000000        0x0 /usr/lib/gcc/avr/4.9.1/avr5/libgcc.a(_epilogue.o)

Memory Configuration

Name             Origin             Length             Attributes
text             0x0000000000000000 0x0000000000020000 xr
data             0x0000000000800060 0x000000000000ffa0 rw !x
eeprom           0x0000000000810000 0x0000000000010000 rw !x
fuse             0x0000000000820000 0x0000000000000400 rw !x
lock             0x0000000000830000 0x0000000000000400 rw !x
signature        0x0000000000840000 0x0000000000000400 rw !x
*default*        0x0000000000000000 0xffffffffffffffff

Linker script and memory map

LOAD /usr/lib/gcc/avr/4.9.1/../../../../avr/lib/avr5/crtm32.o
LOAD ./src/DateTime.o
LOAD ./src/DcfData.o
LOAD ./src/LCDisplay.o
LOAD ./src/LcdMenu.o
LOAD ./src/MenuEntry.o
LOAD ./src/helpers.o
LOAD ./src/main.o
LOAD ./src/system.o
LOAD /usr/lib/gcc/avr/4.9.1/avr5/libgcc.a
LOAD /usr/lib/gcc/avr/4.9.1/../../../../avr/lib/avr5/libm.a
START GROUP
LOAD /usr/lib/gcc/avr/4.9.1/avr5/libgcc.a
LOAD /usr/lib/gcc/avr/4.9.1/../../../../avr/lib/avr5/libm.a
LOAD /usr/lib/gcc/avr/4.9.1/../../../../avr/lib/avr5/libc.a
END GROUP

.hash
 *(.hash)

.dynsym
 *(.dynsym)

.dynstr
 *(.dynstr)

.gnu.version
 *(.gnu.version)

.gnu.version_d
 *(.gnu.version_d)

.gnu.version_r
 *(.gnu.version_r)

.rel.init
 *(.rel.init)

.rela.init
 *(.rela.init)

.rel.text
 *(.rel.text)
 *(.rel.text.*)
 *(.rel.gnu.linkonce.t*)

.rela.text
 *(.rela.text)
 *(.rela.text.*)
 *(.rela.gnu.linkonce.t*)

.rel.fini
 *(.rel.fini)

.rela.fini
 *(.rela.fini)

.rel.rodata
 *(.rel.rodata)
 *(.rel.rodata.*)
 *(.rel.gnu.linkonce.r*)

.rela.rodata
 *(.rela.rodata)
 *(.rela.rodata.*)
 *(.rela.gnu.linkonce.r*)

.rel.data
 *(.rel.data)
 *(.rel.data.*)
 *(.rel.gnu.linkonce.d*)

.rela.data
 *(.rela.data)
 *(.rela.data.*)
 *(.rela.gnu.linkonce.d*)

.rel.ctors
 *(.rel.ctors)

.rela.ctors
 *(.rela.ctors)

.rel.dtors
 *(.rel.dtors)

.rela.dtors
 *(.rela.dtors)

.rel.got
 *(.rel.got)

.rela.got
 *(.rela.got)

.rel.bss
 *(.rel.bss)

.rela.bss
 *(.rela.bss)

.rel.plt
 *(.rel.plt)

.rela.plt
 *(.rela.plt)

.text           0x0000000000000000     0x2596
 *(.vectors)
 .vectors       0x0000000000000000       0x54 /usr/lib/gcc/avr/4.9.1/../../../../avr/lib/avr5/crtm32.o
                0x0000000000000000                __vectors
                0x0000000000000000                __vector_default
 *(.vectors)
 *(.progmem.gcc*)
 .progmem.gcc_sw_table._ZNV8DateTime8IncreaseEv
                0x0000000000000054       0x18 ./src/DateTime.o
                0x000000000000006c                . = ALIGN (0x2)
                0x000000000000006c                __trampolines_start = .
 *(.trampolines)
 .trampolines   0x000000000000006c        0x0 linker stubs
 *(.trampolines*)
                0x000000000000006c                __trampolines_end = .
 *(.progmem*)
                0x000000000000006c                . = ALIGN (0x2)
 *(.jumptables)
 *(.jumptables*)
 *(.lowtext)
 *(.lowtext*)
                0x000000000000006c                __ctors_start = .
 *(.ctors)
 .ctors         0x000000000000006c        0x2 ./src/system.o
                0x000000000000006e                __ctors_end = .
                0x000000000000006e                __dtors_start = .
 *(.dtors)
 .dtors         0x000000000000006e        0x2 ./src/system.o
                0x0000000000000070                __dtors_end = .
 SORT(*)(.ctors)
 SORT(*)(.dtors)
 *(.init0)
 .init0         0x0000000000000070        0x0 /usr/lib/gcc/avr/4.9.1/../../../../avr/lib/avr5/crtm32.o
                0x0000000000000070                __init
 *(.init0)
 *(.init1)
 *(.init1)
 *(.init2)
 .init2         0x0000000000000070        0xc /usr/lib/gcc/avr/4.9.1/../../../../avr/lib/avr5/crtm32.o
 *(.init2)
 *(.init3)
 *(.init3)
 *(.init4)
 .init4         0x000000000000007c       0x16 /usr/lib/gcc/avr/4.9.1/avr5/libgcc.a(_copy_data.o)
                0x000000000000007c                __do_copy_data
 .init4         0x0000000000000092       0x10 /usr/lib/gcc/avr/4.9.1/avr5/libgcc.a(_clear_bss.o)
                0x0000000000000092                __do_clear_bss
 *(.init4)
 *(.init5)
 *(.init5)
 *(.init6)
 .init6         0x00000000000000a2       0x16 /usr/lib/gcc/avr/4.9.1/avr5/libgcc.a(_ctors.o)
                0x00000000000000a2                __do_global_ctors
 *(.init6)
 *(.init7)
 *(.init7)
 *(.init8)
 *(.init8)
 *(.init9)
 .init9         0x00000000000000b8        0x6 /usr/lib/gcc/avr/4.9.1/../../../../avr/lib/avr5/crtm32.o
 *(.init9)
 *(.text)
 .text          0x00000000000000be        0x2 /usr/lib/gcc/avr/4.9.1/../../../../avr/lib/avr5/crtm32.o
                0x00000000000000be                __vector_12
                0x00000000000000be                __bad_interrupt
                0x00000000000000be                __vector_6
                0x00000000000000be                __vector_3
                0x00000000000000be                __vector_13
                0x00000000000000be                __vector_17
                0x00000000000000be                __vector_19
                0x00000000000000be                __vector_7
                0x00000000000000be                __vector_5
                0x00000000000000be                __vector_9
                0x00000000000000be                __vector_2
                0x00000000000000be                __vector_15
                0x00000000000000be                __vector_8
                0x00000000000000be                __vector_14
                0x00000000000000be                __vector_10
                0x00000000000000be                __vector_16
                0x00000000000000be                __vector_18
                0x00000000000000be                __vector_20
                0x00000000000000c0                . = ALIGN (0x2)
 *(.text.*)
 .text._ZN8DateTimeD2Ev
                0x00000000000000c0        0x2 ./src/DateTime.o
                0x00000000000000c0                DateTime::~DateTime()
                0x00000000000000c0                DateTime::~DateTime()
 .text._ZN8DateTimeD0Ev
                0x00000000000000c2        0x2 ./src/DateTime.o
                0x00000000000000c2                DateTime::~DateTime()
 .text._ZN8DateTimeC2Ev
                0x00000000000000c4       0x22 ./src/DateTime.o
                0x00000000000000c4                DateTime::DateTime()
                0x00000000000000c4                DateTime::DateTime()
 .text._ZNV8DateTime8IncreaseEv
                0x00000000000000e6      0x226 ./src/DateTime.o
                0x00000000000000e6                DateTime::Increase() volatile
 .text._ZNV8DateTime9SetSecondEh
                0x000000000000030c       0x22 ./src/DateTime.o
                0x000000000000030c                DateTime::SetSecond(unsigned char) volatile
 .text._ZNV8DateTime9SetMinuteEh
                0x000000000000032e       0x26 ./src/DateTime.o
                0x000000000000032e                DateTime::SetMinute(unsigned char) volatile
 .text._ZNV8DateTime7SetHourEh
                0x0000000000000354        0xe ./src/DateTime.o
                0x0000000000000354                DateTime::SetHour(unsigned char) volatile
 .text._ZNV8DateTime9GetSecondEv
                0x0000000000000362       0x18 ./src/DateTime.o
                0x0000000000000362                DateTime::GetSecond() volatile
 .text._ZNV8DateTime9GetMinuteEv
                0x000000000000037a       0x18 ./src/DateTime.o
                0x000000000000037a                DateTime::GetMinute() volatile
 .text._ZNV8DateTime7GetHourEv
                0x0000000000000392        0x8 ./src/DateTime.o
                0x0000000000000392                DateTime::GetHour() volatile
 .text._ZNV8DateTime13GetTimestringEb
                0x000000000000039a       0xc8 ./src/DateTime.o
                0x000000000000039a                DateTime::GetTimestring(bool) volatile
 .text._ZNV8DateTime12SetDayOfWeekEh
                0x0000000000000462        0xe ./src/DateTime.o
                0x0000000000000462                DateTime::SetDayOfWeek(unsigned char) volatile
 .text._ZNV8DateTime6SetDayEh
                0x0000000000000470       0x12 ./src/DateTime.o
                0x0000000000000470                DateTime::SetDay(unsigned char) volatile
 .text._ZNV8DateTime8SetMonthEh
                0x0000000000000482        0xe ./src/DateTime.o
                0x0000000000000482                DateTime::SetMonth(unsigned char) volatile
 .text._ZNV8DateTime7SetYearEj
                0x0000000000000490       0x30 ./src/DateTime.o
                0x0000000000000490                DateTime::SetYear(unsigned int) volatile
 .text._ZNV8DateTime12GetDayOfWeekEv
                0x00000000000004c0        0x8 ./src/DateTime.o
                0x00000000000004c0                DateTime::GetDayOfWeek() volatile
 .text._ZNV8DateTime6GetDayEv
                0x00000000000004c8        0xc ./src/DateTime.o
                0x00000000000004c8                DateTime::GetDay() volatile
 .text._ZNV8DateTime8GetMonthEv
                0x00000000000004d4        0x8 ./src/DateTime.o
                0x00000000000004d4                DateTime::GetMonth() volatile
 .text._ZNV8DateTime7GetYearEv
                0x00000000000004dc       0x1a ./src/DateTime.o
                0x00000000000004dc                DateTime::GetYear() volatile
 .text._ZNV8DateTime13GetDatestringEb
                0x00000000000004f6      0x106 ./src/DateTime.o
                0x00000000000004f6                DateTime::GetDatestring(bool) volatile
 .text._ZN7DcfDataD2Ev
                0x00000000000005fc        0xc ./src/DcfData.o
                0x00000000000005fc                DcfData::~DcfData()
                0x00000000000005fc                DcfData::~DcfData()
 .text._ZN7DcfDataD0Ev
                0x0000000000000608       0x10 ./src/DcfData.o
                0x0000000000000608                DcfData::~DcfData()
 .text._ZN7DcfDataC2Ev
                0x0000000000000618       0x26 ./src/DcfData.o
                0x0000000000000618                DcfData::DcfData()
                0x0000000000000618                DcfData::DcfData()
 .text._ZNV7DcfData6AddBitEhh
                0x000000000000063e       0xb2 ./src/DcfData.o
                0x000000000000063e                DcfData::AddBit(unsigned char, unsigned char) volatile
 .text._ZNV7DcfData11CheckParityEmhb
                0x00000000000006f0       0x4e ./src/DcfData.o
                0x00000000000006f0                DcfData::CheckParity(unsigned long, unsigned char, bool) volatile
 .text._ZNV7DcfData16EvaluateDateTimeEb
                0x000000000000073e      0x1e2 ./src/DcfData.o
                0x000000000000073e                DcfData::EvaluateDateTime(bool) volatile
 .text._ZN9LCDisplayD2Ev
                0x0000000000000920        0x2 ./src/LCDisplay.o
                0x0000000000000920                LCDisplay::~LCDisplay()
                0x0000000000000920                LCDisplay::~LCDisplay()
 .text._ZN9LCDisplayD0Ev
                0x0000000000000922        0x2 ./src/LCDisplay.o
                0x0000000000000922                LCDisplay::~LCDisplay()
 .text._ZN9LCDisplayC2E11LcdHwConfig
                0x0000000000000924       0x6e ./src/LCDisplay.o
                0x0000000000000924                LCDisplay::LCDisplay(LcdHwConfig)
                0x0000000000000924                LCDisplay::LCDisplay(LcdHwConfig)
 .text._ZNV9LCDisplay15SetDisplayLightEb
                0x0000000000000992       0x30 ./src/LCDisplay.o
                0x0000000000000992                LCDisplay::SetDisplayLight(bool) volatile
 .text._ZNV9LCDisplay9LcdEnableEv
                0x00000000000009c2       0x48 ./src/LCDisplay.o
                0x00000000000009c2                LCDisplay::LcdEnable() volatile
 .text._ZNV9LCDisplay6LcdOutEh
                0x0000000000000a0a       0x68 ./src/LCDisplay.o
                0x0000000000000a0a                LCDisplay::LcdOut(unsigned char) volatile
 .text._ZNV9LCDisplay9WriteDataEh
                0x0000000000000a72       0x40 ./src/LCDisplay.o
                0x0000000000000a72                LCDisplay::WriteData(unsigned char) volatile
 .text._ZNV9LCDisplay11WriteStringEPKc
                0x0000000000000ab2       0x22 ./src/LCDisplay.o
                0x0000000000000ab2                LCDisplay::WriteString(char const*) volatile
 .text._ZNV9LCDisplay12WriteCommandEh
                0x0000000000000ad4       0x48 ./src/LCDisplay.o
                0x0000000000000ad4                LCDisplay::WriteCommand(unsigned char) volatile
 .text._ZNV9LCDisplay14ClearLCDisplayEv
                0x0000000000000b1c        0xe ./src/LCDisplay.o
                0x0000000000000b1c                LCDisplay::ClearLCDisplay() volatile
 .text._ZNV9LCDisplay13InitLCDisplayEv
                0x0000000000000b2a       0xb8 ./src/LCDisplay.o
                0x0000000000000b2a                LCDisplay::InitLCDisplay() volatile
 .text._ZNV9LCDisplay10CursorHomeEv
                0x0000000000000be2        0xe ./src/LCDisplay.o
                0x0000000000000be2                LCDisplay::CursorHome() volatile
 .text._ZNV9LCDisplay9CurserPosEhh
                0x0000000000000bf0       0x26 ./src/LCDisplay.o
                0x0000000000000bf0                LCDisplay::CurserPos(unsigned char, unsigned char) volatile
 .text._ZNV9LCDisplay12GenerateCharEhPKh
                0x0000000000000c16       0x60 ./src/LCDisplay.o
                0x0000000000000c16                LCDisplay::GenerateChar(unsigned char, unsigned char const*) volatile
 .text._ZNV9LCDisplay10ShowCursorEb
                0x0000000000000c76       0x16 ./src/LCDisplay.o
                0x0000000000000c76                LCDisplay::ShowCursor(bool) volatile
 .text._ZNV9LCDisplay11CursorBlinkEb
                0x0000000000000c8c       0x16 ./src/LCDisplay.o
                0x0000000000000c8c                LCDisplay::CursorBlink(bool) volatile
 .text._ZN7LcdMenuD2Ev
                0x0000000000000ca2        0x2 ./src/LcdMenu.o
                0x0000000000000ca2                LcdMenu::~LcdMenu()
                0x0000000000000ca2                LcdMenu::~LcdMenu()
 .text._ZN7LcdMenuD0Ev
                0x0000000000000ca4        0x2 ./src/LcdMenu.o
                0x0000000000000ca4                LcdMenu::~LcdMenu()
 .text._ZN7LcdMenuC2E14ButtonConfig_tPV9LCDisplayP9MenuEntryPVh
                0x0000000000000ca6       0x30 ./src/LcdMenu.o
                0x0000000000000ca6                LcdMenu::LcdMenu(ButtonConfig_t, LCDisplay volatile*, MenuEntry*, unsigned char volatile*)
                0x0000000000000ca6                LcdMenu::LcdMenu(ButtonConfig_t, LCDisplay volatile*, MenuEntry*, unsigned char volatile*)
 .text._ZN7LcdMenu7RunMenuEv
                0x0000000000000cd6       0x8e ./src/LcdMenu.o
                0x0000000000000cd6                LcdMenu::RunMenu()
 .text._ZN9MenuEntryD2Ev
                0x0000000000000d64        0x2 ./src/MenuEntry.o
                0x0000000000000d64                MenuEntry::~MenuEntry()
                0x0000000000000d64                MenuEntry::~MenuEntry()
 .text._ZN9MenuEntryD0Ev
                0x0000000000000d66        0x2 ./src/MenuEntry.o
                0x0000000000000d66                MenuEntry::~MenuEntry()
 .text._ZN9MenuEntryC2EPKcPFvvEPS_
                0x0000000000000d68       0x18 ./src/MenuEntry.o
                0x0000000000000d68                MenuEntry::MenuEntry(char const*, void (*)(), MenuEntry*)
                0x0000000000000d68                MenuEntry::MenuEntry(char const*, void (*)(), MenuEntry*)
 .text._ZNV9MenuEntry12GetMenuTitleEv
                0x0000000000000d80        0x8 ./src/MenuEntry.o
                0x0000000000000d80                MenuEntry::GetMenuTitle() volatile
 .text._ZNV9MenuEntry3RunEv
                0x0000000000000d88        0xc ./src/MenuEntry.o
                0x0000000000000d88                MenuEntry::Run() volatile
 .text._ZNV9MenuEntry7SetNextEPS_
                0x0000000000000d94        0x8 ./src/MenuEntry.o
                0x0000000000000d94                MenuEntry::SetNext(MenuEntry*) volatile
 .text._ZNV9MenuEntry7GetNextEv
                0x0000000000000d9c        0x8 ./src/MenuEntry.o
                0x0000000000000d9c                MenuEntry::GetNext() volatile
 .text._Znwj    0x0000000000000da4        0x2 ./src/helpers.o
                0x0000000000000da4                operator new(unsigned int)
 .text._ZdlPv   0x0000000000000da6        0x4 ./src/helpers.o
                0x0000000000000da6                operator delete(void*)
 .text._Z13ButtonPressedPVhh
                0x0000000000000daa       0x48 ./src/helpers.o
                0x0000000000000daa                ButtonPressed(unsigned char volatile*, unsigned char)
 .text.startup.main
                0x0000000000000df2      0x250 ./src/main.o
                0x0000000000000df2                main
 .text._Z14Menu_SwitchDCFv
                0x0000000000001042       0x98 ./src/system.o
                0x0000000000001042                Menu_SwitchDCF()
 .text._Z12Menu_SetDatev
                0x00000000000010da       0x20 ./src/system.o
                0x00000000000010da                Menu_SetDate()
 .text._Z18Menu_SetSnoozeTimev
                0x00000000000010fa       0x20 ./src/system.o
                0x00000000000010fa                Menu_SetSnoozeTime()
 .text._Z16Menu_SwitchAlarmv
                0x000000000000111a       0xaa ./src/system.o
                0x000000000000111a                Menu_SwitchAlarm()
 .text._Z17InitDayLightAlarmv
                0x00000000000011c4      0x25c ./src/system.o
                0x00000000000011c4                InitDayLightAlarm()
 .text.__vector_11
                0x0000000000001420       0x9a ./src/system.o
                0x0000000000001420                __vector_11
 .text.__vector_1
                0x00000000000014ba      0x1b8 ./src/system.o
                0x00000000000014ba                __vector_1
 .text.__vector_4
                0x0000000000001672       0x7c ./src/system.o
                0x0000000000001672                __vector_4
 .text.startup._GLOBAL__sub_I_dtCurrentDateTime
                0x00000000000016ee       0x18 ./src/system.o
 .text._Z12Menu_SetTimev
                0x0000000000001706      0x2bc ./src/system.o
                0x0000000000001706                Menu_SetTime()
 .text._Z13Menu_SetAlarmv
                0x00000000000019c2      0x2ce ./src/system.o
                0x00000000000019c2                Menu_SetAlarm()
 .text.exit._GLOBAL__sub_D_dtCurrentDateTime
                0x0000000000001c90       0x18 ./src/system.o
 .text.libgcc.div
                0x0000000000001ca8       0x26 /usr/lib/gcc/avr/4.9.1/avr5/libgcc.a(_divmodhi4.o)
                0x0000000000001ca8                __divmodhi4
                0x0000000000001ca8                _div
 .text.libgcc   0x0000000000001cce        0xc /usr/lib/gcc/avr/4.9.1/avr5/libgcc.a(_tablejump.o)
                0x0000000000001cce                __tablejump2__
                0x0000000000001cd2                __tablejump__
 .text.libgcc.builtins
                0x0000000000001cda       0x32 /usr/lib/gcc/avr/4.9.1/avr5/libgcc.a(_ashldi3.o)
                0x0000000000001cda                __ashldi3
 .text.libgcc   0x0000000000001d0c       0x18 /usr/lib/gcc/avr/4.9.1/avr5/libgcc.a(_adddi3_s8.o)
                0x0000000000001d0c                __adddi3_s8
 .text.libgcc.div
                0x0000000000001d24       0x28 /usr/lib/gcc/avr/4.9.1/avr5/libgcc.a(_udivmodhi4.o)
                0x0000000000001d24                __udivmodhi4
 .text.avr-libc
                0x0000000000001d4c      0x25a /usr/lib/gcc/avr/4.9.1/../../../../avr/lib/avr5/libc.a(malloc.o)
                0x0000000000001d4c                malloc
                0x0000000000001e76                free
 .text.avr-libc
                0x0000000000001fa6       0x40 /usr/lib/gcc/avr/4.9.1/../../../../avr/lib/avr5/libc.a(sprintf.o)
                0x0000000000001fa6                sprintf
 .text.avr-libc
                0x0000000000001fe6      0x386 /usr/lib/gcc/avr/4.9.1/../../../../avr/lib/avr5/libc.a(vfprintf_std.o)
                0x0000000000001fe6                vfprintf
 .text.avr-libc
                0x000000000000236c       0x20 /usr/lib/gcc/avr/4.9.1/../../../../avr/lib/avr5/libc.a(eerd_block_atmega32.o)
                0x000000000000236c                __eerd_block_m32
                0x0000000000002370                __eerd_blraw_m32
 .text.avr-libc
                0x000000000000238c       0x12 /usr/lib/gcc/avr/4.9.1/../../../../avr/lib/avr5/libc.a(eewr_block_atmega32.o)
                0x000000000000238c                __eewr_block_m32
 .text.avr-libc
                0x000000000000239e       0x1a /usr/lib/gcc/avr/4.9.1/../../../../avr/lib/avr5/libc.a(eewr_byte_atmega32.o)
                0x000000000000239e                __eewr_byte_m32
                0x00000000000023a0                __eewr_r18_m32
 .text.avr-libc
                0x00000000000023b8       0x16 /usr/lib/gcc/avr/4.9.1/../../../../avr/lib/avr5/libc.a(strnlen_P.o)
                0x00000000000023b8                strnlen_P
 .text.avr-libc
                0x00000000000023ce       0x16 /usr/lib/gcc/avr/4.9.1/../../../../avr/lib/avr5/libc.a(strnlen.o)
                0x00000000000023ce                strnlen
 .text.avr-libc
                0x00000000000023e4       0x70 /usr/lib/gcc/avr/4.9.1/../../../../avr/lib/avr5/libc.a(fputc.o)
                0x00000000000023e4                fputc
 .text.avr-libc
                0x0000000000002454       0xbc /usr/lib/gcc/avr/4.9.1/../../../../avr/lib/avr5/libc.a(ultoa_invert.o)
                0x0000000000002454                __ultoa_invert
 .text.libgcc.prologue
                0x0000000000002510       0x38 /usr/lib/gcc/avr/4.9.1/avr5/libgcc.a(_prologue.o)
                0x0000000000002510                __prologue_saves__
 .text.libgcc.prologue
                0x0000000000002548       0x36 /usr/lib/gcc/avr/4.9.1/avr5/libgcc.a(_epilogue.o)
                0x0000000000002548                __epilogue_restores__
                0x000000000000257e                . = ALIGN (0x2)
 *(.fini9)
 .fini9         0x000000000000257e        0x0 /usr/lib/gcc/avr/4.9.1/avr5/libgcc.a(_exit.o)
                0x000000000000257e                exit
                0x000000000000257e                _exit
 *(.fini9)
 *(.fini8)
 *(.fini8)
 *(.fini7)
 *(.fini7)
 *(.fini6)
 .fini6         0x000000000000257e       0x14 /usr/lib/gcc/avr/4.9.1/avr5/libgcc.a(_dtors.o)
                0x000000000000257e                __do_global_dtors
 *(.fini6)
 *(.fini5)
 *(.fini5)
 *(.fini4)
 *(.fini4)
 *(.fini3)
 *(.fini3)
 *(.fini2)
 *(.fini2)
 *(.fini1)
 *(.fini1)
 *(.fini0)
 .fini0         0x0000000000002592        0x4 /usr/lib/gcc/avr/4.9.1/avr5/libgcc.a(_exit.o)
 *(.fini0)
                0x0000000000002596                _etext = .

.data           0x0000000000800060      0x13e load address 0x0000000000002596
                0x0000000000800060                PROVIDE (__data_start, .)
 *(.data)
 .data          0x0000000000800060        0x0 /usr/lib/gcc/avr/4.9.1/../../../../avr/lib/avr5/crtm32.o
 .data          0x0000000000800060        0x0 ./src/DateTime.o
 .data          0x0000000000800060        0x0 ./src/DcfData.o
 .data          0x0000000000800060        0x0 ./src/LCDisplay.o
 .data          0x0000000000800060        0x0 ./src/LcdMenu.o
 .data          0x0000000000800060        0x0 ./src/MenuEntry.o
 .data          0x0000000000800060        0x0 ./src/helpers.o
 .data          0x0000000000800060        0x0 ./src/main.o
 .data          0x0000000000800060        0x0 ./src/system.o
 .data          0x0000000000800060        0x0 /usr/lib/gcc/avr/4.9.1/avr5/libgcc.a(_divmodhi4.o)
 .data          0x0000000000800060        0x0 /usr/lib/gcc/avr/4.9.1/avr5/libgcc.a(_exit.o)
 .data          0x0000000000800060        0x0 /usr/lib/gcc/avr/4.9.1/avr5/libgcc.a(_tablejump.o)
 .data          0x0000000000800060        0x0 /usr/lib/gcc/avr/4.9.1/avr5/libgcc.a(_copy_data.o)
 .data          0x0000000000800060        0x0 /usr/lib/gcc/avr/4.9.1/avr5/libgcc.a(_clear_bss.o)
 .data          0x0000000000800060        0x0 /usr/lib/gcc/avr/4.9.1/avr5/libgcc.a(_ctors.o)
 .data          0x0000000000800060        0x0 /usr/lib/gcc/avr/4.9.1/avr5/libgcc.a(_dtors.o)
 .data          0x0000000000800060        0x0 /usr/lib/gcc/avr/4.9.1/avr5/libgcc.a(_ashldi3.o)
 .data          0x0000000000800060        0x0 /usr/lib/gcc/avr/4.9.1/avr5/libgcc.a(_adddi3_s8.o)
 .data          0x0000000000800060        0x0 /usr/lib/gcc/avr/4.9.1/avr5/libgcc.a(_udivmodhi4.o)
 .data          0x0000000000800060        0x6 /usr/lib/gcc/avr/4.9.1/../../../../avr/lib/avr5/libc.a(malloc.o)
                0x0000000000800060                __malloc_heap_end
                0x0000000000800062                __malloc_heap_start
                0x0000000000800064                __malloc_margin
 .data          0x0000000000800066        0x0 /usr/lib/gcc/avr/4.9.1/../../../../avr/lib/avr5/libc.a(sprintf.o)
 .data          0x0000000000800066        0x0 /usr/lib/gcc/avr/4.9.1/../../../../avr/lib/avr5/libc.a(vfprintf_std.o)
 .data          0x0000000000800066        0x0 /usr/lib/gcc/avr/4.9.1/../../../../avr/lib/avr5/libc.a(eerd_block_atmega32.o)
 .data          0x0000000000800066        0x0 /usr/lib/gcc/avr/4.9.1/../../../../avr/lib/avr5/libc.a(eewr_block_atmega32.o)
 .data          0x0000000000800066        0x0 /usr/lib/gcc/avr/4.9.1/../../../../avr/lib/avr5/libc.a(eewr_byte_atmega32.o)
 .data          0x0000000000800066        0x0 /usr/lib/gcc/avr/4.9.1/../../../../avr/lib/avr5/libc.a(strnlen_P.o)
 .data          0x0000000000800066        0x0 /usr/lib/gcc/avr/4.9.1/../../../../avr/lib/avr5/libc.a(strnlen.o)
 .data          0x0000000000800066        0x0 /usr/lib/gcc/avr/4.9.1/../../../../avr/lib/avr5/libc.a(fputc.o)
 .data          0x0000000000800066        0x0 /usr/lib/gcc/avr/4.9.1/../../../../avr/lib/avr5/libc.a(ultoa_invert.o)
 .data          0x0000000000800066        0x0 /usr/lib/gcc/avr/4.9.1/avr5/libgcc.a(_prologue.o)
 .data          0x0000000000800066        0x0 /usr/lib/gcc/avr/4.9.1/avr5/libgcc.a(_epilogue.o)
 *(.data*)
 .data.chrAlarmOn
                0x0000000000800066        0x8 ./src/main.o
                0x0000000000800066                chrAlarmOn
 .data.chrDCFOff
                0x000000000080006e        0x8 ./src/main.o
                0x000000000080006e                chrDCFOff
 .data.chrDCFOn_2
                0x0000000000800076        0x8 ./src/main.o
                0x0000000000800076                chrDCFOn_2
 .data.chrDCFOn_1
                0x000000000080007e        0x8 ./src/main.o
                0x000000000080007e                chrDCFOn_1
 *(.rodata)
 .rodata        0x0000000000800086        0xe ./src/DateTime.o
 *(.rodata*)
 .rodata.str1.1
                0x0000000000800094       0x4f ./src/DateTime.o
                                         0x5b (size before relaxing)
 .rodata._ZTV8DateTime
                0x00000000008000e3        0x8 ./src/DateTime.o
                0x00000000008000e3                vtable for DateTime
 .rodata._ZTV7DcfData
                0x00000000008000eb        0x8 ./src/DcfData.o
                0x00000000008000eb                vtable for DcfData
 .rodata._ZTV9LCDisplay
                0x00000000008000f3        0x8 ./src/LCDisplay.o
                0x00000000008000f3                vtable for LCDisplay
 .rodata.str1.1
                0x00000000008000fb        0x6 ./src/LcdMenu.o
 .rodata._ZTV7LcdMenu
                0x0000000000800101        0x8 ./src/LcdMenu.o
                0x0000000000800101                vtable for LcdMenu
 .rodata._ZTV9MenuEntry
                0x0000000000800109        0x8 ./src/MenuEntry.o
                0x0000000000800109                vtable for MenuEntry
 .rodata.str1.1
                0x0000000000000000        0x6 ./src/main.o
                                          0x2 (size before relaxing)
 .rodata.str1.1
                0x0000000000800111       0x8c ./src/system.o
 *(.gnu.linkonce.d*)
                0x000000000080019e                . = ALIGN (0x2)
 *fill*         0x000000000080019d        0x1 
                0x000000000080019e                _edata = .
                0x000000000080019e                PROVIDE (__data_end, .)

.bss            0x000000000080019e       0x6c
                0x000000000080019e                PROVIDE (__bss_start, .)
 *(.bss)
 *(.bss*)
 .bss._ZZNV8DateTime13GetDatestringEbE7sString
                0x000000000080019e       0x11 ./src/DateTime.o
 .bss._ZZNV8DateTime13GetTimestringEbE7sString
                0x00000000008001af       0x11 ./src/DateTime.o
 .bss.lmLCDMenu
                0x00000000008001c0        0x2 ./src/system.o
                0x00000000008001c0                lmLCDMenu
 .bss.meMenuEntries
                0x00000000008001c2        0xc ./src/system.o
                0x00000000008001c2                meMenuEntries
 .bss.nCurrentBitNumber
                0x00000000008001ce        0x1 ./src/system.o
                0x00000000008001ce                nCurrentBitNumber
 .bss.nLowLevelTicks
                0x00000000008001cf        0x1 ./src/system.o
                0x00000000008001cf                nLowLevelTicks
 .bss.nBitTime  0x00000000008001d0        0x8 ./src/system.o
                0x00000000008001d0                nBitTime
 .bss.nBitSequenceTime
                0x00000000008001d8        0x8 ./src/system.o
                0x00000000008001d8                nBitSequenceTime
 .bss.nFlags    0x00000000008001e0        0x2 ./src/system.o
                0x00000000008001e0                nFlags
 .bss.nClockOverflows
                0x00000000008001e2        0x1 ./src/system.o
                0x00000000008001e2                nClockOverflows
 .bss.nMenuSecondCounter
                0x00000000008001e3        0x1 ./src/system.o
                0x00000000008001e3                nMenuSecondCounter
 .bss.lcDisplay
                0x00000000008001e4        0x2 ./src/system.o
                0x00000000008001e4                lcDisplay
 .bss.dtDcfData
                0x00000000008001e6       0x10 ./src/system.o
                0x00000000008001e6                dtDcfData
 .bss.tmAlarmTime
                0x00000000008001f6        0x8 ./src/system.o
                0x00000000008001f6                tmAlarmTime
 .bss.dtCurrentDateTime
                0x00000000008001fe        0x8 ./src/system.o
                0x00000000008001fe                dtCurrentDateTime
 *(COMMON)
 COMMON         0x0000000000800206        0x4 /usr/lib/gcc/avr/4.9.1/../../../../avr/lib/avr5/libc.a(malloc.o)
                0x0000000000800206                __brkval
                0x0000000000800208                __flp
                0x000000000080020a                PROVIDE (__bss_end, .)
                0x0000000000002596                __data_load_start = LOADADDR (.data)
                0x00000000000026d4                __data_load_end = (__data_load_start + SIZEOF (.data))

.noinit         0x000000000080020a        0x0
                0x000000000080020a                PROVIDE (__noinit_start, .)
 *(.noinit*)
                0x000000000080020a                PROVIDE (__noinit_end, .)
                0x000000000080020a                _end = .
                0x000000000080020a                PROVIDE (__heap_start, .)

.eeprom         0x0000000000810000        0x0
 *(.eeprom*)
                0x0000000000810000                __eeprom_end = .

.fuse
 *(.fuse)
 *(.lfuse)
 *(.hfuse)
 *(.efuse)

.lock
 *(.lock*)

.signature
 *(.signature*)

.stab
 *(.stab)

.stabstr
 *(.stabstr)

.stab.excl
 *(.stab.excl)

.stab.exclstr
 *(.stab.exclstr)

.stab.index
 *(.stab.index)

.stab.indexstr
 *(.stab.indexstr)

.comment        0x0000000000000000       0x11
 *(.comment)
 .comment       0x0000000000000000       0x11 ./src/DateTime.o
                                         0x12 (size before relaxing)
 .comment       0x0000000000000000       0x12 ./src/DcfData.o
 .comment       0x0000000000000000       0x12 ./src/LCDisplay.o
 .comment       0x0000000000000000       0x12 ./src/LcdMenu.o
 .comment       0x0000000000000000       0x12 ./src/MenuEntry.o
 .comment       0x0000000000000000       0x12 ./src/helpers.o
 .comment       0x0000000000000000       0x12 ./src/main.o
 .comment       0x0000000000000000       0x12 ./src/system.o
 .comment       0x0000000000000000       0x12 /usr/lib/gcc/avr/4.9.1/../../../../avr/lib/avr5/libc.a(malloc.o)
 .comment       0x0000000000000000       0x12 /usr/lib/gcc/avr/4.9.1/../../../../avr/lib/avr5/libc.a(sprintf.o)
 .comment       0x0000000000000000       0x12 /usr/lib/gcc/avr/4.9.1/../../../../avr/lib/avr5/libc.a(vfprintf_std.o)
 .comment       0x0000000000000000       0x12 /usr/lib/gcc/avr/4.9.1/../../../../avr/lib/avr5/libc.a(fputc.o)

.note.gnu.build-id
 *(.note.gnu.build-id)

.debug
 *(.debug)

.line
 *(.line)

.debug_srcinfo
 *(.debug_srcinfo)

.debug_sfnames
 *(.debug_sfnames)

.debug_aranges
 *(.debug_aranges)

.debug_pubnames
 *(.debug_pubnames)

.debug_info     0x0000000000000000      0x4e6
 *(.debug_info .gnu.linkonce.wi.*)
 .debug_info    0x0000000000000000      0x4e6 /usr/lib/gcc/avr/4.9.1/../../../../avr/lib/avr5/crtm32.o

.debug_abbrev   0x0000000000000000      0x4a3
 *(.debug_abbrev)
 .debug_abbrev  0x0000000000000000      0x4a3 /usr/lib/gcc/avr/4.9.1/../../../../avr/lib/avr5/crtm32.o

.debug_line     0x0000000000000000       0x1d
 *(.debug_line .debug_line.* .debug_line_end)
 .debug_line    0x0000000000000000       0x1d /usr/lib/gcc/avr/4.9.1/../../../../avr/lib/avr5/crtm32.o

.debug_frame
 *(.debug_frame)

.debug_str      0x0000000000000000      0x196
 *(.debug_str)
 .debug_str     0x0000000000000000      0x196 /usr/lib/gcc/avr/4.9.1/../../../../avr/lib/avr5/crtm32.o

.debug_loc
 *(.debug_loc)

.debug_macinfo
 *(.debug_macinfo)

.debug_weaknames
 *(.debug_weaknames)

.debug_funcnames
 *(.debug_funcnames)

.debug_typenames
 *(.debug_typenames)

.debug_varnames
 *(.debug_varnames)

.debug_pubtypes
 *(.debug_pubtypes)

.debug_ranges
 *(.debug_ranges)

.debug_macro
 *(.debug_macro)
OUTPUT(DayLight.elf elf32-avr)
LOAD linker stubs

Cross Reference Table

Symbol                                            File
ButtonPressed(unsigned char volatile*, unsigned char) ./src/helpers.o
                                                  ./src/system.o
                                                  ./src/main.o
                                                  ./src/LcdMenu.o
DateTime::DateTime()                              ./src/DateTime.o
                                                  ./src/DcfData.o
DateTime::DateTime()                              ./src/DateTime.o
                                                  ./src/system.o
DateTime::DateTime(Time_t, Date_t)                ./src/DateTime.o
DateTime::DateTime(Time_t, Date_t)                ./src/DateTime.o
DateTime::GetDatestring(bool) volatile            ./src/DateTime.o
                                                  ./src/main.o
DateTime::GetDay() volatile                       ./src/DateTime.o
                                                  ./src/main.o
DateTime::GetDayOfWeek() volatile                 ./src/DateTime.o
                                                  ./src/main.o
DateTime::GetHour() volatile                      ./src/DateTime.o
                                                  ./src/system.o
                                                  ./src/main.o
DateTime::GetMinute() volatile                    ./src/DateTime.o
                                                  ./src/system.o
                                                  ./src/main.o
DateTime::GetMonth() volatile                     ./src/DateTime.o
                                                  ./src/main.o
DateTime::GetSecond() volatile                    ./src/DateTime.o
                                                  ./src/system.o
DateTime::GetTimeDifferenceInSecs(DateTime*) volatile ./src/DateTime.o
DateTime::GetTimestring(bool) volatile            ./src/DateTime.o
                                                  ./src/system.o
                                                  ./src/main.o
DateTime::GetYear() volatile                      ./src/DateTime.o
                                                  ./src/main.o
DateTime::Increase() volatile                     ./src/DateTime.o
                                                  ./src/system.o
DateTime::IsDateEqualTo(DateTime*, bool) volatile ./src/DateTime.o
DateTime::IsTimeEqualTo(DateTime*) volatile       ./src/DateTime.o
DateTime::SetDay(unsigned char) volatile          ./src/DateTime.o
                                                  ./src/main.o
DateTime::SetDayOfWeek(unsigned char) volatile    ./src/DateTime.o
                                                  ./src/main.o
DateTime::SetHour(unsigned char) volatile         ./src/DateTime.o
                                                  ./src/system.o
                                                  ./src/main.o
DateTime::SetMinute(unsigned char) volatile       ./src/DateTime.o
                                                  ./src/system.o
                                                  ./src/main.o
DateTime::SetMonth(unsigned char) volatile        ./src/DateTime.o
                                                  ./src/main.o
DateTime::SetSecond(unsigned char) volatile       ./src/DateTime.o
                                                  ./src/system.o
DateTime::SetYear(unsigned int) volatile          ./src/DateTime.o
                                                  ./src/main.o
DateTime::~DateTime()                             ./src/DateTime.o
                                                  ./src/DcfData.o
DateTime::~DateTime()                             ./src/DateTime.o
                                                  ./src/system.o
DateTime::~DateTime()                             ./src/DateTime.o
DcfData::AddBit(unsigned char, unsigned char) volatile ./src/DcfData.o
                                                  ./src/system.o
DcfData::CheckParity(unsigned long, unsigned char, bool) volatile ./src/DcfData.o
DcfData::DcfData()                                ./src/DcfData.o
DcfData::DcfData()                                ./src/DcfData.o
                                                  ./src/system.o
DcfData::EvaluateDateTime(bool) volatile          ./src/DcfData.o
                                                  ./src/system.o
DcfData::Reset() volatile                         ./src/DcfData.o
DcfData::~DcfData()                               ./src/DcfData.o
DcfData::~DcfData()                               ./src/DcfData.o
DcfData::~DcfData()                               ./src/DcfData.o
                                                  ./src/system.o
InitDayLightAlarm()                               ./src/system.o
                                                  ./src/main.o
InitFlags()                                       ./src/system.o
LCDisplay::ClearLCDisplay() volatile              ./src/LCDisplay.o
                                                  ./src/system.o
                                                  ./src/main.o
                                                  ./src/LcdMenu.o
LCDisplay::CurserPos(unsigned char, unsigned char) volatile ./src/LCDisplay.o
                                                  ./src/system.o
                                                  ./src/main.o
                                                  ./src/LcdMenu.o
LCDisplay::CursorBlink(bool) volatile             ./src/LCDisplay.o
                                                  ./src/system.o
LCDisplay::CursorHome() volatile                  ./src/LCDisplay.o
                                                  ./src/main.o
                                                  ./src/LcdMenu.o
LCDisplay::GenerateChar(unsigned char, unsigned char const*) volatile ./src/LCDisplay.o
                                                  ./src/main.o
LCDisplay::InitLCDisplay() volatile               ./src/LCDisplay.o
                                                  ./src/system.o
LCDisplay::LCDisplay(LcdHwConfig)                 ./src/LCDisplay.o
LCDisplay::LCDisplay(LcdHwConfig)                 ./src/LCDisplay.o
                                                  ./src/system.o
LCDisplay::LcdEnable() volatile                   ./src/LCDisplay.o
LCDisplay::LcdOut(unsigned char) volatile         ./src/LCDisplay.o
LCDisplay::SetDisplayLight(bool) volatile         ./src/LCDisplay.o
                                                  ./src/main.o
LCDisplay::ShowCursor(bool) volatile              ./src/LCDisplay.o
                                                  ./src/system.o
LCDisplay::WriteCommand(unsigned char) volatile   ./src/LCDisplay.o
LCDisplay::WriteData(unsigned char) volatile      ./src/LCDisplay.o
                                                  ./src/main.o
LCDisplay::WriteString(char const*) volatile      ./src/LCDisplay.o
                                                  ./src/system.o
                                                  ./src/main.o
                                                  ./src/LcdMenu.o
LCDisplay::~LCDisplay()                           ./src/LCDisplay.o
LCDisplay::~LCDisplay()                           ./src/LCDisplay.o
LCDisplay::~LCDisplay()                           ./src/LCDisplay.o
LcdMenu::GetLCDisplay()                           ./src/LcdMenu.o
LcdMenu::GetMenuEntry()                           ./src/LcdMenu.o
LcdMenu::LcdMenu()                                ./src/LcdMenu.o
LcdMenu::LcdMenu()                                ./src/LcdMenu.o
LcdMenu::LcdMenu(ButtonConfig_t, LCDisplay volatile*, MenuEntry*, unsigned char volatile*) ./src/LcdMenu.o
                                                  ./src/system.o
LcdMenu::LcdMenu(ButtonConfig_t, LCDisplay volatile*, MenuEntry*, unsigned char volatile*) ./src/LcdMenu.o
LcdMenu::RunMenu()                                ./src/LcdMenu.o
                                                  ./src/main.o
LcdMenu::SetButtonConfig(ButtonConfig_t)          ./src/LcdMenu.o
LcdMenu::SetLCDisplay(LCDisplay*)                 ./src/LcdMenu.o
LcdMenu::SetMenuEntry(MenuEntry*)                 ./src/LcdMenu.o
LcdMenu::~LcdMenu()                               ./src/LcdMenu.o
LcdMenu::~LcdMenu()                               ./src/LcdMenu.o
LcdMenu::~LcdMenu()                               ./src/LcdMenu.o
MenuEntry::GetMenuTitle() volatile                ./src/MenuEntry.o
                                                  ./src/LcdMenu.o
MenuEntry::GetNext() volatile                     ./src/MenuEntry.o
                                                  ./src/LcdMenu.o
MenuEntry::MenuEntry()                            ./src/MenuEntry.o
MenuEntry::MenuEntry()                            ./src/MenuEntry.o
MenuEntry::MenuEntry(char const*, void (*)(), MenuEntry*) ./src/MenuEntry.o
MenuEntry::MenuEntry(char const*, void (*)(), MenuEntry*) ./src/MenuEntry.o
                                                  ./src/system.o
MenuEntry::Run() volatile                         ./src/MenuEntry.o
                                                  ./src/LcdMenu.o
MenuEntry::SetFunction(void (*)()) volatile       ./src/MenuEntry.o
MenuEntry::SetMenuTitle(char const*) volatile     ./src/MenuEntry.o
MenuEntry::SetNext(MenuEntry*) volatile           ./src/MenuEntry.o
                                                  ./src/system.o
MenuEntry::~MenuEntry()                           ./src/MenuEntry.o
MenuEntry::~MenuEntry()                           ./src/MenuEntry.o
MenuEntry::~MenuEntry()                           ./src/MenuEntry.o
Menu_SetAlarm()                                   ./src/system.o
Menu_SetDate()                                    ./src/system.o
Menu_SetSnoozeTime()                              ./src/system.o
Menu_SetTime()                                    ./src/system.o
Menu_SwitchAlarm()                                ./src/system.o
Menu_SwitchDCF()                                  ./src/system.o
__adddi3_s8                                       /usr/lib/gcc/avr/4.9.1/avr5/libgcc.a(_adddi3_s8.o)
                                                  ./src/system.o
__ashldi3                                         /usr/lib/gcc/avr/4.9.1/avr5/libgcc.a(_ashldi3.o)
                                                  ./src/DcfData.o
__bad_interrupt                                   /usr/lib/gcc/avr/4.9.1/../../../../avr/lib/avr5/crtm32.o
__brkval                                          /usr/lib/gcc/avr/4.9.1/../../../../avr/lib/avr5/libc.a(malloc.o)
__bss_end                                         /usr/lib/gcc/avr/4.9.1/avr5/libgcc.a(_clear_bss.o)
__bss_start                                       /usr/lib/gcc/avr/4.9.1/avr5/libgcc.a(_clear_bss.o)
__ctors_end                                       /usr/lib/gcc/avr/4.9.1/avr5/libgcc.a(_ctors.o)
__ctors_start                                     /usr/lib/gcc/avr/4.9.1/avr5/libgcc.a(_ctors.o)
__data_end                                        /usr/lib/gcc/avr/4.9.1/avr5/libgcc.a(_copy_data.o)
__data_load_start                                 /usr/lib/gcc/avr/4.9.1/avr5/libgcc.a(_copy_data.o)
__data_start                                      /usr/lib/gcc/avr/4.9.1/avr5/libgcc.a(_copy_data.o)
__divmodhi4                                       /usr/lib/gcc/avr/4.9.1/avr5/libgcc.a(_divmodhi4.o)
                                                  ./src/DateTime.o
__do_clear_bss                                    /usr/lib/gcc/avr/4.9.1/avr5/libgcc.a(_clear_bss.o)
                                                  /usr/lib/gcc/avr/4.9.1/../../../../avr/lib/avr5/libc.a(malloc.o)
                                                  ./src/system.o
                                                  ./src/DateTime.o
__do_copy_data                                    /usr/lib/gcc/avr/4.9.1/avr5/libgcc.a(_copy_data.o)
                                                  /usr/lib/gcc/avr/4.9.1/../../../../avr/lib/avr5/libc.a(malloc.o)
                                                  ./src/system.o
                                                  ./src/main.o
                                                  ./src/MenuEntry.o
                                                  ./src/LcdMenu.o
                                                  ./src/LCDisplay.o
                                                  ./src/DcfData.o
                                                  ./src/DateTime.o
__do_global_ctors                                 /usr/lib/gcc/avr/4.9.1/avr5/libgcc.a(_ctors.o)
                                                  ./src/system.o
__do_global_dtors                                 /usr/lib/gcc/avr/4.9.1/avr5/libgcc.a(_dtors.o)
                                                  ./src/system.o
__dtors_end                                       /usr/lib/gcc/avr/4.9.1/avr5/libgcc.a(_dtors.o)
__dtors_start                                     /usr/lib/gcc/avr/4.9.1/avr5/libgcc.a(_dtors.o)
__eerd_block_m32                                  /usr/lib/gcc/avr/4.9.1/../../../../avr/lib/avr5/libc.a(eerd_block_atmega32.o)
                                                  ./src/system.o
__eerd_blraw_m32                                  /usr/lib/gcc/avr/4.9.1/../../../../avr/lib/avr5/libc.a(eerd_block_atmega32.o)
__eewr_block_m32                                  /usr/lib/gcc/avr/4.9.1/../../../../avr/lib/avr5/libc.a(eewr_block_atmega32.o)
                                                  ./src/system.o
__eewr_byte_m32                                   /usr/lib/gcc/avr/4.9.1/../../../../avr/lib/avr5/libc.a(eewr_byte_atmega32.o)
__eewr_r18_m32                                    /usr/lib/gcc/avr/4.9.1/../../../../avr/lib/avr5/libc.a(eewr_byte_atmega32.o)
                                                  /usr/lib/gcc/avr/4.9.1/../../../../avr/lib/avr5/libc.a(eewr_block_atmega32.o)
__epilogue_restores__                             /usr/lib/gcc/avr/4.9.1/avr5/libgcc.a(_epilogue.o)
                                                  /usr/lib/gcc/avr/4.9.1/../../../../avr/lib/avr5/libc.a(vfprintf_std.o)
                                                  /usr/lib/gcc/avr/4.9.1/../../../../avr/lib/avr5/libc.a(sprintf.o)
__flp                                             /usr/lib/gcc/avr/4.9.1/../../../../avr/lib/avr5/libc.a(malloc.o)
__heap_end                                        /usr/lib/gcc/avr/4.9.1/../../../../avr/lib/avr5/crtm32.o
                                                  /usr/lib/gcc/avr/4.9.1/../../../../avr/lib/avr5/libc.a(malloc.o)
__heap_start                                      /usr/lib/gcc/avr/4.9.1/../../../../avr/lib/avr5/libc.a(malloc.o)
__init                                            /usr/lib/gcc/avr/4.9.1/../../../../avr/lib/avr5/crtm32.o
__malloc_heap_end                                 /usr/lib/gcc/avr/4.9.1/../../../../avr/lib/avr5/libc.a(malloc.o)
__malloc_heap_start                               /usr/lib/gcc/avr/4.9.1/../../../../avr/lib/avr5/libc.a(malloc.o)
__malloc_margin                                   /usr/lib/gcc/avr/4.9.1/../../../../avr/lib/avr5/libc.a(malloc.o)
__prologue_saves__                                /usr/lib/gcc/avr/4.9.1/avr5/libgcc.a(_prologue.o)
                                                  /usr/lib/gcc/avr/4.9.1/../../../../avr/lib/avr5/libc.a(vfprintf_std.o)
                                                  /usr/lib/gcc/avr/4.9.1/../../../../avr/lib/avr5/libc.a(sprintf.o)
__stack                                           /usr/lib/gcc/avr/4.9.1/../../../../avr/lib/avr5/crtm32.o
__tablejump2__                                    /usr/lib/gcc/avr/4.9.1/avr5/libgcc.a(_tablejump.o)
                                                  ./src/DateTime.o
__tablejump__                                     /usr/lib/gcc/avr/4.9.1/avr5/libgcc.a(_tablejump.o)
                                                  /usr/lib/gcc/avr/4.9.1/avr5/libgcc.a(_dtors.o)
                                                  /usr/lib/gcc/avr/4.9.1/avr5/libgcc.a(_ctors.o)
__udivmodhi4                                      /usr/lib/gcc/avr/4.9.1/avr5/libgcc.a(_udivmodhi4.o)
                                                  /usr/lib/gcc/avr/4.9.1/avr5/libgcc.a(_divmodhi4.o)
__ultoa_invert                                    /usr/lib/gcc/avr/4.9.1/../../../../avr/lib/avr5/libc.a(ultoa_invert.o)
                                                  /usr/lib/gcc/avr/4.9.1/../../../../avr/lib/avr5/libc.a(vfprintf_std.o)
__vector_1                                        ./src/system.o
                                                  /usr/lib/gcc/avr/4.9.1/../../../../avr/lib/avr5/crtm32.o
__vector_10                                       /usr/lib/gcc/avr/4.9.1/../../../../avr/lib/avr5/crtm32.o
__vector_11                                       ./src/system.o
                                                  /usr/lib/gcc/avr/4.9.1/../../../../avr/lib/avr5/crtm32.o
__vector_12                                       /usr/lib/gcc/avr/4.9.1/../../../../avr/lib/avr5/crtm32.o
__vector_13                                       /usr/lib/gcc/avr/4.9.1/../../../../avr/lib/avr5/crtm32.o
__vector_14                                       /usr/lib/gcc/avr/4.9.1/../../../../avr/lib/avr5/crtm32.o
__vector_15                                       /usr/lib/gcc/avr/4.9.1/../../../../avr/lib/avr5/crtm32.o
__vector_16                                       /usr/lib/gcc/avr/4.9.1/../../../../avr/lib/avr5/crtm32.o
__vector_17                                       /usr/lib/gcc/avr/4.9.1/../../../../avr/lib/avr5/crtm32.o
__vector_18                                       /usr/lib/gcc/avr/4.9.1/../../../../avr/lib/avr5/crtm32.o
__vector_19                                       /usr/lib/gcc/avr/4.9.1/../../../../avr/lib/avr5/crtm32.o
__vector_2                                        /usr/lib/gcc/avr/4.9.1/../../../../avr/lib/avr5/crtm32.o
__vector_20                                       /usr/lib/gcc/avr/4.9.1/../../../../avr/lib/avr5/crtm32.o
__vector_3                                        /usr/lib/gcc/avr/4.9.1/../../../../avr/lib/avr5/crtm32.o
__vector_4                                        ./src/system.o
                                                  /usr/lib/gcc/avr/4.9.1/../../../../avr/lib/avr5/crtm32.o
__vector_5                                        /usr/lib/gcc/avr/4.9.1/../../../../avr/lib/avr5/crtm32.o
__vector_6                                        /usr/lib/gcc/avr/4.9.1/../../../../avr/lib/avr5/crtm32.o
__vector_7                                        /usr/lib/gcc/avr/4.9.1/../../../../avr/lib/avr5/crtm32.o
__vector_8                                        /usr/lib/gcc/avr/4.9.1/../../../../avr/lib/avr5/crtm32.o
__vector_9                                        /usr/lib/gcc/avr/4.9.1/../../../../avr/lib/avr5/crtm32.o
__vector_default                                  /usr/lib/gcc/avr/4.9.1/../../../../avr/lib/avr5/crtm32.o
__vectors                                         /usr/lib/gcc/avr/4.9.1/../../../../avr/lib/avr5/crtm32.o
_div                                              /usr/lib/gcc/avr/4.9.1/avr5/libgcc.a(_divmodhi4.o)
_exit                                             /usr/lib/gcc/avr/4.9.1/avr5/libgcc.a(_exit.o)
chrAlarmOn                                        ./src/main.o
chrDCFOff                                         ./src/main.o
chrDCFOn_1                                        ./src/main.o
chrDCFOn_2                                        ./src/main.o
dtCurrentDateTime                                 ./src/system.o
                                                  ./src/main.o
dtDcfData                                         ./src/system.o
                                                  ./src/main.o
exit                                              /usr/lib/gcc/avr/4.9.1/avr5/libgcc.a(_exit.o)
                                                  /usr/lib/gcc/avr/4.9.1/../../../../avr/lib/avr5/crtm32.o
fputc                                             /usr/lib/gcc/avr/4.9.1/../../../../avr/lib/avr5/libc.a(fputc.o)
                                                  /usr/lib/gcc/avr/4.9.1/../../../../avr/lib/avr5/libc.a(vfprintf_std.o)
free                                              /usr/lib/gcc/avr/4.9.1/../../../../avr/lib/avr5/libc.a(malloc.o)
                                                  ./src/helpers.o
lcDisplay                                         ./src/system.o
                                                  ./src/main.o
lmLCDMenu                                         ./src/system.o
                                                  ./src/main.o
main                                              ./src/main.o
                                                  /usr/lib/gcc/avr/4.9.1/../../../../avr/lib/avr5/crtm32.o
malloc                                            /usr/lib/gcc/avr/4.9.1/../../../../avr/lib/avr5/libc.a(malloc.o)
                                                  ./src/helpers.o
meMenuEntries                                     ./src/system.o
nBitSequenceTime                                  ./src/system.o
nBitTime                                          ./src/system.o
nClockOverflows                                   ./src/system.o
nCurrentBitNumber                                 ./src/system.o
nFlags                                            ./src/system.o
                                                  ./src/main.o
nLowLevelTicks                                    ./src/system.o
nMenuSecondCounter                                ./src/system.o
operator delete(void*)                            ./src/helpers.o
                                                  ./src/MenuEntry.o
                                                  ./src/LcdMenu.o
                                                  ./src/LCDisplay.o
                                                  ./src/DcfData.o
                                                  ./src/DateTime.o
operator new(unsigned int)                        ./src/helpers.o
                                                  ./src/system.o
sprintf                                           /usr/lib/gcc/avr/4.9.1/../../../../avr/lib/avr5/libc.a(sprintf.o)
                                                  ./src/system.o
                                                  ./src/DateTime.o
strnlen                                           /usr/lib/gcc/avr/4.9.1/../../../../avr/lib/avr5/libc.a(strnlen.o)
                                                  /usr/lib/gcc/avr/4.9.1/../../../../avr/lib/avr5/libc.a(vfprintf_std.o)
strnlen_P                                         /usr/lib/gcc/avr/4.9.1/../../../../avr/lib/avr5/libc.a(strnlen_P.o)
                                                  /usr/lib/gcc/avr/4.9.1/../../../../avr/lib/avr5/libc.a(vfprintf_std.o)
tmAlarmTime                                       ./src/system.o
vfprintf                                          /usr/lib/gcc/avr/4.9.1/../../../../avr/lib/avr5/libc.a(vfprintf_std.o)
                                                  /usr/lib/gcc/avr/4.9.1/../../../../avr/lib/avr5/libc.a(sprintf.o)
vtable for DateTime                               ./src/DateTime.o
vtable for DcfData                                ./src/DcfData.o
vtable for LCDisplay                              ./src/LCDisplay.o
vtable for LcdMenu                                ./src/LcdMenu.o
vtable for MenuEntry                              ./src/MenuEntry.o
