Archive member included because of file (symbol)

/usr/lib/gcc/avr/4.9.1/avr4/libgcc.a(_divmodhi4.o)
                              ./src/Date.o (__divmodhi4)
/usr/lib/gcc/avr/4.9.1/avr4/libgcc.a(_exit.o)
                              /usr/lib/gcc/avr/4.9.1/../../../../avr/lib/avr4/crtm8.o (exit)
/usr/lib/gcc/avr/4.9.1/avr4/libgcc.a(_copy_data.o)
                              ./src/Date.o (__do_copy_data)
/usr/lib/gcc/avr/4.9.1/avr4/libgcc.a(_clear_bss.o)
                              ./src/Date.o (__do_clear_bss)
/usr/lib/gcc/avr/4.9.1/avr4/libgcc.a(_ctors.o)
                              ./src/system.o (__do_global_ctors)
/usr/lib/gcc/avr/4.9.1/avr4/libgcc.a(_dtors.o)
                              ./src/system.o (__do_global_dtors)
/usr/lib/gcc/avr/4.9.1/avr4/libgcc.a(_udivmodhi4.o)
                              /usr/lib/gcc/avr/4.9.1/avr4/libgcc.a(_divmodhi4.o) (__udivmodhi4)
/usr/lib/gcc/avr/4.9.1/avr4/libgcc.a(_tablejump.o)
                              /usr/lib/gcc/avr/4.9.1/avr4/libgcc.a(_ctors.o) (__tablejump__)
/usr/lib/gcc/avr/4.9.1/../../../../avr/lib/avr4/libc.a(malloc.o)
                              ./src/system.o (malloc)
/usr/lib/gcc/avr/4.9.1/../../../../avr/lib/avr4/libc.a(sprintf.o)
                              ./src/Date.o (sprintf)
/usr/lib/gcc/avr/4.9.1/../../../../avr/lib/avr4/libc.a(vfprintf_std.o)
                              /usr/lib/gcc/avr/4.9.1/../../../../avr/lib/avr4/libc.a(sprintf.o) (vfprintf)
/usr/lib/gcc/avr/4.9.1/../../../../avr/lib/avr4/libc.a(strnlen_P.o)
                              /usr/lib/gcc/avr/4.9.1/../../../../avr/lib/avr4/libc.a(vfprintf_std.o) (strnlen_P)
/usr/lib/gcc/avr/4.9.1/../../../../avr/lib/avr4/libc.a(strnlen.o)
                              /usr/lib/gcc/avr/4.9.1/../../../../avr/lib/avr4/libc.a(vfprintf_std.o) (strnlen)
/usr/lib/gcc/avr/4.9.1/../../../../avr/lib/avr4/libc.a(fputc.o)
                              /usr/lib/gcc/avr/4.9.1/../../../../avr/lib/avr4/libc.a(vfprintf_std.o) (fputc)
/usr/lib/gcc/avr/4.9.1/../../../../avr/lib/avr4/libc.a(ultoa_invert.o)
                              /usr/lib/gcc/avr/4.9.1/../../../../avr/lib/avr4/libc.a(vfprintf_std.o) (__ultoa_invert)
/usr/lib/gcc/avr/4.9.1/avr4/libgcc.a(_prologue.o)
                              /usr/lib/gcc/avr/4.9.1/../../../../avr/lib/avr4/libc.a(sprintf.o) (__prologue_saves__)
/usr/lib/gcc/avr/4.9.1/avr4/libgcc.a(_epilogue.o)
                              /usr/lib/gcc/avr/4.9.1/../../../../avr/lib/avr4/libc.a(sprintf.o) (__epilogue_restores__)

Allocating common symbols
Common symbol       size              file

__brkval            0x2               /usr/lib/gcc/avr/4.9.1/../../../../avr/lib/avr4/libc.a(malloc.o)
__flp               0x2               /usr/lib/gcc/avr/4.9.1/../../../../avr/lib/avr4/libc.a(malloc.o)

Discarded input sections

 .bss           0x0000000000000000        0x0 /usr/lib/gcc/avr/4.9.1/../../../../avr/lib/avr4/crtm8.o
 .group         0x0000000000000000        0x8 ./src/Date.o
 .text          0x0000000000000000        0x0 ./src/Date.o
 .bss           0x0000000000000000        0x0 ./src/Date.o
 .text._ZN4DateC2E6Date_t
                0x0000000000000000       0x12 ./src/Date.o
 .text._ZN4Date12SetDayOfWeekEh
                0x0000000000000000        0xe ./src/Date.o
 .text._ZN4Date6SetDayEh
                0x0000000000000000       0x12 ./src/Date.o
 .text._ZN4Date8SetMonthEh
                0x0000000000000000        0xe ./src/Date.o
 .text._ZN4Date7SetYearEj
                0x0000000000000000       0x1e ./src/Date.o
 .text._ZN4Date12GetDayOfWeekEv
                0x0000000000000000        0x8 ./src/Date.o
 .text._ZN4Date6GetDayEv
                0x0000000000000000        0xc ./src/Date.o
 .text._ZN4Date8GetMonthEv
                0x0000000000000000        0x8 ./src/Date.o
 .text._ZN4Date7GetYearEv
                0x0000000000000000       0x18 ./src/Date.o
 .text._ZN4Date8IncreaseEv
                0x0000000000000000       0xf2 ./src/Date.o
 .progmem.gcc_sw_table._ZN4Date8IncreaseEv
                0x0000000000000000       0x18 ./src/Date.o
 .rodata.str1.1
                0x0000000000000000       0x23 ./src/Date.o
 .text._ZN4Date13GetDatestringEb
                0x0000000000000000       0xd6 ./src/Date.o
 .text._ZN4Date10bIsEqualToEPS_b
                0x0000000000000000       0x76 ./src/Date.o
 .bss._ZZN4Date13GetDatestringEbE7sString
                0x0000000000000000       0x11 ./src/Date.o
 .group         0x0000000000000000        0x8 ./src/Time.o
 .text          0x0000000000000000        0x0 ./src/Time.o
 .bss           0x0000000000000000        0x0 ./src/Time.o
 .text._ZN4TimeC2E6Time_t
                0x0000000000000000       0x12 ./src/Time.o
 .text._ZN4Time19GetDifferenceInSecsEPS_
                0x0000000000000000       0xce ./src/Time.o
 .text._ZN4Time9SetSecondEh
                0x0000000000000000       0x22 ./src/Time.o
 .text._ZN4Time9SetMinuteEh
                0x0000000000000000       0x24 ./src/Time.o
 .text._ZN4Time7SetHourEh
                0x0000000000000000        0xe ./src/Time.o
 .text._ZN4Time9GetSecondEv
                0x0000000000000000       0x18 ./src/Time.o
 .text._ZN4Time9GetMinuteEv
                0x0000000000000000       0x18 ./src/Time.o
 .text._ZN4Time7GetHourEv
                0x0000000000000000        0x8 ./src/Time.o
 .text._ZN4Time9IsEqualToEPS_
                0x0000000000000000       0x7a ./src/Time.o
 .text          0x0000000000000000        0x0 ./src/lcd-routines.o
 .bss           0x0000000000000000        0x0 ./src/lcd-routines.o
 .text._Z13lcd_setcursorhh
                0x0000000000000000       0x26 ./src/lcd-routines.o
 .text._Z16lcd_generatecharhPKh
                0x0000000000000000       0x50 ./src/lcd-routines.o
 .text          0x0000000000000000        0x0 ./src/main.o
 .bss           0x0000000000000000        0x0 ./src/main.o
 .text          0x0000000000000000        0x0 ./src/system.o
 .bss           0x0000000000000000        0x0 ./src/system.o
 .text._Znwj    0x0000000000000000        0x2 ./src/system.o
 .text._Z9InitFlagsv
                0x0000000000000000        0xe ./src/system.o
 .bss._ZL6oFlags
                0x0000000000000000        0x1 ./src/system.o
 .text          0x0000000000000000        0x0 /usr/lib/gcc/avr/4.9.1/avr4/libgcc.a(_divmodhi4.o)
 .bss           0x0000000000000000        0x0 /usr/lib/gcc/avr/4.9.1/avr4/libgcc.a(_divmodhi4.o)
 .text.libgcc.mul
                0x0000000000000000        0x0 /usr/lib/gcc/avr/4.9.1/avr4/libgcc.a(_divmodhi4.o)
 .text.libgcc.div
                0x0000000000000000       0x26 /usr/lib/gcc/avr/4.9.1/avr4/libgcc.a(_divmodhi4.o)
 .text.libgcc   0x0000000000000000        0x0 /usr/lib/gcc/avr/4.9.1/avr4/libgcc.a(_divmodhi4.o)
 .text.libgcc.prologue
                0x0000000000000000        0x0 /usr/lib/gcc/avr/4.9.1/avr4/libgcc.a(_divmodhi4.o)
 .text.libgcc.builtins
                0x0000000000000000        0x0 /usr/lib/gcc/avr/4.9.1/avr4/libgcc.a(_divmodhi4.o)
 .text.libgcc.fmul
                0x0000000000000000        0x0 /usr/lib/gcc/avr/4.9.1/avr4/libgcc.a(_divmodhi4.o)
 .text.libgcc.fixed
                0x0000000000000000        0x0 /usr/lib/gcc/avr/4.9.1/avr4/libgcc.a(_divmodhi4.o)
 .text          0x0000000000000000        0x0 /usr/lib/gcc/avr/4.9.1/avr4/libgcc.a(_exit.o)
 .bss           0x0000000000000000        0x0 /usr/lib/gcc/avr/4.9.1/avr4/libgcc.a(_exit.o)
 .text.libgcc.mul
                0x0000000000000000        0x0 /usr/lib/gcc/avr/4.9.1/avr4/libgcc.a(_exit.o)
 .text.libgcc.div
                0x0000000000000000        0x0 /usr/lib/gcc/avr/4.9.1/avr4/libgcc.a(_exit.o)
 .text.libgcc   0x0000000000000000        0x0 /usr/lib/gcc/avr/4.9.1/avr4/libgcc.a(_exit.o)
 .text.libgcc.prologue
                0x0000000000000000        0x0 /usr/lib/gcc/avr/4.9.1/avr4/libgcc.a(_exit.o)
 .text.libgcc.builtins
                0x0000000000000000        0x0 /usr/lib/gcc/avr/4.9.1/avr4/libgcc.a(_exit.o)
 .text.libgcc.fmul
                0x0000000000000000        0x0 /usr/lib/gcc/avr/4.9.1/avr4/libgcc.a(_exit.o)
 .text.libgcc.fixed
                0x0000000000000000        0x0 /usr/lib/gcc/avr/4.9.1/avr4/libgcc.a(_exit.o)
 .text          0x0000000000000000        0x0 /usr/lib/gcc/avr/4.9.1/avr4/libgcc.a(_copy_data.o)
 .bss           0x0000000000000000        0x0 /usr/lib/gcc/avr/4.9.1/avr4/libgcc.a(_copy_data.o)
 .text.libgcc.mul
                0x0000000000000000        0x0 /usr/lib/gcc/avr/4.9.1/avr4/libgcc.a(_copy_data.o)
 .text.libgcc.div
                0x0000000000000000        0x0 /usr/lib/gcc/avr/4.9.1/avr4/libgcc.a(_copy_data.o)
 .text.libgcc   0x0000000000000000        0x0 /usr/lib/gcc/avr/4.9.1/avr4/libgcc.a(_copy_data.o)
 .text.libgcc.prologue
                0x0000000000000000        0x0 /usr/lib/gcc/avr/4.9.1/avr4/libgcc.a(_copy_data.o)
 .text.libgcc.builtins
                0x0000000000000000        0x0 /usr/lib/gcc/avr/4.9.1/avr4/libgcc.a(_copy_data.o)
 .text.libgcc.fmul
                0x0000000000000000        0x0 /usr/lib/gcc/avr/4.9.1/avr4/libgcc.a(_copy_data.o)
 .text.libgcc.fixed
                0x0000000000000000        0x0 /usr/lib/gcc/avr/4.9.1/avr4/libgcc.a(_copy_data.o)
 .text          0x0000000000000000        0x0 /usr/lib/gcc/avr/4.9.1/avr4/libgcc.a(_clear_bss.o)
 .bss           0x0000000000000000        0x0 /usr/lib/gcc/avr/4.9.1/avr4/libgcc.a(_clear_bss.o)
 .text.libgcc.mul
                0x0000000000000000        0x0 /usr/lib/gcc/avr/4.9.1/avr4/libgcc.a(_clear_bss.o)
 .text.libgcc.div
                0x0000000000000000        0x0 /usr/lib/gcc/avr/4.9.1/avr4/libgcc.a(_clear_bss.o)
 .text.libgcc   0x0000000000000000        0x0 /usr/lib/gcc/avr/4.9.1/avr4/libgcc.a(_clear_bss.o)
 .text.libgcc.prologue
                0x0000000000000000        0x0 /usr/lib/gcc/avr/4.9.1/avr4/libgcc.a(_clear_bss.o)
 .text.libgcc.builtins
                0x0000000000000000        0x0 /usr/lib/gcc/avr/4.9.1/avr4/libgcc.a(_clear_bss.o)
 .text.libgcc.fmul
                0x0000000000000000        0x0 /usr/lib/gcc/avr/4.9.1/avr4/libgcc.a(_clear_bss.o)
 .text.libgcc.fixed
                0x0000000000000000        0x0 /usr/lib/gcc/avr/4.9.1/avr4/libgcc.a(_clear_bss.o)
 .text          0x0000000000000000        0x0 /usr/lib/gcc/avr/4.9.1/avr4/libgcc.a(_ctors.o)
 .bss           0x0000000000000000        0x0 /usr/lib/gcc/avr/4.9.1/avr4/libgcc.a(_ctors.o)
 .text.libgcc.mul
                0x0000000000000000        0x0 /usr/lib/gcc/avr/4.9.1/avr4/libgcc.a(_ctors.o)
 .text.libgcc.div
                0x0000000000000000        0x0 /usr/lib/gcc/avr/4.9.1/avr4/libgcc.a(_ctors.o)
 .text.libgcc   0x0000000000000000        0x0 /usr/lib/gcc/avr/4.9.1/avr4/libgcc.a(_ctors.o)
 .text.libgcc.prologue
                0x0000000000000000        0x0 /usr/lib/gcc/avr/4.9.1/avr4/libgcc.a(_ctors.o)
 .text.libgcc.builtins
                0x0000000000000000        0x0 /usr/lib/gcc/avr/4.9.1/avr4/libgcc.a(_ctors.o)
 .text.libgcc.fmul
                0x0000000000000000        0x0 /usr/lib/gcc/avr/4.9.1/avr4/libgcc.a(_ctors.o)
 .text.libgcc.fixed
                0x0000000000000000        0x0 /usr/lib/gcc/avr/4.9.1/avr4/libgcc.a(_ctors.o)
 .text          0x0000000000000000        0x0 /usr/lib/gcc/avr/4.9.1/avr4/libgcc.a(_dtors.o)
 .bss           0x0000000000000000        0x0 /usr/lib/gcc/avr/4.9.1/avr4/libgcc.a(_dtors.o)
 .text.libgcc.mul
                0x0000000000000000        0x0 /usr/lib/gcc/avr/4.9.1/avr4/libgcc.a(_dtors.o)
 .text.libgcc.div
                0x0000000000000000        0x0 /usr/lib/gcc/avr/4.9.1/avr4/libgcc.a(_dtors.o)
 .text.libgcc   0x0000000000000000        0x0 /usr/lib/gcc/avr/4.9.1/avr4/libgcc.a(_dtors.o)
 .text.libgcc.prologue
                0x0000000000000000        0x0 /usr/lib/gcc/avr/4.9.1/avr4/libgcc.a(_dtors.o)
 .text.libgcc.builtins
                0x0000000000000000        0x0 /usr/lib/gcc/avr/4.9.1/avr4/libgcc.a(_dtors.o)
 .text.libgcc.fmul
                0x0000000000000000        0x0 /usr/lib/gcc/avr/4.9.1/avr4/libgcc.a(_dtors.o)
 .text.libgcc.fixed
                0x0000000000000000        0x0 /usr/lib/gcc/avr/4.9.1/avr4/libgcc.a(_dtors.o)
 .text          0x0000000000000000        0x0 /usr/lib/gcc/avr/4.9.1/avr4/libgcc.a(_udivmodhi4.o)
 .bss           0x0000000000000000        0x0 /usr/lib/gcc/avr/4.9.1/avr4/libgcc.a(_udivmodhi4.o)
 .text.libgcc.mul
                0x0000000000000000        0x0 /usr/lib/gcc/avr/4.9.1/avr4/libgcc.a(_udivmodhi4.o)
 .text.libgcc.div
                0x0000000000000000       0x28 /usr/lib/gcc/avr/4.9.1/avr4/libgcc.a(_udivmodhi4.o)
 .text.libgcc   0x0000000000000000        0x0 /usr/lib/gcc/avr/4.9.1/avr4/libgcc.a(_udivmodhi4.o)
 .text.libgcc.prologue
                0x0000000000000000        0x0 /usr/lib/gcc/avr/4.9.1/avr4/libgcc.a(_udivmodhi4.o)
 .text.libgcc.builtins
                0x0000000000000000        0x0 /usr/lib/gcc/avr/4.9.1/avr4/libgcc.a(_udivmodhi4.o)
 .text.libgcc.fmul
                0x0000000000000000        0x0 /usr/lib/gcc/avr/4.9.1/avr4/libgcc.a(_udivmodhi4.o)
 .text.libgcc.fixed
                0x0000000000000000        0x0 /usr/lib/gcc/avr/4.9.1/avr4/libgcc.a(_udivmodhi4.o)
 .text          0x0000000000000000        0x0 /usr/lib/gcc/avr/4.9.1/avr4/libgcc.a(_tablejump.o)
 .bss           0x0000000000000000        0x0 /usr/lib/gcc/avr/4.9.1/avr4/libgcc.a(_tablejump.o)
 .text.libgcc.mul
                0x0000000000000000        0x0 /usr/lib/gcc/avr/4.9.1/avr4/libgcc.a(_tablejump.o)
 .text.libgcc.div
                0x0000000000000000        0x0 /usr/lib/gcc/avr/4.9.1/avr4/libgcc.a(_tablejump.o)
 .text.libgcc.prologue
                0x0000000000000000        0x0 /usr/lib/gcc/avr/4.9.1/avr4/libgcc.a(_tablejump.o)
 .text.libgcc.builtins
                0x0000000000000000        0x0 /usr/lib/gcc/avr/4.9.1/avr4/libgcc.a(_tablejump.o)
 .text.libgcc.fmul
                0x0000000000000000        0x0 /usr/lib/gcc/avr/4.9.1/avr4/libgcc.a(_tablejump.o)
 .text.libgcc.fixed
                0x0000000000000000        0x0 /usr/lib/gcc/avr/4.9.1/avr4/libgcc.a(_tablejump.o)
 .text          0x0000000000000000        0x0 /usr/lib/gcc/avr/4.9.1/../../../../avr/lib/avr4/libc.a(malloc.o)
 .bss           0x0000000000000000        0x0 /usr/lib/gcc/avr/4.9.1/../../../../avr/lib/avr4/libc.a(malloc.o)
 .text          0x0000000000000000        0x0 /usr/lib/gcc/avr/4.9.1/../../../../avr/lib/avr4/libc.a(sprintf.o)
 .bss           0x0000000000000000        0x0 /usr/lib/gcc/avr/4.9.1/../../../../avr/lib/avr4/libc.a(sprintf.o)
 .text          0x0000000000000000        0x0 /usr/lib/gcc/avr/4.9.1/../../../../avr/lib/avr4/libc.a(vfprintf_std.o)
 .bss           0x0000000000000000        0x0 /usr/lib/gcc/avr/4.9.1/../../../../avr/lib/avr4/libc.a(vfprintf_std.o)
 .text          0x0000000000000000        0x0 /usr/lib/gcc/avr/4.9.1/../../../../avr/lib/avr4/libc.a(strnlen_P.o)
 .bss           0x0000000000000000        0x0 /usr/lib/gcc/avr/4.9.1/../../../../avr/lib/avr4/libc.a(strnlen_P.o)
 .text          0x0000000000000000        0x0 /usr/lib/gcc/avr/4.9.1/../../../../avr/lib/avr4/libc.a(strnlen.o)
 .bss           0x0000000000000000        0x0 /usr/lib/gcc/avr/4.9.1/../../../../avr/lib/avr4/libc.a(strnlen.o)
 .text          0x0000000000000000        0x0 /usr/lib/gcc/avr/4.9.1/../../../../avr/lib/avr4/libc.a(fputc.o)
 .bss           0x0000000000000000        0x0 /usr/lib/gcc/avr/4.9.1/../../../../avr/lib/avr4/libc.a(fputc.o)
 .text          0x0000000000000000        0x0 /usr/lib/gcc/avr/4.9.1/../../../../avr/lib/avr4/libc.a(ultoa_invert.o)
 .bss           0x0000000000000000        0x0 /usr/lib/gcc/avr/4.9.1/../../../../avr/lib/avr4/libc.a(ultoa_invert.o)
 .text          0x0000000000000000        0x0 /usr/lib/gcc/avr/4.9.1/avr4/libgcc.a(_prologue.o)
 .bss           0x0000000000000000        0x0 /usr/lib/gcc/avr/4.9.1/avr4/libgcc.a(_prologue.o)
 .text.libgcc.mul
                0x0000000000000000        0x0 /usr/lib/gcc/avr/4.9.1/avr4/libgcc.a(_prologue.o)
 .text.libgcc.div
                0x0000000000000000        0x0 /usr/lib/gcc/avr/4.9.1/avr4/libgcc.a(_prologue.o)
 .text.libgcc   0x0000000000000000        0x0 /usr/lib/gcc/avr/4.9.1/avr4/libgcc.a(_prologue.o)
 .text.libgcc.builtins
                0x0000000000000000        0x0 /usr/lib/gcc/avr/4.9.1/avr4/libgcc.a(_prologue.o)
 .text.libgcc.fmul
                0x0000000000000000        0x0 /usr/lib/gcc/avr/4.9.1/avr4/libgcc.a(_prologue.o)
 .text.libgcc.fixed
                0x0000000000000000        0x0 /usr/lib/gcc/avr/4.9.1/avr4/libgcc.a(_prologue.o)
 .text          0x0000000000000000        0x0 /usr/lib/gcc/avr/4.9.1/avr4/libgcc.a(_epilogue.o)
 .bss           0x0000000000000000        0x0 /usr/lib/gcc/avr/4.9.1/avr4/libgcc.a(_epilogue.o)
 .text.libgcc.mul
                0x0000000000000000        0x0 /usr/lib/gcc/avr/4.9.1/avr4/libgcc.a(_epilogue.o)
 .text.libgcc.div
                0x0000000000000000        0x0 /usr/lib/gcc/avr/4.9.1/avr4/libgcc.a(_epilogue.o)
 .text.libgcc   0x0000000000000000        0x0 /usr/lib/gcc/avr/4.9.1/avr4/libgcc.a(_epilogue.o)
 .text.libgcc.builtins
                0x0000000000000000        0x0 /usr/lib/gcc/avr/4.9.1/avr4/libgcc.a(_epilogue.o)
 .text.libgcc.fmul
                0x0000000000000000        0x0 /usr/lib/gcc/avr/4.9.1/avr4/libgcc.a(_epilogue.o)
 .text.libgcc.fixed
                0x0000000000000000        0x0 /usr/lib/gcc/avr/4.9.1/avr4/libgcc.a(_epilogue.o)

Memory Configuration

Name             Origin             Length             Attributes
text             0x0000000000000000 0x0000000000002000 xr
data             0x0000000000800060 0x000000000000ffa0 rw !x
eeprom           0x0000000000810000 0x0000000000010000 rw !x
fuse             0x0000000000820000 0x0000000000000400 rw !x
lock             0x0000000000830000 0x0000000000000400 rw !x
signature        0x0000000000840000 0x0000000000000400 rw !x
*default*        0x0000000000000000 0xffffffffffffffff

Linker script and memory map

LOAD /usr/lib/gcc/avr/4.9.1/../../../../avr/lib/avr4/crtm8.o
LOAD ./src/Date.o
LOAD ./src/Time.o
LOAD ./src/lcd-routines.o
LOAD ./src/main.o
LOAD ./src/system.o
LOAD /usr/lib/gcc/avr/4.9.1/avr4/libgcc.a
LOAD /usr/lib/gcc/avr/4.9.1/../../../../avr/lib/avr4/libm.a
START GROUP
LOAD /usr/lib/gcc/avr/4.9.1/avr4/libgcc.a
LOAD /usr/lib/gcc/avr/4.9.1/../../../../avr/lib/avr4/libm.a
LOAD /usr/lib/gcc/avr/4.9.1/../../../../avr/lib/avr4/libc.a
END GROUP

.hash
 *(.hash)

.dynsym
 *(.dynsym)

.dynstr
 *(.dynstr)

.gnu.version
 *(.gnu.version)

.gnu.version_d
 *(.gnu.version_d)

.gnu.version_r
 *(.gnu.version_r)

.rel.init
 *(.rel.init)

.rela.init
 *(.rela.init)

.rel.text
 *(.rel.text)
 *(.rel.text.*)
 *(.rel.gnu.linkonce.t*)

.rela.text
 *(.rela.text)
 *(.rela.text.*)
 *(.rela.gnu.linkonce.t*)

.rel.fini
 *(.rel.fini)

.rela.fini
 *(.rela.fini)

.rel.rodata
 *(.rel.rodata)
 *(.rel.rodata.*)
 *(.rel.gnu.linkonce.r*)

.rela.rodata
 *(.rela.rodata)
 *(.rela.rodata.*)
 *(.rela.gnu.linkonce.r*)

.rel.data
 *(.rel.data)
 *(.rel.data.*)
 *(.rel.gnu.linkonce.d*)

.rela.data
 *(.rela.data)
 *(.rela.data.*)
 *(.rela.gnu.linkonce.d*)

.rel.ctors
 *(.rel.ctors)

.rela.ctors
 *(.rela.ctors)

.rel.dtors
 *(.rel.dtors)

.rela.dtors
 *(.rela.dtors)

.rel.got
 *(.rel.got)

.rela.got
 *(.rela.got)

.rel.bss
 *(.rel.bss)

.rela.bss
 *(.rela.bss)

.rel.plt
 *(.rel.plt)

.rela.plt
 *(.rela.plt)

.text           0x0000000000000000      0xbec
 *(.vectors)
 .vectors       0x0000000000000000       0x26 /usr/lib/gcc/avr/4.9.1/../../../../avr/lib/avr4/crtm8.o
                0x0000000000000000                __vectors
                0x0000000000000000                __vector_default
 *(.vectors)
 *(.progmem.gcc*)
                0x0000000000000026                . = ALIGN (0x2)
                0x0000000000000026                __trampolines_start = .
 *(.trampolines)
 .trampolines   0x0000000000000026        0x0 linker stubs
 *(.trampolines*)
                0x0000000000000026                __trampolines_end = .
 *(.progmem*)
                0x0000000000000026                . = ALIGN (0x2)
 *(.jumptables)
 *(.jumptables*)
 *(.lowtext)
 *(.lowtext*)
                0x0000000000000026                __ctors_start = .
 *(.ctors)
 .ctors         0x0000000000000026        0x2 ./src/system.o
                0x0000000000000028                __ctors_end = .
                0x0000000000000028                __dtors_start = .
 *(.dtors)
 .dtors         0x0000000000000028        0x2 ./src/system.o
                0x000000000000002a                __dtors_end = .
 SORT(*)(.ctors)
 SORT(*)(.dtors)
 *(.init0)
 .init0         0x000000000000002a        0x0 /usr/lib/gcc/avr/4.9.1/../../../../avr/lib/avr4/crtm8.o
                0x000000000000002a                __init
 *(.init0)
 *(.init1)
 *(.init1)
 *(.init2)
 .init2         0x000000000000002a        0xc /usr/lib/gcc/avr/4.9.1/../../../../avr/lib/avr4/crtm8.o
 *(.init2)
 *(.init3)
 *(.init3)
 *(.init4)
 .init4         0x0000000000000036       0x16 /usr/lib/gcc/avr/4.9.1/avr4/libgcc.a(_copy_data.o)
                0x0000000000000036                __do_copy_data
 .init4         0x000000000000004c       0x10 /usr/lib/gcc/avr/4.9.1/avr4/libgcc.a(_clear_bss.o)
                0x000000000000004c                __do_clear_bss
 *(.init4)
 *(.init5)
 *(.init5)
 *(.init6)
 .init6         0x000000000000005c       0x14 /usr/lib/gcc/avr/4.9.1/avr4/libgcc.a(_ctors.o)
                0x000000000000005c                __do_global_ctors
 *(.init6)
 *(.init7)
 *(.init7)
 *(.init8)
 *(.init8)
 *(.init9)
 .init9         0x0000000000000070        0x4 /usr/lib/gcc/avr/4.9.1/../../../../avr/lib/avr4/crtm8.o
 *(.init9)
 *(.text)
 .text          0x0000000000000074        0x2 /usr/lib/gcc/avr/4.9.1/../../../../avr/lib/avr4/crtm8.o
                0x0000000000000074                __vector_1
                0x0000000000000074                __vector_12
                0x0000000000000074                __bad_interrupt
                0x0000000000000074                __vector_6
                0x0000000000000074                __vector_3
                0x0000000000000074                __vector_11
                0x0000000000000074                __vector_13
                0x0000000000000074                __vector_17
                0x0000000000000074                __vector_7
                0x0000000000000074                __vector_5
                0x0000000000000074                __vector_4
                0x0000000000000074                __vector_2
                0x0000000000000074                __vector_15
                0x0000000000000074                __vector_8
                0x0000000000000074                __vector_14
                0x0000000000000074                __vector_10
                0x0000000000000074                __vector_16
                0x0000000000000074                __vector_18
                0x0000000000000076                . = ALIGN (0x2)
 *(.text.*)
 .text._ZN4DateD2Ev
                0x0000000000000076        0x2 ./src/Date.o
                0x0000000000000076                Date::~Date()
                0x0000000000000076                Date::~Date()
 .text._ZN4DateD0Ev
                0x0000000000000078        0x2 ./src/Date.o
                0x0000000000000078                Date::~Date()
 .text._ZN4DateC2Ev
                0x000000000000007a       0x18 ./src/Date.o
                0x000000000000007a                Date::Date()
                0x000000000000007a                Date::Date()
 .text._ZN4TimeD2Ev
                0x0000000000000092        0x2 ./src/Time.o
                0x0000000000000092                Time::~Time()
                0x0000000000000092                Time::~Time()
 .text._ZN4TimeD0Ev
                0x0000000000000094        0x2 ./src/Time.o
                0x0000000000000094                Time::~Time()
 .text._ZN4TimeC2Ev
                0x0000000000000096       0x16 ./src/Time.o
                0x0000000000000096                Time::Time()
                0x0000000000000096                Time::Time()
 .text._ZN4Time8IncreaseEv
                0x00000000000000ac       0x8c ./src/Time.o
                0x00000000000000ac                Time::Increase()
 .text._ZN4Time13GetTimestringEb
                0x0000000000000138       0xc4 ./src/Time.o
                0x0000000000000138                Time::GetTimestring(bool)
 .text._ZL10lcd_enablev
                0x00000000000001fc        0xc ./src/lcd-routines.o
 .text._ZL7lcd_outh
                0x0000000000000208       0x12 ./src/lcd-routines.o
 .text._Z8lcd_datah
                0x000000000000021a       0x1c ./src/lcd-routines.o
                0x000000000000021a                lcd_data(unsigned char)
 .text._Z11lcd_commandh
                0x0000000000000236       0x1a ./src/lcd-routines.o
                0x0000000000000236                lcd_command(unsigned char)
 .text._Z9lcd_clearv
                0x0000000000000250        0xe ./src/lcd-routines.o
                0x0000000000000250                lcd_clear()
 .text._Z8lcd_initv
                0x000000000000025e       0x5c ./src/lcd-routines.o
                0x000000000000025e                lcd_init()
 .text._Z8lcd_homev
                0x00000000000002ba        0xe ./src/lcd-routines.o
                0x00000000000002ba                lcd_home()
 .text._Z10lcd_stringPKc
                0x00000000000002c8       0x16 ./src/lcd-routines.o
                0x00000000000002c8                lcd_string(char const*)
 .text.startup.main
                0x00000000000002de       0x4c ./src/main.o
                0x00000000000002de                main
 .text._ZdlPv   0x000000000000032a        0x2 ./src/system.o
                0x000000000000032a                operator delete(void*)
 .text._Z17InitDayLightAlarmv
                0x000000000000032c       0x66 ./src/system.o
                0x000000000000032c                InitDayLightAlarm()
 .text.__vector_9
                0x0000000000000392       0x2c ./src/system.o
                0x0000000000000392                __vector_9
 .text.startup._GLOBAL__sub_I_tmCurrentTime
                0x00000000000003be       0x12 ./src/system.o
 .text.exit._GLOBAL__sub_D_tmCurrentTime
                0x00000000000003d0       0x12 ./src/system.o
 .text.libgcc   0x00000000000003e2        0xc /usr/lib/gcc/avr/4.9.1/avr4/libgcc.a(_tablejump.o)
                0x00000000000003e2                __tablejump2__
                0x00000000000003e6                __tablejump__
 .text.avr-libc
                0x00000000000003ee      0x25a /usr/lib/gcc/avr/4.9.1/../../../../avr/lib/avr4/libc.a(malloc.o)
                0x00000000000003ee                malloc
                0x0000000000000518                free
 .text.avr-libc
                0x0000000000000648       0x40 /usr/lib/gcc/avr/4.9.1/../../../../avr/lib/avr4/libc.a(sprintf.o)
                0x0000000000000648                sprintf
 .text.avr-libc
                0x0000000000000688      0x386 /usr/lib/gcc/avr/4.9.1/../../../../avr/lib/avr4/libc.a(vfprintf_std.o)
                0x0000000000000688                vfprintf
 .text.avr-libc
                0x0000000000000a0e       0x16 /usr/lib/gcc/avr/4.9.1/../../../../avr/lib/avr4/libc.a(strnlen_P.o)
                0x0000000000000a0e                strnlen_P
 .text.avr-libc
                0x0000000000000a24       0x16 /usr/lib/gcc/avr/4.9.1/../../../../avr/lib/avr4/libc.a(strnlen.o)
                0x0000000000000a24                strnlen
 .text.avr-libc
                0x0000000000000a3a       0x70 /usr/lib/gcc/avr/4.9.1/../../../../avr/lib/avr4/libc.a(fputc.o)
                0x0000000000000a3a                fputc
 .text.avr-libc
                0x0000000000000aaa       0xbc /usr/lib/gcc/avr/4.9.1/../../../../avr/lib/avr4/libc.a(ultoa_invert.o)
                0x0000000000000aaa                __ultoa_invert
 .text.libgcc.prologue
                0x0000000000000b66       0x38 /usr/lib/gcc/avr/4.9.1/avr4/libgcc.a(_prologue.o)
                0x0000000000000b66                __prologue_saves__
 .text.libgcc.prologue
                0x0000000000000b9e       0x36 /usr/lib/gcc/avr/4.9.1/avr4/libgcc.a(_epilogue.o)
                0x0000000000000b9e                __epilogue_restores__
                0x0000000000000bd4                . = ALIGN (0x2)
 *(.fini9)
 .fini9         0x0000000000000bd4        0x0 /usr/lib/gcc/avr/4.9.1/avr4/libgcc.a(_exit.o)
                0x0000000000000bd4                exit
                0x0000000000000bd4                _exit
 *(.fini9)
 *(.fini8)
 *(.fini8)
 *(.fini7)
 *(.fini7)
 *(.fini6)
 .fini6         0x0000000000000bd4       0x14 /usr/lib/gcc/avr/4.9.1/avr4/libgcc.a(_dtors.o)
                0x0000000000000bd4                __do_global_dtors
 *(.fini6)
 *(.fini5)
 *(.fini5)
 *(.fini4)
 *(.fini4)
 *(.fini3)
 *(.fini3)
 *(.fini2)
 *(.fini2)
 *(.fini1)
 *(.fini1)
 *(.fini0)
 .fini0         0x0000000000000be8        0x4 /usr/lib/gcc/avr/4.9.1/avr4/libgcc.a(_exit.o)
 *(.fini0)
                0x0000000000000bec                _etext = .

.data           0x0000000000800060       0x26 load address 0x0000000000000bec
                0x0000000000800060                PROVIDE (__data_start, .)
 *(.data)
 .data          0x0000000000800060        0x0 /usr/lib/gcc/avr/4.9.1/../../../../avr/lib/avr4/crtm8.o
 .data          0x0000000000800060        0x0 ./src/Date.o
 .data          0x0000000000800060        0x0 ./src/Time.o
 .data          0x0000000000800060        0x0 ./src/lcd-routines.o
 .data          0x0000000000800060        0x0 ./src/main.o
 .data          0x0000000000800060        0x0 ./src/system.o
 .data          0x0000000000800060        0x0 /usr/lib/gcc/avr/4.9.1/avr4/libgcc.a(_divmodhi4.o)
 .data          0x0000000000800060        0x0 /usr/lib/gcc/avr/4.9.1/avr4/libgcc.a(_exit.o)
 .data          0x0000000000800060        0x0 /usr/lib/gcc/avr/4.9.1/avr4/libgcc.a(_copy_data.o)
 .data          0x0000000000800060        0x0 /usr/lib/gcc/avr/4.9.1/avr4/libgcc.a(_clear_bss.o)
 .data          0x0000000000800060        0x0 /usr/lib/gcc/avr/4.9.1/avr4/libgcc.a(_ctors.o)
 .data          0x0000000000800060        0x0 /usr/lib/gcc/avr/4.9.1/avr4/libgcc.a(_dtors.o)
 .data          0x0000000000800060        0x0 /usr/lib/gcc/avr/4.9.1/avr4/libgcc.a(_udivmodhi4.o)
 .data          0x0000000000800060        0x0 /usr/lib/gcc/avr/4.9.1/avr4/libgcc.a(_tablejump.o)
 .data          0x0000000000800060        0x6 /usr/lib/gcc/avr/4.9.1/../../../../avr/lib/avr4/libc.a(malloc.o)
                0x0000000000800060                __malloc_heap_end
                0x0000000000800062                __malloc_heap_start
                0x0000000000800064                __malloc_margin
 .data          0x0000000000800066        0x0 /usr/lib/gcc/avr/4.9.1/../../../../avr/lib/avr4/libc.a(sprintf.o)
 .data          0x0000000000800066        0x0 /usr/lib/gcc/avr/4.9.1/../../../../avr/lib/avr4/libc.a(vfprintf_std.o)
 .data          0x0000000000800066        0x0 /usr/lib/gcc/avr/4.9.1/../../../../avr/lib/avr4/libc.a(strnlen_P.o)
 .data          0x0000000000800066        0x0 /usr/lib/gcc/avr/4.9.1/../../../../avr/lib/avr4/libc.a(strnlen.o)
 .data          0x0000000000800066        0x0 /usr/lib/gcc/avr/4.9.1/../../../../avr/lib/avr4/libc.a(fputc.o)
 .data          0x0000000000800066        0x0 /usr/lib/gcc/avr/4.9.1/../../../../avr/lib/avr4/libc.a(ultoa_invert.o)
 .data          0x0000000000800066        0x0 /usr/lib/gcc/avr/4.9.1/avr4/libgcc.a(_prologue.o)
 .data          0x0000000000800066        0x0 /usr/lib/gcc/avr/4.9.1/avr4/libgcc.a(_epilogue.o)
 *(.data*)
 *(.rodata)
 *(.rodata*)
 .rodata._ZTV4Date
                0x0000000000800066        0x8 ./src/Date.o
                0x0000000000800066                vtable for Date
 .rodata.str1.1
                0x000000000080006e        0xf ./src/Time.o
                                         0x19 (size before relaxing)
 .rodata._ZTV4Time
                0x000000000080007d        0x8 ./src/Time.o
                0x000000000080007d                vtable for Time
 *(.gnu.linkonce.d*)
                0x0000000000800086                . = ALIGN (0x2)
 *fill*         0x0000000000800085        0x1 
                0x0000000000800086                _edata = .
                0x0000000000800086                PROVIDE (__data_end, .)

.bss            0x0000000000800086       0x26
                0x0000000000800086                PROVIDE (__bss_start, .)
 *(.bss)
 *(.bss*)
 .bss._ZZN4Time13GetTimestringEbE7sString
                0x0000000000800086       0x11 ./src/Time.o
 .bss._ZL6oFlags
                0x0000000000800097        0x1 ./src/main.o
 .bss.nClockOverflows
                0x0000000000800098        0x1 ./src/system.o
                0x0000000000800098                nClockOverflows
 .bss.dtCurrentDate
                0x0000000000800099        0x5 ./src/system.o
                0x0000000000800099                dtCurrentDate
 .bss.tmAlarmTime
                0x000000000080009e        0x5 ./src/system.o
                0x000000000080009e                tmAlarmTime
 .bss.tmCurrentTime
                0x00000000008000a3        0x5 ./src/system.o
                0x00000000008000a3                tmCurrentTime
 *(COMMON)
 COMMON         0x00000000008000a8        0x4 /usr/lib/gcc/avr/4.9.1/../../../../avr/lib/avr4/libc.a(malloc.o)
                0x00000000008000a8                __brkval
                0x00000000008000aa                __flp
                0x00000000008000ac                PROVIDE (__bss_end, .)
                0x0000000000000bec                __data_load_start = LOADADDR (.data)
                0x0000000000000c12                __data_load_end = (__data_load_start + SIZEOF (.data))

.noinit         0x00000000008000ac        0x0
                0x00000000008000ac                PROVIDE (__noinit_start, .)
 *(.noinit*)
                0x00000000008000ac                PROVIDE (__noinit_end, .)
                0x00000000008000ac                _end = .
                0x00000000008000ac                PROVIDE (__heap_start, .)

.eeprom         0x0000000000810000        0x0
 *(.eeprom*)
                0x0000000000810000                __eeprom_end = .

.fuse
 *(.fuse)
 *(.lfuse)
 *(.hfuse)
 *(.efuse)

.lock
 *(.lock*)

.signature
 *(.signature*)

.stab
 *(.stab)

.stabstr
 *(.stabstr)

.stab.excl
 *(.stab.excl)

.stab.exclstr
 *(.stab.exclstr)

.stab.index
 *(.stab.index)

.stab.indexstr
 *(.stab.indexstr)

.comment        0x0000000000000000       0x11
 *(.comment)
 .comment       0x0000000000000000       0x11 ./src/Date.o
                                         0x12 (size before relaxing)
 .comment       0x0000000000000000       0x12 ./src/Time.o
 .comment       0x0000000000000000       0x12 ./src/lcd-routines.o
 .comment       0x0000000000000000       0x12 ./src/main.o
 .comment       0x0000000000000000       0x12 ./src/system.o
 .comment       0x0000000000000000       0x12 /usr/lib/gcc/avr/4.9.1/../../../../avr/lib/avr4/libc.a(malloc.o)
 .comment       0x0000000000000000       0x12 /usr/lib/gcc/avr/4.9.1/../../../../avr/lib/avr4/libc.a(sprintf.o)
 .comment       0x0000000000000000       0x12 /usr/lib/gcc/avr/4.9.1/../../../../avr/lib/avr4/libc.a(vfprintf_std.o)
 .comment       0x0000000000000000       0x12 /usr/lib/gcc/avr/4.9.1/../../../../avr/lib/avr4/libc.a(fputc.o)

.note.gnu.build-id
 *(.note.gnu.build-id)

.debug
 *(.debug)

.line
 *(.line)

.debug_srcinfo
 *(.debug_srcinfo)

.debug_sfnames
 *(.debug_sfnames)

.debug_aranges
 *(.debug_aranges)

.debug_pubnames
 *(.debug_pubnames)

.debug_info     0x0000000000000000      0x48c
 *(.debug_info .gnu.linkonce.wi.*)
 .debug_info    0x0000000000000000      0x48c /usr/lib/gcc/avr/4.9.1/../../../../avr/lib/avr4/crtm8.o

.debug_abbrev   0x0000000000000000      0x44e
 *(.debug_abbrev)
 .debug_abbrev  0x0000000000000000      0x44e /usr/lib/gcc/avr/4.9.1/../../../../avr/lib/avr4/crtm8.o

.debug_line     0x0000000000000000       0x1d
 *(.debug_line .debug_line.* .debug_line_end)
 .debug_line    0x0000000000000000       0x1d /usr/lib/gcc/avr/4.9.1/../../../../avr/lib/avr4/crtm8.o

.debug_frame
 *(.debug_frame)

.debug_str      0x0000000000000000      0x17a
 *(.debug_str)
 .debug_str     0x0000000000000000      0x17a /usr/lib/gcc/avr/4.9.1/../../../../avr/lib/avr4/crtm8.o

.debug_loc
 *(.debug_loc)

.debug_macinfo
 *(.debug_macinfo)

.debug_weaknames
 *(.debug_weaknames)

.debug_funcnames
 *(.debug_funcnames)

.debug_typenames
 *(.debug_typenames)

.debug_varnames
 *(.debug_varnames)

.debug_pubtypes
 *(.debug_pubtypes)

.debug_ranges
 *(.debug_ranges)

.debug_macro
 *(.debug_macro)
OUTPUT(DayLight.elf elf32-avr)
LOAD linker stubs

Cross Reference Table

Symbol                                            File
Date::Date()                                      ./src/Date.o
                                                  ./src/system.o
Date::Date()                                      ./src/Date.o
Date::Date(Date_t)                                ./src/Date.o
Date::Date(Date_t)                                ./src/Date.o
Date::GetDatestring(bool)                         ./src/Date.o
Date::GetDay()                                    ./src/Date.o
Date::GetDayOfWeek()                              ./src/Date.o
Date::GetMonth()                                  ./src/Date.o
Date::GetYear()                                   ./src/Date.o
Date::Increase()                                  ./src/Date.o
Date::SetDay(unsigned char)                       ./src/Date.o
Date::SetDayOfWeek(unsigned char)                 ./src/Date.o
Date::SetMonth(unsigned char)                     ./src/Date.o
Date::SetYear(unsigned int)                       ./src/Date.o
Date::bIsEqualTo(Date*, bool)                     ./src/Date.o
Date::sDays                                       ./src/Date.o
Date::~Date()                                     ./src/Date.o
Date::~Date()                                     ./src/Date.o
Date::~Date()                                     ./src/Date.o
                                                  ./src/system.o
InitDayLightAlarm()                               ./src/system.o
                                                  ./src/main.o
InitFlags()                                       ./src/system.o
Time::GetDifferenceInSecs(Time*)                  ./src/Time.o
Time::GetHour()                                   ./src/Time.o
Time::GetMinute()                                 ./src/Time.o
Time::GetSecond()                                 ./src/Time.o
Time::GetTimestring(bool)                         ./src/Time.o
                                                  ./src/main.o
Time::Increase()                                  ./src/Time.o
                                                  ./src/main.o
Time::IsEqualTo(Time*)                            ./src/Time.o
Time::SetHour(unsigned char)                      ./src/Time.o
Time::SetMinute(unsigned char)                    ./src/Time.o
Time::SetSecond(unsigned char)                    ./src/Time.o
Time::Time()                                      ./src/Time.o
Time::Time()                                      ./src/Time.o
                                                  ./src/system.o
                                                  ./src/main.o
Time::Time(Time_t)                                ./src/Time.o
Time::Time(Time_t)                                ./src/Time.o
Time::~Time()                                     ./src/Time.o
Time::~Time()                                     ./src/Time.o
                                                  ./src/system.o
Time::~Time()                                     ./src/Time.o
__bad_interrupt                                   /usr/lib/gcc/avr/4.9.1/../../../../avr/lib/avr4/crtm8.o
__brkval                                          /usr/lib/gcc/avr/4.9.1/../../../../avr/lib/avr4/libc.a(malloc.o)
__bss_end                                         /usr/lib/gcc/avr/4.9.1/avr4/libgcc.a(_clear_bss.o)
__bss_start                                       /usr/lib/gcc/avr/4.9.1/avr4/libgcc.a(_clear_bss.o)
__ctors_end                                       /usr/lib/gcc/avr/4.9.1/avr4/libgcc.a(_ctors.o)
__ctors_start                                     /usr/lib/gcc/avr/4.9.1/avr4/libgcc.a(_ctors.o)
__data_end                                        /usr/lib/gcc/avr/4.9.1/avr4/libgcc.a(_copy_data.o)
__data_load_start                                 /usr/lib/gcc/avr/4.9.1/avr4/libgcc.a(_copy_data.o)
__data_start                                      /usr/lib/gcc/avr/4.9.1/avr4/libgcc.a(_copy_data.o)
__divmodhi4                                       /usr/lib/gcc/avr/4.9.1/avr4/libgcc.a(_divmodhi4.o)
                                                  ./src/Date.o
__do_clear_bss                                    /usr/lib/gcc/avr/4.9.1/avr4/libgcc.a(_clear_bss.o)
                                                  /usr/lib/gcc/avr/4.9.1/../../../../avr/lib/avr4/libc.a(malloc.o)
                                                  ./src/system.o
                                                  ./src/main.o
                                                  ./src/Time.o
                                                  ./src/Date.o
__do_copy_data                                    /usr/lib/gcc/avr/4.9.1/avr4/libgcc.a(_copy_data.o)
                                                  /usr/lib/gcc/avr/4.9.1/../../../../avr/lib/avr4/libc.a(malloc.o)
                                                  ./src/Time.o
                                                  ./src/Date.o
__do_global_ctors                                 /usr/lib/gcc/avr/4.9.1/avr4/libgcc.a(_ctors.o)
                                                  ./src/system.o
__do_global_dtors                                 /usr/lib/gcc/avr/4.9.1/avr4/libgcc.a(_dtors.o)
                                                  ./src/system.o
__dtors_end                                       /usr/lib/gcc/avr/4.9.1/avr4/libgcc.a(_dtors.o)
__dtors_start                                     /usr/lib/gcc/avr/4.9.1/avr4/libgcc.a(_dtors.o)
__epilogue_restores__                             /usr/lib/gcc/avr/4.9.1/avr4/libgcc.a(_epilogue.o)
                                                  /usr/lib/gcc/avr/4.9.1/../../../../avr/lib/avr4/libc.a(vfprintf_std.o)
                                                  /usr/lib/gcc/avr/4.9.1/../../../../avr/lib/avr4/libc.a(sprintf.o)
__flp                                             /usr/lib/gcc/avr/4.9.1/../../../../avr/lib/avr4/libc.a(malloc.o)
__heap_end                                        /usr/lib/gcc/avr/4.9.1/../../../../avr/lib/avr4/crtm8.o
                                                  /usr/lib/gcc/avr/4.9.1/../../../../avr/lib/avr4/libc.a(malloc.o)
__heap_start                                      /usr/lib/gcc/avr/4.9.1/../../../../avr/lib/avr4/libc.a(malloc.o)
__init                                            /usr/lib/gcc/avr/4.9.1/../../../../avr/lib/avr4/crtm8.o
__malloc_heap_end                                 /usr/lib/gcc/avr/4.9.1/../../../../avr/lib/avr4/libc.a(malloc.o)
__malloc_heap_start                               /usr/lib/gcc/avr/4.9.1/../../../../avr/lib/avr4/libc.a(malloc.o)
__malloc_margin                                   /usr/lib/gcc/avr/4.9.1/../../../../avr/lib/avr4/libc.a(malloc.o)
__prologue_saves__                                /usr/lib/gcc/avr/4.9.1/avr4/libgcc.a(_prologue.o)
                                                  /usr/lib/gcc/avr/4.9.1/../../../../avr/lib/avr4/libc.a(vfprintf_std.o)
                                                  /usr/lib/gcc/avr/4.9.1/../../../../avr/lib/avr4/libc.a(sprintf.o)
__stack                                           /usr/lib/gcc/avr/4.9.1/../../../../avr/lib/avr4/crtm8.o
__tablejump2__                                    /usr/lib/gcc/avr/4.9.1/avr4/libgcc.a(_tablejump.o)
__tablejump__                                     /usr/lib/gcc/avr/4.9.1/avr4/libgcc.a(_tablejump.o)
                                                  /usr/lib/gcc/avr/4.9.1/avr4/libgcc.a(_dtors.o)
                                                  /usr/lib/gcc/avr/4.9.1/avr4/libgcc.a(_ctors.o)
__udivmodhi4                                      /usr/lib/gcc/avr/4.9.1/avr4/libgcc.a(_udivmodhi4.o)
                                                  /usr/lib/gcc/avr/4.9.1/avr4/libgcc.a(_divmodhi4.o)
__ultoa_invert                                    /usr/lib/gcc/avr/4.9.1/../../../../avr/lib/avr4/libc.a(ultoa_invert.o)
                                                  /usr/lib/gcc/avr/4.9.1/../../../../avr/lib/avr4/libc.a(vfprintf_std.o)
__vector_1                                        /usr/lib/gcc/avr/4.9.1/../../../../avr/lib/avr4/crtm8.o
__vector_10                                       /usr/lib/gcc/avr/4.9.1/../../../../avr/lib/avr4/crtm8.o
__vector_11                                       /usr/lib/gcc/avr/4.9.1/../../../../avr/lib/avr4/crtm8.o
__vector_12                                       /usr/lib/gcc/avr/4.9.1/../../../../avr/lib/avr4/crtm8.o
__vector_13                                       /usr/lib/gcc/avr/4.9.1/../../../../avr/lib/avr4/crtm8.o
__vector_14                                       /usr/lib/gcc/avr/4.9.1/../../../../avr/lib/avr4/crtm8.o
__vector_15                                       /usr/lib/gcc/avr/4.9.1/../../../../avr/lib/avr4/crtm8.o
__vector_16                                       /usr/lib/gcc/avr/4.9.1/../../../../avr/lib/avr4/crtm8.o
__vector_17                                       /usr/lib/gcc/avr/4.9.1/../../../../avr/lib/avr4/crtm8.o
__vector_18                                       /usr/lib/gcc/avr/4.9.1/../../../../avr/lib/avr4/crtm8.o
__vector_2                                        /usr/lib/gcc/avr/4.9.1/../../../../avr/lib/avr4/crtm8.o
__vector_3                                        /usr/lib/gcc/avr/4.9.1/../../../../avr/lib/avr4/crtm8.o
__vector_4                                        /usr/lib/gcc/avr/4.9.1/../../../../avr/lib/avr4/crtm8.o
__vector_5                                        /usr/lib/gcc/avr/4.9.1/../../../../avr/lib/avr4/crtm8.o
__vector_6                                        /usr/lib/gcc/avr/4.9.1/../../../../avr/lib/avr4/crtm8.o
__vector_7                                        /usr/lib/gcc/avr/4.9.1/../../../../avr/lib/avr4/crtm8.o
__vector_8                                        /usr/lib/gcc/avr/4.9.1/../../../../avr/lib/avr4/crtm8.o
__vector_9                                        ./src/system.o
                                                  /usr/lib/gcc/avr/4.9.1/../../../../avr/lib/avr4/crtm8.o
__vector_default                                  /usr/lib/gcc/avr/4.9.1/../../../../avr/lib/avr4/crtm8.o
__vectors                                         /usr/lib/gcc/avr/4.9.1/../../../../avr/lib/avr4/crtm8.o
_div                                              /usr/lib/gcc/avr/4.9.1/avr4/libgcc.a(_divmodhi4.o)
_exit                                             /usr/lib/gcc/avr/4.9.1/avr4/libgcc.a(_exit.o)
dtCurrentDate                                     ./src/system.o
exit                                              /usr/lib/gcc/avr/4.9.1/avr4/libgcc.a(_exit.o)
                                                  /usr/lib/gcc/avr/4.9.1/../../../../avr/lib/avr4/crtm8.o
fputc                                             /usr/lib/gcc/avr/4.9.1/../../../../avr/lib/avr4/libc.a(fputc.o)
                                                  /usr/lib/gcc/avr/4.9.1/../../../../avr/lib/avr4/libc.a(vfprintf_std.o)
free                                              /usr/lib/gcc/avr/4.9.1/../../../../avr/lib/avr4/libc.a(malloc.o)
                                                  ./src/system.o
lcd_clear()                                       ./src/lcd-routines.o
                                                  ./src/system.o
lcd_command(unsigned char)                        ./src/lcd-routines.o
lcd_data(unsigned char)                           ./src/lcd-routines.o
lcd_generatechar(unsigned char, unsigned char const*) ./src/lcd-routines.o
lcd_home()                                        ./src/lcd-routines.o
                                                  ./src/main.o
lcd_init()                                        ./src/lcd-routines.o
                                                  ./src/system.o
lcd_setcursor(unsigned char, unsigned char)       ./src/lcd-routines.o
lcd_string(char const*)                           ./src/lcd-routines.o
                                                  ./src/main.o
main                                              ./src/main.o
                                                  /usr/lib/gcc/avr/4.9.1/../../../../avr/lib/avr4/crtm8.o
malloc                                            /usr/lib/gcc/avr/4.9.1/../../../../avr/lib/avr4/libc.a(malloc.o)
                                                  ./src/system.o
nClockOverflows                                   ./src/system.o
operator delete(void*)                            ./src/system.o
                                                  ./src/Time.o
                                                  ./src/Date.o
operator new(unsigned int)                        ./src/system.o
sprintf                                           /usr/lib/gcc/avr/4.9.1/../../../../avr/lib/avr4/libc.a(sprintf.o)
                                                  ./src/Time.o
                                                  ./src/Date.o
strnlen                                           /usr/lib/gcc/avr/4.9.1/../../../../avr/lib/avr4/libc.a(strnlen.o)
                                                  /usr/lib/gcc/avr/4.9.1/../../../../avr/lib/avr4/libc.a(vfprintf_std.o)
strnlen_P                                         /usr/lib/gcc/avr/4.9.1/../../../../avr/lib/avr4/libc.a(strnlen_P.o)
                                                  /usr/lib/gcc/avr/4.9.1/../../../../avr/lib/avr4/libc.a(vfprintf_std.o)
tmAlarmTime                                       ./src/system.o
tmCurrentTime                                     ./src/system.o
vfprintf                                          /usr/lib/gcc/avr/4.9.1/../../../../avr/lib/avr4/libc.a(vfprintf_std.o)
                                                  /usr/lib/gcc/avr/4.9.1/../../../../avr/lib/avr4/libc.a(sprintf.o)
vtable for Date                                   ./src/Date.o
vtable for Time                                   ./src/Time.o
