Archive member included because of file (symbol)

/usr/lib/gcc/avr/4.9.1/avr5/libgcc.a(_divmodhi4.o)
                              ./src/DateTime.o (__divmodhi4)
/usr/lib/gcc/avr/4.9.1/avr5/libgcc.a(_exit.o)
                              /usr/lib/gcc/avr/4.9.1/../../../../avr/lib/avr5/crtm32.o (exit)
/usr/lib/gcc/avr/4.9.1/avr5/libgcc.a(_tablejump.o)
                              ./src/DateTime.o (__tablejump2__)
/usr/lib/gcc/avr/4.9.1/avr5/libgcc.a(_copy_data.o)
                              ./src/DateTime.o (__do_copy_data)
/usr/lib/gcc/avr/4.9.1/avr5/libgcc.a(_clear_bss.o)
                              ./src/DateTime.o (__do_clear_bss)
/usr/lib/gcc/avr/4.9.1/avr5/libgcc.a(_ctors.o)
                              ./src/system.o (__do_global_ctors)
/usr/lib/gcc/avr/4.9.1/avr5/libgcc.a(_dtors.o)
                              ./src/system.o (__do_global_dtors)
/usr/lib/gcc/avr/4.9.1/avr5/libgcc.a(_ashldi3.o)
                              ./src/DcfData.o (__ashldi3)
/usr/lib/gcc/avr/4.9.1/avr5/libgcc.a(_adddi3_s8.o)
                              ./src/system.o (__adddi3_s8)
/usr/lib/gcc/avr/4.9.1/avr5/libgcc.a(_udivmodhi4.o)
                              /usr/lib/gcc/avr/4.9.1/avr5/libgcc.a(_divmodhi4.o) (__udivmodhi4)
/usr/lib/gcc/avr/4.9.1/../../../../avr/lib/avr5/libc.a(malloc.o)
                              ./src/helpers.o (malloc)
/usr/lib/gcc/avr/4.9.1/../../../../avr/lib/avr5/libc.a(sprintf.o)
                              ./src/DateTime.o (sprintf)
/usr/lib/gcc/avr/4.9.1/../../../../avr/lib/avr5/libc.a(vfprintf_std.o)
                              /usr/lib/gcc/avr/4.9.1/../../../../avr/lib/avr5/libc.a(sprintf.o) (vfprintf)
/usr/lib/gcc/avr/4.9.1/../../../../avr/lib/avr5/libc.a(eerd_block_atmega32.o)
                              ./src/system.o (__eerd_block_m32)
/usr/lib/gcc/avr/4.9.1/../../../../avr/lib/avr5/libc.a(eewr_block_atmega32.o)
                              ./src/system.o (__eewr_block_m32)
/usr/lib/gcc/avr/4.9.1/../../../../avr/lib/avr5/libc.a(eewr_byte_atmega32.o)
                              /usr/lib/gcc/avr/4.9.1/../../../../avr/lib/avr5/libc.a(eewr_block_atmega32.o) (__eewr_r18_m32)
/usr/lib/gcc/avr/4.9.1/../../../../avr/lib/avr5/libc.a(strnlen_P.o)
                              /usr/lib/gcc/avr/4.9.1/../../../../avr/lib/avr5/libc.a(vfprintf_std.o) (strnlen_P)
/usr/lib/gcc/avr/4.9.1/../../../../avr/lib/avr5/libc.a(strnlen.o)
                              /usr/lib/gcc/avr/4.9.1/../../../../avr/lib/avr5/libc.a(vfprintf_std.o) (strnlen)
/usr/lib/gcc/avr/4.9.1/../../../../avr/lib/avr5/libc.a(fputc.o)
                              /usr/lib/gcc/avr/4.9.1/../../../../avr/lib/avr5/libc.a(vfprintf_std.o) (fputc)
/usr/lib/gcc/avr/4.9.1/../../../../avr/lib/avr5/libc.a(ultoa_invert.o)
                              /usr/lib/gcc/avr/4.9.1/../../../../avr/lib/avr5/libc.a(vfprintf_std.o) (__ultoa_invert)
/usr/lib/gcc/avr/4.9.1/avr5/libgcc.a(_prologue.o)
                              /usr/lib/gcc/avr/4.9.1/../../../../avr/lib/avr5/libc.a(sprintf.o) (__prologue_saves__)
/usr/lib/gcc/avr/4.9.1/avr5/libgcc.a(_epilogue.o)
                              /usr/lib/gcc/avr/4.9.1/../../../../avr/lib/avr5/libc.a(sprintf.o) (__epilogue_restores__)

Allocating common symbols
Common symbol       size              file

__brkval            0x2               /usr/lib/gcc/avr/4.9.1/../../../../avr/lib/avr5/libc.a(malloc.o)
__flp               0x2               /usr/lib/gcc/avr/4.9.1/../../../../avr/lib/avr5/libc.a(malloc.o)

Discarded input sections

 .bss           0x0000000000000000        0x0 /usr/lib/gcc/avr/4.9.1/../../../../avr/lib/avr5/crtm32.o
 .group         0x0000000000000000        0x8 ./src/DateTime.o
 .text          0x0000000000000000        0x0 ./src/DateTime.o
 .bss           0x0000000000000000        0x0 ./src/DateTime.o
 .text._ZN8DateTimeC2E6Time_t6Date_t
                0x0000000000000000       0x20 ./src/DateTime.o
 .text._ZNV8DateTime13IsTimeEqualToEPS_
                0x0000000000000000       0x86 ./src/DateTime.o
 .text._ZNV8DateTime13IsDateEqualToEPS_b
                0x0000000000000000       0x84 ./src/DateTime.o
 .group         0x0000000000000000        0x8 ./src/DcfData.o
 .text          0x0000000000000000        0x0 ./src/DcfData.o
 .bss           0x0000000000000000        0x0 ./src/DcfData.o
 .text._ZNV7DcfData5ResetEv
                0x0000000000000000       0x36 ./src/DcfData.o
 .group         0x0000000000000000        0x8 ./src/LCDisplay.o
 .text          0x0000000000000000        0x0 ./src/LCDisplay.o
 .bss           0x0000000000000000        0x0 ./src/LCDisplay.o
 .group         0x0000000000000000        0x8 ./src/LcdMenu.o
 .text          0x0000000000000000        0x0 ./src/LcdMenu.o
 .bss           0x0000000000000000        0x0 ./src/LcdMenu.o
 .text._ZN7LcdMenuC2Ev
                0x0000000000000000       0x14 ./src/LcdMenu.o
 .text._ZN7LcdMenu12SetLCDisplayEP9LCDisplay
                0x0000000000000000        0x8 ./src/LcdMenu.o
 .text._ZN7LcdMenu12GetLCDisplayEv
                0x0000000000000000        0x8 ./src/LcdMenu.o
 .text._ZN7LcdMenu12SetMenuEntryEP9MenuEntry
                0x0000000000000000        0x8 ./src/LcdMenu.o
 .text._ZN7LcdMenu12GetMenuEntryEv
                0x0000000000000000        0x8 ./src/LcdMenu.o
 .text._ZN7LcdMenu15SetButtonConfigE14ButtonConfig_t
                0x0000000000000000        0xc ./src/LcdMenu.o
 .group         0x0000000000000000        0x8 ./src/MenuEntry.o
 .text          0x0000000000000000        0x0 ./src/MenuEntry.o
 .bss           0x0000000000000000        0x0 ./src/MenuEntry.o
 .text._ZN9MenuEntryC2Ev
                0x0000000000000000       0x18 ./src/MenuEntry.o
 .text._ZNV9MenuEntry12SetMenuTitleEPKc
                0x0000000000000000        0x8 ./src/MenuEntry.o
 .text._ZNV9MenuEntry11SetFunctionEPFvvE
                0x0000000000000000        0x8 ./src/MenuEntry.o
 .text          0x0000000000000000        0x0 ./src/helpers.o
 .bss           0x0000000000000000        0x0 ./src/helpers.o
 .text          0x0000000000000000        0x0 ./src/main.o
 .bss           0x0000000000000000        0x0 ./src/main.o
 .text          0x0000000000000000        0x0 ./src/system.o
 .bss           0x0000000000000000        0x0 ./src/system.o
 .text._Z9InitFlagsv
                0x0000000000000000        0xa ./src/system.o
 .text          0x0000000000000000        0x0 /usr/lib/gcc/avr/4.9.1/avr5/libgcc.a(_divmodhi4.o)
 .bss           0x0000000000000000        0x0 /usr/lib/gcc/avr/4.9.1/avr5/libgcc.a(_divmodhi4.o)
 .text.libgcc.mul
                0x0000000000000000        0x0 /usr/lib/gcc/avr/4.9.1/avr5/libgcc.a(_divmodhi4.o)
 .text.libgcc   0x0000000000000000        0x0 /usr/lib/gcc/avr/4.9.1/avr5/libgcc.a(_divmodhi4.o)
 .text.libgcc.prologue
                0x0000000000000000        0x0 /usr/lib/gcc/avr/4.9.1/avr5/libgcc.a(_divmodhi4.o)
 .text.libgcc.builtins
                0x0000000000000000        0x0 /usr/lib/gcc/avr/4.9.1/avr5/libgcc.a(_divmodhi4.o)
 .text.libgcc.fmul
                0x0000000000000000        0x0 /usr/lib/gcc/avr/4.9.1/avr5/libgcc.a(_divmodhi4.o)
 .text.libgcc.fixed
                0x0000000000000000        0x0 /usr/lib/gcc/avr/4.9.1/avr5/libgcc.a(_divmodhi4.o)
 .text          0x0000000000000000        0x0 /usr/lib/gcc/avr/4.9.1/avr5/libgcc.a(_exit.o)
 .bss           0x0000000000000000        0x0 /usr/lib/gcc/avr/4.9.1/avr5/libgcc.a(_exit.o)
 .text.libgcc.mul
                0x0000000000000000        0x0 /usr/lib/gcc/avr/4.9.1/avr5/libgcc.a(_exit.o)
 .text.libgcc.div
                0x0000000000000000        0x0 /usr/lib/gcc/avr/4.9.1/avr5/libgcc.a(_exit.o)
 .text.libgcc   0x0000000000000000        0x0 /usr/lib/gcc/avr/4.9.1/avr5/libgcc.a(_exit.o)
 .text.libgcc.prologue
                0x0000000000000000        0x0 /usr/lib/gcc/avr/4.9.1/avr5/libgcc.a(_exit.o)
 .text.libgcc.builtins
                0x0000000000000000        0x0 /usr/lib/gcc/avr/4.9.1/avr5/libgcc.a(_exit.o)
 .text.libgcc.fmul
                0x0000000000000000        0x0 /usr/lib/gcc/avr/4.9.1/avr5/libgcc.a(_exit.o)
 .text.libgcc.fixed
                0x0000000000000000        0x0 /usr/lib/gcc/avr/4.9.1/avr5/libgcc.a(_exit.o)
 .text          0x0000000000000000        0x0 /usr/lib/gcc/avr/4.9.1/avr5/libgcc.a(_tablejump.o)
 .bss           0x0000000000000000        0x0 /usr/lib/gcc/avr/4.9.1/avr5/libgcc.a(_tablejump.o)
 .text.libgcc.mul
                0x0000000000000000        0x0 /usr/lib/gcc/avr/4.9.1/avr5/libgcc.a(_tablejump.o)
 .text.libgcc.div
                0x0000000000000000        0x0 /usr/lib/gcc/avr/4.9.1/avr5/libgcc.a(_tablejump.o)
 .text.libgcc.prologue
                0x0000000000000000        0x0 /usr/lib/gcc/avr/4.9.1/avr5/libgcc.a(_tablejump.o)
 .text.libgcc.builtins
                0x0000000000000000        0x0 /usr/lib/gcc/avr/4.9.1/avr5/libgcc.a(_tablejump.o)
 .text.libgcc.fmul
                0x0000000000000000        0x0 /usr/lib/gcc/avr/4.9.1/avr5/libgcc.a(_tablejump.o)
 .text.libgcc.fixed
                0x0000000000000000        0x0 /usr/lib/gcc/avr/4.9.1/avr5/libgcc.a(_tablejump.o)
 .text          0x0000000000000000        0x0 /usr/lib/gcc/avr/4.9.1/avr5/libgcc.a(_copy_data.o)
 .bss           0x0000000000000000        0x0 /usr/lib/gcc/avr/4.9.1/avr5/libgcc.a(_copy_data.o)
 .text.libgcc.mul
                0x0000000000000000        0x0 /usr/lib/gcc/avr/4.9.1/avr5/libgcc.a(_copy_data.o)
 .text.libgcc.div
                0x0000000000000000        0x0 /usr/lib/gcc/avr/4.9.1/avr5/libgcc.a(_copy_data.o)
 .text.libgcc   0x0000000000000000        0x0 /usr/lib/gcc/avr/4.9.1/avr5/libgcc.a(_copy_data.o)
 .text.libgcc.prologue
                0x0000000000000000        0x0 /usr/lib/gcc/avr/4.9.1/avr5/libgcc.a(_copy_data.o)
 .text.libgcc.builtins
                0x0000000000000000        0x0 /usr/lib/gcc/avr/4.9.1/avr5/libgcc.a(_copy_data.o)
 .text.libgcc.fmul
                0x0000000000000000        0x0 /usr/lib/gcc/avr/4.9.1/avr5/libgcc.a(_copy_data.o)
 .text.libgcc.fixed
                0x0000000000000000        0x0 /usr/lib/gcc/avr/4.9.1/avr5/libgcc.a(_copy_data.o)
 .text          0x0000000000000000        0x0 /usr/lib/gcc/avr/4.9.1/avr5/libgcc.a(_clear_bss.o)
 .bss           0x0000000000000000        0x0 /usr/lib/gcc/avr/4.9.1/avr5/libgcc.a(_clear_bss.o)
 .text.libgcc.mul
                0x0000000000000000        0x0 /usr/lib/gcc/avr/4.9.1/avr5/libgcc.a(_clear_bss.o)
 .text.libgcc.div
                0x0000000000000000        0x0 /usr/lib/gcc/avr/4.9.1/avr5/libgcc.a(_clear_bss.o)
 .text.libgcc   0x0000000000000000        0x0 /usr/lib/gcc/avr/4.9.1/avr5/libgcc.a(_clear_bss.o)
 .text.libgcc.prologue
                0x0000000000000000        0x0 /usr/lib/gcc/avr/4.9.1/avr5/libgcc.a(_clear_bss.o)
 .text.libgcc.builtins
                0x0000000000000000        0x0 /usr/lib/gcc/avr/4.9.1/avr5/libgcc.a(_clear_bss.o)
 .text.libgcc.fmul
                0x0000000000000000        0x0 /usr/lib/gcc/avr/4.9.1/avr5/libgcc.a(_clear_bss.o)
 .text.libgcc.fixed
                0x0000000000000000        0x0 /usr/lib/gcc/avr/4.9.1/avr5/libgcc.a(_clear_bss.o)
 .text          0x0000000000000000        0x0 /usr/lib/gcc/avr/4.9.1/avr5/libgcc.a(_ctors.o)
 .bss           0x0000000000000000        0x0 /usr/lib/gcc/avr/4.9.1/avr5/libgcc.a(_ctors.o)
 .text.libgcc.mul
                0x0000000000000000        0x0 /usr/lib/gcc/avr/4.9.1/avr5/libgcc.a(_ctors.o)
 .text.libgcc.div
                0x0000000000000000        0x0 /usr/lib/gcc/avr/4.9.1/avr5/libgcc.a(_ctors.o)
 .text.libgcc   0x0000000000000000        0x0 /usr/lib/gcc/avr/4.9.1/avr5/libgcc.a(_ctors.o)
 .text.libgcc.prologue
                0x0000000000000000        0x0 /usr/lib/gcc/avr/4.9.1/avr5/libgcc.a(_ctors.o)
 .text.libgcc.builtins
                0x0000000000000000        0x0 /usr/lib/gcc/avr/4.9.1/avr5/libgcc.a(_ctors.o)
 .text.libgcc.fmul
                0x0000000000000000        0x0 /usr/lib/gcc/avr/4.9.1/avr5/libgcc.a(_ctors.o)
 .text.libgcc.fixed
                0x0000000000000000        0x0 /usr/lib/gcc/avr/4.9.1/avr5/libgcc.a(_ctors.o)
 .text          0x0000000000000000        0x0 /usr/lib/gcc/avr/4.9.1/avr5/libgcc.a(_dtors.o)
 .bss           0x0000000000000000        0x0 /usr/lib/gcc/avr/4.9.1/avr5/libgcc.a(_dtors.o)
 .text.libgcc.mul
                0x0000000000000000        0x0 /usr/lib/gcc/avr/4.9.1/avr5/libgcc.a(_dtors.o)
 .text.libgcc.div
                0x0000000000000000        0x0 /usr/lib/gcc/avr/4.9.1/avr5/libgcc.a(_dtors.o)
 .text.libgcc   0x0000000000000000        0x0 /usr/lib/gcc/avr/4.9.1/avr5/libgcc.a(_dtors.o)
 .text.libgcc.prologue
                0x0000000000000000        0x0 /usr/lib/gcc/avr/4.9.1/avr5/libgcc.a(_dtors.o)
 .text.libgcc.builtins
                0x0000000000000000        0x0 /usr/lib/gcc/avr/4.9.1/avr5/libgcc.a(_dtors.o)
 .text.libgcc.fmul
                0x0000000000000000        0x0 /usr/lib/gcc/avr/4.9.1/avr5/libgcc.a(_dtors.o)
 .text.libgcc.fixed
                0x0000000000000000        0x0 /usr/lib/gcc/avr/4.9.1/avr5/libgcc.a(_dtors.o)
 .text          0x0000000000000000        0x0 /usr/lib/gcc/avr/4.9.1/avr5/libgcc.a(_ashldi3.o)
 .bss           0x0000000000000000        0x0 /usr/lib/gcc/avr/4.9.1/avr5/libgcc.a(_ashldi3.o)
 .text.libgcc.mul
                0x0000000000000000        0x0 /usr/lib/gcc/avr/4.9.1/avr5/libgcc.a(_ashldi3.o)
 .text.libgcc.div
                0x0000000000000000        0x0 /usr/lib/gcc/avr/4.9.1/avr5/libgcc.a(_ashldi3.o)
 .text.libgcc   0x0000000000000000        0x0 /usr/lib/gcc/avr/4.9.1/avr5/libgcc.a(_ashldi3.o)
 .text.libgcc.prologue
                0x0000000000000000        0x0 /usr/lib/gcc/avr/4.9.1/avr5/libgcc.a(_ashldi3.o)
 .text.libgcc.fmul
                0x0000000000000000        0x0 /usr/lib/gcc/avr/4.9.1/avr5/libgcc.a(_ashldi3.o)
 .text.libgcc.fixed
                0x0000000000000000        0x0 /usr/lib/gcc/avr/4.9.1/avr5/libgcc.a(_ashldi3.o)
 .text          0x0000000000000000        0x0 /usr/lib/gcc/avr/4.9.1/avr5/libgcc.a(_adddi3_s8.o)
 .bss           0x0000000000000000        0x0 /usr/lib/gcc/avr/4.9.1/avr5/libgcc.a(_adddi3_s8.o)
 .text.libgcc.mul
                0x0000000000000000        0x0 /usr/lib/gcc/avr/4.9.1/avr5/libgcc.a(_adddi3_s8.o)
 .text.libgcc.div
                0x0000000000000000        0x0 /usr/lib/gcc/avr/4.9.1/avr5/libgcc.a(_adddi3_s8.o)
 .text.libgcc.prologue
                0x0000000000000000        0x0 /usr/lib/gcc/avr/4.9.1/avr5/libgcc.a(_adddi3_s8.o)
 .text.libgcc.builtins
                0x0000000000000000        0x0 /usr/lib/gcc/avr/4.9.1/avr5/libgcc.a(_adddi3_s8.o)
 .text.libgcc.fmul
                0x0000000000000000        0x0 /usr/lib/gcc/avr/4.9.1/avr5/libgcc.a(_adddi3_s8.o)
 .text.libgcc.fixed
                0x0000000000000000        0x0 /usr/lib/gcc/avr/4.9.1/avr5/libgcc.a(_adddi3_s8.o)
 .text          0x0000000000000000        0x0 /usr/lib/gcc/avr/4.9.1/avr5/libgcc.a(_udivmodhi4.o)
 .bss           0x0000000000000000        0x0 /usr/lib/gcc/avr/4.9.1/avr5/libgcc.a(_udivmodhi4.o)
 .text.libgcc.mul
                0x0000000000000000        0x0 /usr/lib/gcc/avr/4.9.1/avr5/libgcc.a(_udivmodhi4.o)
 .text.libgcc   0x0000000000000000        0x0 /usr/lib/gcc/avr/4.9.1/avr5/libgcc.a(_udivmodhi4.o)
 .text.libgcc.prologue
                0x0000000000000000        0x0 /usr/lib/gcc/avr/4.9.1/avr5/libgcc.a(_udivmodhi4.o)
 .text.libgcc.builtins
                0x0000000000000000        0x0 /usr/lib/gcc/avr/4.9.1/avr5/libgcc.a(_udivmodhi4.o)
 .text.libgcc.fmul
                0x0000000000000000        0x0 /usr/lib/gcc/avr/4.9.1/avr5/libgcc.a(_udivmodhi4.o)
 .text.libgcc.fixed
                0x0000000000000000        0x0 /usr/lib/gcc/avr/4.9.1/avr5/libgcc.a(_udivmodhi4.o)
 .text          0x0000000000000000        0x0 /usr/lib/gcc/avr/4.9.1/../../../../avr/lib/avr5/libc.a(malloc.o)
 .bss           0x0000000000000000        0x0 /usr/lib/gcc/avr/4.9.1/../../../../avr/lib/avr5/libc.a(malloc.o)
 .text          0x0000000000000000        0x0 /usr/lib/gcc/avr/4.9.1/../../../../avr/lib/avr5/libc.a(sprintf.o)
 .bss           0x0000000000000000        0x0 /usr/lib/gcc/avr/4.9.1/../../../../avr/lib/avr5/libc.a(sprintf.o)
 .text          0x0000000000000000        0x0 /usr/lib/gcc/avr/4.9.1/../../../../avr/lib/avr5/libc.a(vfprintf_std.o)
 .bss           0x0000000000000000        0x0 /usr/lib/gcc/avr/4.9.1/../../../../avr/lib/avr5/libc.a(vfprintf_std.o)
 .text          0x0000000000000000        0x0 /usr/lib/gcc/avr/4.9.1/../../../../avr/lib/avr5/libc.a(eerd_block_atmega32.o)
 .bss           0x0000000000000000        0x0 /usr/lib/gcc/avr/4.9.1/../../../../avr/lib/avr5/libc.a(eerd_block_atmega32.o)
 .text          0x0000000000000000        0x0 /usr/lib/gcc/avr/4.9.1/../../../../avr/lib/avr5/libc.a(eewr_block_atmega32.o)
 .bss           0x0000000000000000        0x0 /usr/lib/gcc/avr/4.9.1/../../../../avr/lib/avr5/libc.a(eewr_block_atmega32.o)
 .text          0x0000000000000000        0x0 /usr/lib/gcc/avr/4.9.1/../../../../avr/lib/avr5/libc.a(eewr_byte_atmega32.o)
 .bss           0x0000000000000000        0x0 /usr/lib/gcc/avr/4.9.1/../../../../avr/lib/avr5/libc.a(eewr_byte_atmega32.o)
 .text          0x0000000000000000        0x0 /usr/lib/gcc/avr/4.9.1/../../../../avr/lib/avr5/libc.a(strnlen_P.o)
 .bss           0x0000000000000000        0x0 /usr/lib/gcc/avr/4.9.1/../../../../avr/lib/avr5/libc.a(strnlen_P.o)
 .text          0x0000000000000000        0x0 /usr/lib/gcc/avr/4.9.1/../../../../avr/lib/avr5/libc.a(strnlen.o)
 .bss           0x0000000000000000        0x0 /usr/lib/gcc/avr/4.9.1/../../../../avr/lib/avr5/libc.a(strnlen.o)
 .text          0x0000000000000000        0x0 /usr/lib/gcc/avr/4.9.1/../../../../avr/lib/avr5/libc.a(fputc.o)
 .bss           0x0000000000000000        0x0 /usr/lib/gcc/avr/4.9.1/../../../../avr/lib/avr5/libc.a(fputc.o)
 .text          0x0000000000000000        0x0 /usr/lib/gcc/avr/4.9.1/../../../../avr/lib/avr5/libc.a(ultoa_invert.o)
 .bss           0x0000000000000000        0x0 /usr/lib/gcc/avr/4.9.1/../../../../avr/lib/avr5/libc.a(ultoa_invert.o)
 .text          0x0000000000000000        0x0 /usr/lib/gcc/avr/4.9.1/avr5/libgcc.a(_prologue.o)
 .bss           0x0000000000000000        0x0 /usr/lib/gcc/avr/4.9.1/avr5/libgcc.a(_prologue.o)
 .text.libgcc.mul
                0x0000000000000000        0x0 /usr/lib/gcc/avr/4.9.1/avr5/libgcc.a(_prologue.o)
 .text.libgcc.div
                0x0000000000000000        0x0 /usr/lib/gcc/avr/4.9.1/avr5/libgcc.a(_prologue.o)
 .text.libgcc   0x0000000000000000        0x0 /usr/lib/gcc/avr/4.9.1/avr5/libgcc.a(_prologue.o)
 .text.libgcc.builtins
                0x0000000000000000        0x0 /usr/lib/gcc/avr/4.9.1/avr5/libgcc.a(_prologue.o)
 .text.libgcc.fmul
                0x0000000000000000        0x0 /usr/lib/gcc/avr/4.9.1/avr5/libgcc.a(_prologue.o)
 .text.libgcc.fixed
                0x0000000000000000        0x0 /usr/lib/gcc/avr/4.9.1/avr5/libgcc.a(_prologue.o)
 .text          0x0000000000000000        0x0 /usr/lib/gcc/avr/4.9.1/avr5/libgcc.a(_epilogue.o)
 .bss           0x0000000000000000        0x0 /usr/lib/gcc/avr/4.9.1/avr5/libgcc.a(_epilogue.o)
 .text.libgcc.mul
                0x0000000000000000        0x0 /usr/lib/gcc/avr/4.9.1/avr5/libgcc.a(_epilogue.o)
 .text.libgcc.div
                0x0000000000000000        0x0 /usr/lib/gcc/avr/4.9.1/avr5/libgcc.a(_epilogue.o)
 .text.libgcc   0x0000000000000000        0x0 /usr/lib/gcc/avr/4.9.1/avr5/libgcc.a(_epilogue.o)
 .text.libgcc.builtins
                0x0000000000000000        0x0 /usr/lib/gcc/avr/4.9.1/avr5/libgcc.a(_epilogue.o)
 .text.libgcc.fmul
                0x0000000000000000        0x0 /usr/lib/gcc/avr/4.9.1/avr5/libgcc.a(_epilogue.o)
 .text.libgcc.fixed
                0x0000000000000000        0x0 /usr/lib/gcc/avr/4.9.1/avr5/libgcc.a(_epilogue.o)

Memory Configuration

Name             Origin             Length             Attributes
text             0x0000000000000000 0x0000000000020000 xr
data             0x0000000000800060 0x000000000000ffa0 rw !x
eeprom           0x0000000000810000 0x0000000000010000 rw !x
fuse             0x0000000000820000 0x0000000000000400 rw !x
lock             0x0000000000830000 0x0000000000000400 rw !x
signature        0x0000000000840000 0x0000000000000400 rw !x
*default*        0x0000000000000000 0xffffffffffffffff

Linker script and memory map

LOAD /usr/lib/gcc/avr/4.9.1/../../../../avr/lib/avr5/crtm32.o
LOAD ./src/DateTime.o
LOAD ./src/DcfData.o
LOAD ./src/LCDisplay.o
LOAD ./src/LcdMenu.o
LOAD ./src/MenuEntry.o
LOAD ./src/helpers.o
LOAD ./src/main.o
LOAD ./src/system.o
LOAD /usr/lib/gcc/avr/4.9.1/avr5/libgcc.a
LOAD /usr/lib/gcc/avr/4.9.1/../../../../avr/lib/avr5/libm.a
START GROUP
LOAD /usr/lib/gcc/avr/4.9.1/avr5/libgcc.a
LOAD /usr/lib/gcc/avr/4.9.1/../../../../avr/lib/avr5/libm.a
LOAD /usr/lib/gcc/avr/4.9.1/../../../../avr/lib/avr5/libc.a
END GROUP

.hash
 *(.hash)

.dynsym
 *(.dynsym)

.dynstr
 *(.dynstr)

.gnu.version
 *(.gnu.version)

.gnu.version_d
 *(.gnu.version_d)

.gnu.version_r
 *(.gnu.version_r)

.rel.init
 *(.rel.init)

.rela.init
 *(.rela.init)

.rel.text
 *(.rel.text)
 *(.rel.text.*)
 *(.rel.gnu.linkonce.t*)

.rela.text
 *(.rela.text)
 *(.rela.text.*)
 *(.rela.gnu.linkonce.t*)

.rel.fini
 *(.rel.fini)

.rela.fini
 *(.rela.fini)

.rel.rodata
 *(.rel.rodata)
 *(.rel.rodata.*)
 *(.rel.gnu.linkonce.r*)

.rela.rodata
 *(.rela.rodata)
 *(.rela.rodata.*)
 *(.rela.gnu.linkonce.r*)

.rel.data
 *(.rel.data)
 *(.rel.data.*)
 *(.rel.gnu.linkonce.d*)

.rela.data
 *(.rela.data)
 *(.rela.data.*)
 *(.rela.gnu.linkonce.d*)

.rel.ctors
 *(.rel.ctors)

.rela.ctors
 *(.rela.ctors)

.rel.dtors
 *(.rel.dtors)

.rela.dtors
 *(.rela.dtors)

.rel.got
 *(.rel.got)

.rela.got
 *(.rela.got)

.rel.bss
 *(.rel.bss)

.rela.bss
 *(.rela.bss)

.rel.plt
 *(.rel.plt)

.rela.plt
 *(.rela.plt)

.text           0x0000000000000000     0x2820
 *(.vectors)
 .vectors       0x0000000000000000       0x54 /usr/lib/gcc/avr/4.9.1/../../../../avr/lib/avr5/crtm32.o
                0x0000000000000000                __vectors
                0x0000000000000000                __vector_default
 *(.vectors)
 *(.progmem.gcc*)
 .progmem.gcc_sw_table._ZNV8DateTime8IncreaseEv
                0x0000000000000054       0x18 ./src/DateTime.o
                0x000000000000006c                . = ALIGN (0x2)
                0x000000000000006c                __trampolines_start = .
 *(.trampolines)
 .trampolines   0x000000000000006c        0x0 linker stubs
 *(.trampolines*)
                0x000000000000006c                __trampolines_end = .
 *(.progmem*)
                0x000000000000006c                . = ALIGN (0x2)
 *(.jumptables)
 *(.jumptables*)
 *(.lowtext)
 *(.lowtext*)
                0x000000000000006c                __ctors_start = .
 *(.ctors)
 .ctors         0x000000000000006c        0x2 ./src/system.o
                0x000000000000006e                __ctors_end = .
                0x000000000000006e                __dtors_start = .
 *(.dtors)
 .dtors         0x000000000000006e        0x2 ./src/system.o
                0x0000000000000070                __dtors_end = .
 SORT(*)(.ctors)
 SORT(*)(.dtors)
 *(.init0)
 .init0         0x0000000000000070        0x0 /usr/lib/gcc/avr/4.9.1/../../../../avr/lib/avr5/crtm32.o
                0x0000000000000070                __init
 *(.init0)
 *(.init1)
 *(.init1)
 *(.init2)
 .init2         0x0000000000000070        0xc /usr/lib/gcc/avr/4.9.1/../../../../avr/lib/avr5/crtm32.o
 *(.init2)
 *(.init3)
 *(.init3)
 *(.init4)
 .init4         0x000000000000007c       0x16 /usr/lib/gcc/avr/4.9.1/avr5/libgcc.a(_copy_data.o)
                0x000000000000007c                __do_copy_data
 .init4         0x0000000000000092       0x10 /usr/lib/gcc/avr/4.9.1/avr5/libgcc.a(_clear_bss.o)
                0x0000000000000092                __do_clear_bss
 *(.init4)
 *(.init5)
 *(.init5)
 *(.init6)
 .init6         0x00000000000000a2       0x16 /usr/lib/gcc/avr/4.9.1/avr5/libgcc.a(_ctors.o)
                0x00000000000000a2                __do_global_ctors
 *(.init6)
 *(.init7)
 *(.init7)
 *(.init8)
 *(.init8)
 *(.init9)
 .init9         0x00000000000000b8        0x6 /usr/lib/gcc/avr/4.9.1/../../../../avr/lib/avr5/crtm32.o
 *(.init9)
 *(.text)
 .text          0x00000000000000be        0x2 /usr/lib/gcc/avr/4.9.1/../../../../avr/lib/avr5/crtm32.o
                0x00000000000000be                __vector_12
                0x00000000000000be                __bad_interrupt
                0x00000000000000be                __vector_6
                0x00000000000000be                __vector_3
                0x00000000000000be                __vector_13
                0x00000000000000be                __vector_17
                0x00000000000000be                __vector_19
                0x00000000000000be                __vector_7
                0x00000000000000be                __vector_5
                0x00000000000000be                __vector_9
                0x00000000000000be                __vector_2
                0x00000000000000be                __vector_15
                0x00000000000000be                __vector_8
                0x00000000000000be                __vector_14
                0x00000000000000be                __vector_10
                0x00000000000000be                __vector_16
                0x00000000000000be                __vector_18
                0x00000000000000be                __vector_20
                0x00000000000000c0                . = ALIGN (0x2)
 *(.text.*)
 .text._ZN8DateTimeD2Ev
                0x00000000000000c0        0x2 ./src/DateTime.o
                0x00000000000000c0                DateTime::~DateTime()
                0x00000000000000c0                DateTime::~DateTime()
 .text._ZN8DateTimeD0Ev
                0x00000000000000c2        0x2 ./src/DateTime.o
                0x00000000000000c2                DateTime::~DateTime()
 .text._ZN8DateTimeC2Ev
                0x00000000000000c4       0x22 ./src/DateTime.o
                0x00000000000000c4                DateTime::DateTime()
                0x00000000000000c4                DateTime::DateTime()
 .text._ZNV8DateTime8IncreaseEv
                0x00000000000000e6      0x226 ./src/DateTime.o
                0x00000000000000e6                DateTime::Increase() volatile
 .text._ZNV8DateTime23GetTimeDifferenceInSecsEPS_
                0x000000000000030c       0xfa ./src/DateTime.o
                0x000000000000030c                DateTime::GetTimeDifferenceInSecs(DateTime*) volatile
 .text._ZNV8DateTime9SetSecondEh
                0x0000000000000406       0x22 ./src/DateTime.o
                0x0000000000000406                DateTime::SetSecond(unsigned char) volatile
 .text._ZNV8DateTime9SetMinuteEh
                0x0000000000000428       0x26 ./src/DateTime.o
                0x0000000000000428                DateTime::SetMinute(unsigned char) volatile
 .text._ZNV8DateTime7SetHourEh
                0x000000000000044e        0xe ./src/DateTime.o
                0x000000000000044e                DateTime::SetHour(unsigned char) volatile
 .text._ZNV8DateTime9GetSecondEv
                0x000000000000045c       0x18 ./src/DateTime.o
                0x000000000000045c                DateTime::GetSecond() volatile
 .text._ZNV8DateTime9GetMinuteEv
                0x0000000000000474       0x18 ./src/DateTime.o
                0x0000000000000474                DateTime::GetMinute() volatile
 .text._ZNV8DateTime7GetHourEv
                0x000000000000048c        0x8 ./src/DateTime.o
                0x000000000000048c                DateTime::GetHour() volatile
 .text._ZNV8DateTime13GetTimestringEb
                0x0000000000000494       0xc8 ./src/DateTime.o
                0x0000000000000494                DateTime::GetTimestring(bool) volatile
 .text._ZNV8DateTime12SetDayOfWeekEh
                0x000000000000055c        0xe ./src/DateTime.o
                0x000000000000055c                DateTime::SetDayOfWeek(unsigned char) volatile
 .text._ZNV8DateTime6SetDayEh
                0x000000000000056a       0x12 ./src/DateTime.o
                0x000000000000056a                DateTime::SetDay(unsigned char) volatile
 .text._ZNV8DateTime8SetMonthEh
                0x000000000000057c        0xe ./src/DateTime.o
                0x000000000000057c                DateTime::SetMonth(unsigned char) volatile
 .text._ZNV8DateTime7SetYearEj
                0x000000000000058a       0x30 ./src/DateTime.o
                0x000000000000058a                DateTime::SetYear(unsigned int) volatile
 .text._ZNV8DateTime12GetDayOfWeekEv
                0x00000000000005ba        0x8 ./src/DateTime.o
                0x00000000000005ba                DateTime::GetDayOfWeek() volatile
 .text._ZNV8DateTime6GetDayEv
                0x00000000000005c2        0xc ./src/DateTime.o
                0x00000000000005c2                DateTime::GetDay() volatile
 .text._ZNV8DateTime8GetMonthEv
                0x00000000000005ce        0x8 ./src/DateTime.o
                0x00000000000005ce                DateTime::GetMonth() volatile
 .text._ZNV8DateTime7GetYearEv
                0x00000000000005d6       0x1a ./src/DateTime.o
                0x00000000000005d6                DateTime::GetYear() volatile
 .text._ZNV8DateTime13GetDatestringEb
                0x00000000000005f0      0x106 ./src/DateTime.o
                0x00000000000005f0                DateTime::GetDatestring(bool) volatile
 .text._ZN7DcfDataD2Ev
                0x00000000000006f6        0xc ./src/DcfData.o
                0x00000000000006f6                DcfData::~DcfData()
                0x00000000000006f6                DcfData::~DcfData()
 .text._ZN7DcfDataD0Ev
                0x0000000000000702       0x10 ./src/DcfData.o
                0x0000000000000702                DcfData::~DcfData()
 .text._ZN7DcfDataC2Ev
                0x0000000000000712       0x26 ./src/DcfData.o
                0x0000000000000712                DcfData::DcfData()
                0x0000000000000712                DcfData::DcfData()
 .text._ZNV7DcfData6AddBitEhh
                0x0000000000000738       0xb2 ./src/DcfData.o
                0x0000000000000738                DcfData::AddBit(unsigned char, unsigned char) volatile
 .text._ZNV7DcfData11CheckParityEmhb
                0x00000000000007ea       0x4e ./src/DcfData.o
                0x00000000000007ea                DcfData::CheckParity(unsigned long, unsigned char, bool) volatile
 .text._ZNV7DcfData16EvaluateDateTimeEb
                0x0000000000000838      0x1e2 ./src/DcfData.o
                0x0000000000000838                DcfData::EvaluateDateTime(bool) volatile
 .text._ZN9LCDisplayD2Ev
                0x0000000000000a1a        0x2 ./src/LCDisplay.o
                0x0000000000000a1a                LCDisplay::~LCDisplay()
                0x0000000000000a1a                LCDisplay::~LCDisplay()
 .text._ZN9LCDisplayD0Ev
                0x0000000000000a1c        0x2 ./src/LCDisplay.o
                0x0000000000000a1c                LCDisplay::~LCDisplay()
 .text._ZN9LCDisplayC2E11LcdHwConfig
                0x0000000000000a1e       0x6e ./src/LCDisplay.o
                0x0000000000000a1e                LCDisplay::LCDisplay(LcdHwConfig)
                0x0000000000000a1e                LCDisplay::LCDisplay(LcdHwConfig)
 .text._ZNV9LCDisplay15SetDisplayLightEb
                0x0000000000000a8c       0x30 ./src/LCDisplay.o
                0x0000000000000a8c                LCDisplay::SetDisplayLight(bool) volatile
 .text._ZNV9LCDisplay9LcdEnableEv
                0x0000000000000abc       0x48 ./src/LCDisplay.o
                0x0000000000000abc                LCDisplay::LcdEnable() volatile
 .text._ZNV9LCDisplay6LcdOutEh
                0x0000000000000b04       0x68 ./src/LCDisplay.o
                0x0000000000000b04                LCDisplay::LcdOut(unsigned char) volatile
 .text._ZNV9LCDisplay9WriteDataEh
                0x0000000000000b6c       0x40 ./src/LCDisplay.o
                0x0000000000000b6c                LCDisplay::WriteData(unsigned char) volatile
 .text._ZNV9LCDisplay11WriteStringEPKc
                0x0000000000000bac       0x22 ./src/LCDisplay.o
                0x0000000000000bac                LCDisplay::WriteString(char const*) volatile
 .text._ZNV9LCDisplay12WriteCommandEh
                0x0000000000000bce       0x48 ./src/LCDisplay.o
                0x0000000000000bce                LCDisplay::WriteCommand(unsigned char) volatile
 .text._ZNV9LCDisplay14ClearLCDisplayEv
                0x0000000000000c16        0xe ./src/LCDisplay.o
                0x0000000000000c16                LCDisplay::ClearLCDisplay() volatile
 .text._ZNV9LCDisplay13InitLCDisplayEv
                0x0000000000000c24       0xb8 ./src/LCDisplay.o
                0x0000000000000c24                LCDisplay::InitLCDisplay() volatile
 .text._ZNV9LCDisplay10CursorHomeEv
                0x0000000000000cdc        0xe ./src/LCDisplay.o
                0x0000000000000cdc                LCDisplay::CursorHome() volatile
 .text._ZNV9LCDisplay9CurserPosEhh
                0x0000000000000cea       0x26 ./src/LCDisplay.o
                0x0000000000000cea                LCDisplay::CurserPos(unsigned char, unsigned char) volatile
 .text._ZNV9LCDisplay12GenerateCharEhPKh
                0x0000000000000d10       0x60 ./src/LCDisplay.o
                0x0000000000000d10                LCDisplay::GenerateChar(unsigned char, unsigned char const*) volatile
 .text._ZNV9LCDisplay10ShowCursorEb
                0x0000000000000d70       0x16 ./src/LCDisplay.o
                0x0000000000000d70                LCDisplay::ShowCursor(bool) volatile
 .text._ZNV9LCDisplay11CursorBlinkEb
                0x0000000000000d86       0x16 ./src/LCDisplay.o
                0x0000000000000d86                LCDisplay::CursorBlink(bool) volatile
 .text._ZN7LcdMenuD2Ev
                0x0000000000000d9c        0x2 ./src/LcdMenu.o
                0x0000000000000d9c                LcdMenu::~LcdMenu()
                0x0000000000000d9c                LcdMenu::~LcdMenu()
 .text._ZN7LcdMenuD0Ev
                0x0000000000000d9e        0x2 ./src/LcdMenu.o
                0x0000000000000d9e                LcdMenu::~LcdMenu()
 .text._ZN7LcdMenuC2E14ButtonConfig_tPV9LCDisplayP9MenuEntryPVh
                0x0000000000000da0       0x30 ./src/LcdMenu.o
                0x0000000000000da0                LcdMenu::LcdMenu(ButtonConfig_t, LCDisplay volatile*, MenuEntry*, unsigned char volatile*)
                0x0000000000000da0                LcdMenu::LcdMenu(ButtonConfig_t, LCDisplay volatile*, MenuEntry*, unsigned char volatile*)
 .text._ZN7LcdMenu7RunMenuEv
                0x0000000000000dd0       0x8e ./src/LcdMenu.o
                0x0000000000000dd0                LcdMenu::RunMenu()
 .text._ZN9MenuEntryD2Ev
                0x0000000000000e5e        0x2 ./src/MenuEntry.o
                0x0000000000000e5e                MenuEntry::~MenuEntry()
                0x0000000000000e5e                MenuEntry::~MenuEntry()
 .text._ZN9MenuEntryD0Ev
                0x0000000000000e60        0x2 ./src/MenuEntry.o
                0x0000000000000e60                MenuEntry::~MenuEntry()
 .text._ZN9MenuEntryC2EPKcPFvvEPS_
                0x0000000000000e62       0x18 ./src/MenuEntry.o
                0x0000000000000e62                MenuEntry::MenuEntry(char const*, void (*)(), MenuEntry*)
                0x0000000000000e62                MenuEntry::MenuEntry(char const*, void (*)(), MenuEntry*)
 .text._ZNV9MenuEntry12GetMenuTitleEv
                0x0000000000000e7a        0x8 ./src/MenuEntry.o
                0x0000000000000e7a                MenuEntry::GetMenuTitle() volatile
 .text._ZNV9MenuEntry3RunEv
                0x0000000000000e82        0xc ./src/MenuEntry.o
                0x0000000000000e82                MenuEntry::Run() volatile
 .text._ZNV9MenuEntry7SetNextEPS_
                0x0000000000000e8e        0x8 ./src/MenuEntry.o
                0x0000000000000e8e                MenuEntry::SetNext(MenuEntry*) volatile
 .text._ZNV9MenuEntry7GetNextEv
                0x0000000000000e96        0x8 ./src/MenuEntry.o
                0x0000000000000e96                MenuEntry::GetNext() volatile
 .text._Znwj    0x0000000000000e9e        0x4 ./src/helpers.o
                0x0000000000000e9e                operator new(unsigned int)
 .text._ZdlPv   0x0000000000000ea2        0x4 ./src/helpers.o
                0x0000000000000ea2                operator delete(void*)
 .text._Z13ButtonPressedPVhh
                0x0000000000000ea6       0x48 ./src/helpers.o
                0x0000000000000ea6                ButtonPressed(unsigned char volatile*, unsigned char)
 .text.startup.main
                0x0000000000000eee       0x74 ./src/main.o
                0x0000000000000eee                main
 .text._Z14Menu_SwitchDCFv
                0x0000000000000f62       0x98 ./src/system.o
                0x0000000000000f62                Menu_SwitchDCF()
 .text._Z12Menu_SetDatev
                0x0000000000000ffa       0x20 ./src/system.o
                0x0000000000000ffa                Menu_SetDate()
 .text._Z18Menu_SetSnoozeTimev
                0x000000000000101a       0x20 ./src/system.o
                0x000000000000101a                Menu_SetSnoozeTime()
 .text._Z16Menu_SwitchAlarmv
                0x000000000000103a       0xaa ./src/system.o
                0x000000000000103a                Menu_SwitchAlarm()
 .text._Z12DoDcfRefreshv
                0x00000000000010e4       0x92 ./src/system.o
                0x00000000000010e4                DoDcfRefresh()
 .text._Z16DoButtonHandlingv
                0x0000000000001176       0x4a ./src/system.o
                0x0000000000001176                DoButtonHandling()
 .text._Z16DoDisplayRefreshv
                0x00000000000011c0      0x118 ./src/system.o
                0x00000000000011c0                DoDisplayRefresh()
 .text._Z20GetDayLightDutyCyclem
                0x00000000000012d8       0xb2 ./src/system.o
                0x00000000000012d8                GetDayLightDutyCycle(unsigned long)
 .text._Z15DoAlarmHandlingv
                0x000000000000138a       0x9c ./src/system.o
                0x000000000000138a                DoAlarmHandling()
 .text._Z17InitDayLightAlarmv
                0x0000000000001426      0x26e ./src/system.o
                0x0000000000001426                InitDayLightAlarm()
 .text.__vector_11
                0x0000000000001694       0x9a ./src/system.o
                0x0000000000001694                __vector_11
 .text.__vector_1
                0x000000000000172e      0x1bc ./src/system.o
                0x000000000000172e                __vector_1
 .text.__vector_4
                0x00000000000018ea       0x7c ./src/system.o
                0x00000000000018ea                __vector_4
 .text.startup._GLOBAL__sub_I_dtCurrentDateTime
                0x0000000000001966       0x18 ./src/system.o
 .text._Z12Menu_SetTimev
                0x000000000000197e      0x2bc ./src/system.o
                0x000000000000197e                Menu_SetTime()
 .text._Z13Menu_SetAlarmv
                0x0000000000001c3a      0x2e0 ./src/system.o
                0x0000000000001c3a                Menu_SetAlarm()
 .text.exit._GLOBAL__sub_D_dtCurrentDateTime
                0x0000000000001f1a       0x18 ./src/system.o
 .text.libgcc.div
                0x0000000000001f32       0x26 /usr/lib/gcc/avr/4.9.1/avr5/libgcc.a(_divmodhi4.o)
                0x0000000000001f32                __divmodhi4
                0x0000000000001f32                _div
 .text.libgcc   0x0000000000001f58        0xc /usr/lib/gcc/avr/4.9.1/avr5/libgcc.a(_tablejump.o)
                0x0000000000001f58                __tablejump2__
                0x0000000000001f5c                __tablejump__
 .text.libgcc.builtins
                0x0000000000001f64       0x32 /usr/lib/gcc/avr/4.9.1/avr5/libgcc.a(_ashldi3.o)
                0x0000000000001f64                __ashldi3
 .text.libgcc   0x0000000000001f96       0x18 /usr/lib/gcc/avr/4.9.1/avr5/libgcc.a(_adddi3_s8.o)
                0x0000000000001f96                __adddi3_s8
 .text.libgcc.div
                0x0000000000001fae       0x28 /usr/lib/gcc/avr/4.9.1/avr5/libgcc.a(_udivmodhi4.o)
                0x0000000000001fae                __udivmodhi4
 .text.avr-libc
                0x0000000000001fd6      0x25a /usr/lib/gcc/avr/4.9.1/../../../../avr/lib/avr5/libc.a(malloc.o)
                0x0000000000001fd6                malloc
                0x0000000000002100                free
 .text.avr-libc
                0x0000000000002230       0x40 /usr/lib/gcc/avr/4.9.1/../../../../avr/lib/avr5/libc.a(sprintf.o)
                0x0000000000002230                sprintf
 .text.avr-libc
                0x0000000000002270      0x386 /usr/lib/gcc/avr/4.9.1/../../../../avr/lib/avr5/libc.a(vfprintf_std.o)
                0x0000000000002270                vfprintf
 .text.avr-libc
                0x00000000000025f6       0x20 /usr/lib/gcc/avr/4.9.1/../../../../avr/lib/avr5/libc.a(eerd_block_atmega32.o)
                0x00000000000025f6                __eerd_block_m32
                0x00000000000025fa                __eerd_blraw_m32
 .text.avr-libc
                0x0000000000002616       0x12 /usr/lib/gcc/avr/4.9.1/../../../../avr/lib/avr5/libc.a(eewr_block_atmega32.o)
                0x0000000000002616                __eewr_block_m32
 .text.avr-libc
                0x0000000000002628       0x1a /usr/lib/gcc/avr/4.9.1/../../../../avr/lib/avr5/libc.a(eewr_byte_atmega32.o)
                0x0000000000002628                __eewr_byte_m32
                0x000000000000262a                __eewr_r18_m32
 .text.avr-libc
                0x0000000000002642       0x16 /usr/lib/gcc/avr/4.9.1/../../../../avr/lib/avr5/libc.a(strnlen_P.o)
                0x0000000000002642                strnlen_P
 .text.avr-libc
                0x0000000000002658       0x16 /usr/lib/gcc/avr/4.9.1/../../../../avr/lib/avr5/libc.a(strnlen.o)
                0x0000000000002658                strnlen
 .text.avr-libc
                0x000000000000266e       0x70 /usr/lib/gcc/avr/4.9.1/../../../../avr/lib/avr5/libc.a(fputc.o)
                0x000000000000266e                fputc
 .text.avr-libc
                0x00000000000026de       0xbc /usr/lib/gcc/avr/4.9.1/../../../../avr/lib/avr5/libc.a(ultoa_invert.o)
                0x00000000000026de                __ultoa_invert
 .text.libgcc.prologue
                0x000000000000279a       0x38 /usr/lib/gcc/avr/4.9.1/avr5/libgcc.a(_prologue.o)
                0x000000000000279a                __prologue_saves__
 .text.libgcc.prologue
                0x00000000000027d2       0x36 /usr/lib/gcc/avr/4.9.1/avr5/libgcc.a(_epilogue.o)
                0x00000000000027d2                __epilogue_restores__
                0x0000000000002808                . = ALIGN (0x2)
 *(.fini9)
 .fini9         0x0000000000002808        0x0 /usr/lib/gcc/avr/4.9.1/avr5/libgcc.a(_exit.o)
                0x0000000000002808                exit
                0x0000000000002808                _exit
 *(.fini9)
 *(.fini8)
 *(.fini8)
 *(.fini7)
 *(.fini7)
 *(.fini6)
 .fini6         0x0000000000002808       0x14 /usr/lib/gcc/avr/4.9.1/avr5/libgcc.a(_dtors.o)
                0x0000000000002808                __do_global_dtors
 *(.fini6)
 *(.fini5)
 *(.fini5)
 *(.fini4)
 *(.fini4)
 *(.fini3)
 *(.fini3)
 *(.fini2)
 *(.fini2)
 *(.fini1)
 *(.fini1)
 *(.fini0)
 .fini0         0x000000000000281c        0x4 /usr/lib/gcc/avr/4.9.1/avr5/libgcc.a(_exit.o)
 *(.fini0)
                0x0000000000002820                _etext = .

.data           0x0000000000800060      0x4c8 load address 0x0000000000002820
                0x0000000000800060                PROVIDE (__data_start, .)
 *(.data)
 .data          0x0000000000800060        0x0 /usr/lib/gcc/avr/4.9.1/../../../../avr/lib/avr5/crtm32.o
 .data          0x0000000000800060        0x0 ./src/DateTime.o
 .data          0x0000000000800060        0x0 ./src/DcfData.o
 .data          0x0000000000800060        0x0 ./src/LCDisplay.o
 .data          0x0000000000800060        0x0 ./src/LcdMenu.o
 .data          0x0000000000800060        0x0 ./src/MenuEntry.o
 .data          0x0000000000800060        0x0 ./src/helpers.o
 .data          0x0000000000800060        0x0 ./src/main.o
 .data          0x0000000000800060        0x0 ./src/system.o
 .data          0x0000000000800060        0x0 /usr/lib/gcc/avr/4.9.1/avr5/libgcc.a(_divmodhi4.o)
 .data          0x0000000000800060        0x0 /usr/lib/gcc/avr/4.9.1/avr5/libgcc.a(_exit.o)
 .data          0x0000000000800060        0x0 /usr/lib/gcc/avr/4.9.1/avr5/libgcc.a(_tablejump.o)
 .data          0x0000000000800060        0x0 /usr/lib/gcc/avr/4.9.1/avr5/libgcc.a(_copy_data.o)
 .data          0x0000000000800060        0x0 /usr/lib/gcc/avr/4.9.1/avr5/libgcc.a(_clear_bss.o)
 .data          0x0000000000800060        0x0 /usr/lib/gcc/avr/4.9.1/avr5/libgcc.a(_ctors.o)
 .data          0x0000000000800060        0x0 /usr/lib/gcc/avr/4.9.1/avr5/libgcc.a(_dtors.o)
 .data          0x0000000000800060        0x0 /usr/lib/gcc/avr/4.9.1/avr5/libgcc.a(_ashldi3.o)
 .data          0x0000000000800060        0x0 /usr/lib/gcc/avr/4.9.1/avr5/libgcc.a(_adddi3_s8.o)
 .data          0x0000000000800060        0x0 /usr/lib/gcc/avr/4.9.1/avr5/libgcc.a(_udivmodhi4.o)
 .data          0x0000000000800060        0x6 /usr/lib/gcc/avr/4.9.1/../../../../avr/lib/avr5/libc.a(malloc.o)
                0x0000000000800060                __malloc_heap_end
                0x0000000000800062                __malloc_heap_start
                0x0000000000800064                __malloc_margin
 .data          0x0000000000800066        0x0 /usr/lib/gcc/avr/4.9.1/../../../../avr/lib/avr5/libc.a(sprintf.o)
 .data          0x0000000000800066        0x0 /usr/lib/gcc/avr/4.9.1/../../../../avr/lib/avr5/libc.a(vfprintf_std.o)
 .data          0x0000000000800066        0x0 /usr/lib/gcc/avr/4.9.1/../../../../avr/lib/avr5/libc.a(eerd_block_atmega32.o)
 .data          0x0000000000800066        0x0 /usr/lib/gcc/avr/4.9.1/../../../../avr/lib/avr5/libc.a(eewr_block_atmega32.o)
 .data          0x0000000000800066        0x0 /usr/lib/gcc/avr/4.9.1/../../../../avr/lib/avr5/libc.a(eewr_byte_atmega32.o)
 .data          0x0000000000800066        0x0 /usr/lib/gcc/avr/4.9.1/../../../../avr/lib/avr5/libc.a(strnlen_P.o)
 .data          0x0000000000800066        0x0 /usr/lib/gcc/avr/4.9.1/../../../../avr/lib/avr5/libc.a(strnlen.o)
 .data          0x0000000000800066        0x0 /usr/lib/gcc/avr/4.9.1/../../../../avr/lib/avr5/libc.a(fputc.o)
 .data          0x0000000000800066        0x0 /usr/lib/gcc/avr/4.9.1/../../../../avr/lib/avr5/libc.a(ultoa_invert.o)
 .data          0x0000000000800066        0x0 /usr/lib/gcc/avr/4.9.1/avr5/libgcc.a(_prologue.o)
 .data          0x0000000000800066        0x0 /usr/lib/gcc/avr/4.9.1/avr5/libgcc.a(_epilogue.o)
 *(.data*)
 .data.chrAlarmOn
                0x0000000000800066        0x8 ./src/main.o
                0x0000000000800066                chrAlarmOn
 .data.chrDCFOff
                0x000000000080006e        0x8 ./src/main.o
                0x000000000080006e                chrDCFOff
 .data.chrDCFOn_2
                0x0000000000800076        0x8 ./src/main.o
                0x0000000000800076                chrDCFOn_2
 .data.chrDCFOn_1
                0x000000000080007e        0x8 ./src/main.o
                0x000000000080007e                chrDCFOn_1
 .data.bMenuStartAllowed
                0x0000000000800086        0x1 ./src/system.o
                0x0000000000800086                bMenuStartAllowed
 *(.rodata)
 .rodata        0x0000000000800087        0xe ./src/DateTime.o
 *(.rodata*)
 .rodata.str1.1
                0x0000000000800095       0x4f ./src/DateTime.o
                                         0x5b (size before relaxing)
 .rodata._ZTV8DateTime
                0x00000000008000e4        0x8 ./src/DateTime.o
                0x00000000008000e4                vtable for DateTime
 .rodata._ZTV7DcfData
                0x00000000008000ec        0x8 ./src/DcfData.o
                0x00000000008000ec                vtable for DcfData
 .rodata._ZTV9LCDisplay
                0x00000000008000f4        0x8 ./src/LCDisplay.o
                0x00000000008000f4                vtable for LCDisplay
 .rodata.str1.1
                0x00000000008000fc        0x6 ./src/LcdMenu.o
 .rodata._ZTV7LcdMenu
                0x0000000000800102        0x8 ./src/LcdMenu.o
                0x0000000000800102                vtable for LcdMenu
 .rodata._ZTV9MenuEntry
                0x000000000080010a        0x8 ./src/MenuEntry.o
                0x000000000080010a                vtable for MenuEntry
 .rodata.str1.1
                0x0000000000800112       0x8c ./src/system.o
                                         0x8e (size before relaxing)
 .rodata._ZL11nExpMapping
                0x000000000080019e      0x258 ./src/system.o
 .rodata._ZL14nLinearMapping
                0x00000000008003f6      0x132 ./src/system.o
 *(.gnu.linkonce.d*)
                0x0000000000800528                . = ALIGN (0x2)
                0x0000000000800528                _edata = .
                0x0000000000800528                PROVIDE (__data_end, .)

.bss            0x0000000000800528       0x70
                0x0000000000800528                PROVIDE (__bss_start, .)
 *(.bss)
 *(.bss*)
 .bss._ZZNV8DateTime13GetDatestringEbE7sString
                0x0000000000800528       0x11 ./src/DateTime.o
 .bss._ZZNV8DateTime13GetTimestringEbE7sString
                0x0000000000800539       0x11 ./src/DateTime.o
 .bss._ZZ20GetDayLightDutyCyclemE4nRet
                0x000000000080054a        0x2 ./src/system.o
 .bss._ZZ20GetDayLightDutyCyclemE12nLinearIndex
                0x000000000080054c        0x2 ./src/system.o
 .bss.lmLCDMenu
                0x000000000080054e        0x2 ./src/system.o
                0x000000000080054e                lmLCDMenu
 .bss.meMenuEntries
                0x0000000000800550        0xc ./src/system.o
                0x0000000000800550                meMenuEntries
 .bss.nCurrentBitNumber
                0x000000000080055c        0x1 ./src/system.o
                0x000000000080055c                nCurrentBitNumber
 .bss.nLowLevelTicks
                0x000000000080055d        0x1 ./src/system.o
                0x000000000080055d                nLowLevelTicks
 .bss.nBitTime  0x000000000080055e        0x8 ./src/system.o
                0x000000000080055e                nBitTime
 .bss.nBitSequenceTime
                0x0000000000800566        0x8 ./src/system.o
                0x0000000000800566                nBitSequenceTime
 .bss.nFlags    0x000000000080056e        0x2 ./src/system.o
                0x000000000080056e                nFlags
 .bss.nClockOverflows
                0x0000000000800570        0x1 ./src/system.o
                0x0000000000800570                nClockOverflows
 .bss.nMenuSecondCounter
                0x0000000000800571        0x1 ./src/system.o
                0x0000000000800571                nMenuSecondCounter
 .bss.lcDisplay
                0x0000000000800572        0x2 ./src/system.o
                0x0000000000800572                lcDisplay
 .bss.dtDcfData
                0x0000000000800574       0x10 ./src/system.o
                0x0000000000800574                dtDcfData
 .bss.tmAlarmTime
                0x0000000000800584        0x8 ./src/system.o
                0x0000000000800584                tmAlarmTime
 .bss.dtCurrentDateTime
                0x000000000080058c        0x8 ./src/system.o
                0x000000000080058c                dtCurrentDateTime
 *(COMMON)
 COMMON         0x0000000000800594        0x4 /usr/lib/gcc/avr/4.9.1/../../../../avr/lib/avr5/libc.a(malloc.o)
                0x0000000000800594                __brkval
                0x0000000000800596                __flp
                0x0000000000800598                PROVIDE (__bss_end, .)
                0x0000000000002820                __data_load_start = LOADADDR (.data)
                0x0000000000002ce8                __data_load_end = (__data_load_start + SIZEOF (.data))

.noinit         0x0000000000800598        0x0
                0x0000000000800598                PROVIDE (__noinit_start, .)
 *(.noinit*)
                0x0000000000800598                PROVIDE (__noinit_end, .)
                0x0000000000800598                _end = .
                0x0000000000800598                PROVIDE (__heap_start, .)

.eeprom         0x0000000000810000        0x0
 *(.eeprom*)
                0x0000000000810000                __eeprom_end = .

.fuse
 *(.fuse)
 *(.lfuse)
 *(.hfuse)
 *(.efuse)

.lock
 *(.lock*)

.signature
 *(.signature*)

.stab
 *(.stab)

.stabstr
 *(.stabstr)

.stab.excl
 *(.stab.excl)

.stab.exclstr
 *(.stab.exclstr)

.stab.index
 *(.stab.index)

.stab.indexstr
 *(.stab.indexstr)

.comment        0x0000000000000000       0x11
 *(.comment)
 .comment       0x0000000000000000       0x11 ./src/DateTime.o
                                         0x12 (size before relaxing)
 .comment       0x0000000000000000       0x12 ./src/DcfData.o
 .comment       0x0000000000000000       0x12 ./src/LCDisplay.o
 .comment       0x0000000000000000       0x12 ./src/LcdMenu.o
 .comment       0x0000000000000000       0x12 ./src/MenuEntry.o
 .comment       0x0000000000000000       0x12 ./src/helpers.o
 .comment       0x0000000000000000       0x12 ./src/main.o
 .comment       0x0000000000000000       0x12 ./src/system.o
 .comment       0x0000000000000000       0x12 /usr/lib/gcc/avr/4.9.1/../../../../avr/lib/avr5/libc.a(malloc.o)
 .comment       0x0000000000000000       0x12 /usr/lib/gcc/avr/4.9.1/../../../../avr/lib/avr5/libc.a(sprintf.o)
 .comment       0x0000000000000000       0x12 /usr/lib/gcc/avr/4.9.1/../../../../avr/lib/avr5/libc.a(vfprintf_std.o)
 .comment       0x0000000000000000       0x12 /usr/lib/gcc/avr/4.9.1/../../../../avr/lib/avr5/libc.a(fputc.o)

.note.gnu.build-id
 *(.note.gnu.build-id)

.debug
 *(.debug)

.line
 *(.line)

.debug_srcinfo
 *(.debug_srcinfo)

.debug_sfnames
 *(.debug_sfnames)

.debug_aranges
 *(.debug_aranges)

.debug_pubnames
 *(.debug_pubnames)

.debug_info     0x0000000000000000      0x4e6
 *(.debug_info .gnu.linkonce.wi.*)
 .debug_info    0x0000000000000000      0x4e6 /usr/lib/gcc/avr/4.9.1/../../../../avr/lib/avr5/crtm32.o

.debug_abbrev   0x0000000000000000      0x4a3
 *(.debug_abbrev)
 .debug_abbrev  0x0000000000000000      0x4a3 /usr/lib/gcc/avr/4.9.1/../../../../avr/lib/avr5/crtm32.o

.debug_line     0x0000000000000000       0x1d
 *(.debug_line .debug_line.* .debug_line_end)
 .debug_line    0x0000000000000000       0x1d /usr/lib/gcc/avr/4.9.1/../../../../avr/lib/avr5/crtm32.o

.debug_frame
 *(.debug_frame)

.debug_str      0x0000000000000000      0x196
 *(.debug_str)
 .debug_str     0x0000000000000000      0x196 /usr/lib/gcc/avr/4.9.1/../../../../avr/lib/avr5/crtm32.o

.debug_loc
 *(.debug_loc)

.debug_macinfo
 *(.debug_macinfo)

.debug_weaknames
 *(.debug_weaknames)

.debug_funcnames
 *(.debug_funcnames)

.debug_typenames
 *(.debug_typenames)

.debug_varnames
 *(.debug_varnames)

.debug_pubtypes
 *(.debug_pubtypes)

.debug_ranges
 *(.debug_ranges)

.debug_macro
 *(.debug_macro)
OUTPUT(DayLight.elf elf32-avr)
LOAD linker stubs

Cross Reference Table

Symbol                                            File
ButtonPressed(unsigned char volatile*, unsigned char) ./src/helpers.o
                                                  ./src/system.o
                                                  ./src/main.o
                                                  ./src/LcdMenu.o
DateTime::DateTime()                              ./src/DateTime.o
                                                  ./src/DcfData.o
DateTime::DateTime()                              ./src/DateTime.o
                                                  ./src/system.o
DateTime::DateTime(Time_t, Date_t)                ./src/DateTime.o
DateTime::DateTime(Time_t, Date_t)                ./src/DateTime.o
DateTime::GetDatestring(bool) volatile            ./src/DateTime.o
                                                  ./src/system.o
DateTime::GetDay() volatile                       ./src/DateTime.o
                                                  ./src/system.o
DateTime::GetDayOfWeek() volatile                 ./src/DateTime.o
                                                  ./src/system.o
DateTime::GetHour() volatile                      ./src/DateTime.o
                                                  ./src/system.o
DateTime::GetMinute() volatile                    ./src/DateTime.o
                                                  ./src/system.o
DateTime::GetMonth() volatile                     ./src/DateTime.o
                                                  ./src/system.o
DateTime::GetSecond() volatile                    ./src/DateTime.o
                                                  ./src/system.o
DateTime::GetTimeDifferenceInSecs(DateTime*) volatile ./src/DateTime.o
                                                  ./src/system.o
DateTime::GetTimestring(bool) volatile            ./src/DateTime.o
                                                  ./src/system.o
DateTime::GetYear() volatile                      ./src/DateTime.o
                                                  ./src/system.o
DateTime::Increase() volatile                     ./src/DateTime.o
                                                  ./src/system.o
DateTime::IsDateEqualTo(DateTime*, bool) volatile ./src/DateTime.o
DateTime::IsTimeEqualTo(DateTime*) volatile       ./src/DateTime.o
DateTime::SetDay(unsigned char) volatile          ./src/DateTime.o
                                                  ./src/system.o
DateTime::SetDayOfWeek(unsigned char) volatile    ./src/DateTime.o
                                                  ./src/system.o
DateTime::SetHour(unsigned char) volatile         ./src/DateTime.o
                                                  ./src/system.o
DateTime::SetMinute(unsigned char) volatile       ./src/DateTime.o
                                                  ./src/system.o
DateTime::SetMonth(unsigned char) volatile        ./src/DateTime.o
                                                  ./src/system.o
DateTime::SetSecond(unsigned char) volatile       ./src/DateTime.o
                                                  ./src/system.o
DateTime::SetYear(unsigned int) volatile          ./src/DateTime.o
                                                  ./src/system.o
DateTime::~DateTime()                             ./src/DateTime.o
                                                  ./src/DcfData.o
DateTime::~DateTime()                             ./src/DateTime.o
                                                  ./src/system.o
DateTime::~DateTime()                             ./src/DateTime.o
DcfData::AddBit(unsigned char, unsigned char) volatile ./src/DcfData.o
                                                  ./src/system.o
DcfData::CheckParity(unsigned long, unsigned char, bool) volatile ./src/DcfData.o
DcfData::DcfData()                                ./src/DcfData.o
DcfData::DcfData()                                ./src/DcfData.o
                                                  ./src/system.o
DcfData::EvaluateDateTime(bool) volatile          ./src/DcfData.o
                                                  ./src/system.o
DcfData::Reset() volatile                         ./src/DcfData.o
DcfData::~DcfData()                               ./src/DcfData.o
DcfData::~DcfData()                               ./src/DcfData.o
DcfData::~DcfData()                               ./src/DcfData.o
                                                  ./src/system.o
DoAlarmHandling()                                 ./src/system.o
                                                  ./src/main.o
DoButtonHandling()                                ./src/system.o
                                                  ./src/main.o
DoDcfRefresh()                                    ./src/system.o
                                                  ./src/main.o
DoDisplayRefresh()                                ./src/system.o
                                                  ./src/main.o
GetDayLightDutyCycle(unsigned long)               ./src/system.o
InitDayLightAlarm()                               ./src/system.o
                                                  ./src/main.o
InitFlags()                                       ./src/system.o
LCDisplay::ClearLCDisplay() volatile              ./src/LCDisplay.o
                                                  ./src/system.o
                                                  ./src/LcdMenu.o
LCDisplay::CurserPos(unsigned char, unsigned char) volatile ./src/LCDisplay.o
                                                  ./src/system.o
                                                  ./src/LcdMenu.o
LCDisplay::CursorBlink(bool) volatile             ./src/LCDisplay.o
                                                  ./src/system.o
LCDisplay::CursorHome() volatile                  ./src/LCDisplay.o
                                                  ./src/system.o
                                                  ./src/LcdMenu.o
LCDisplay::GenerateChar(unsigned char, unsigned char const*) volatile ./src/LCDisplay.o
                                                  ./src/main.o
LCDisplay::InitLCDisplay() volatile               ./src/LCDisplay.o
                                                  ./src/system.o
LCDisplay::LCDisplay(LcdHwConfig)                 ./src/LCDisplay.o
LCDisplay::LCDisplay(LcdHwConfig)                 ./src/LCDisplay.o
                                                  ./src/system.o
LCDisplay::LcdEnable() volatile                   ./src/LCDisplay.o
LCDisplay::LcdOut(unsigned char) volatile         ./src/LCDisplay.o
LCDisplay::SetDisplayLight(bool) volatile         ./src/LCDisplay.o
                                                  ./src/main.o
LCDisplay::ShowCursor(bool) volatile              ./src/LCDisplay.o
                                                  ./src/system.o
LCDisplay::WriteCommand(unsigned char) volatile   ./src/LCDisplay.o
LCDisplay::WriteData(unsigned char) volatile      ./src/LCDisplay.o
                                                  ./src/system.o
LCDisplay::WriteString(char const*) volatile      ./src/LCDisplay.o
                                                  ./src/system.o
                                                  ./src/LcdMenu.o
LCDisplay::~LCDisplay()                           ./src/LCDisplay.o
LCDisplay::~LCDisplay()                           ./src/LCDisplay.o
LCDisplay::~LCDisplay()                           ./src/LCDisplay.o
LcdMenu::GetLCDisplay()                           ./src/LcdMenu.o
LcdMenu::GetMenuEntry()                           ./src/LcdMenu.o
LcdMenu::LcdMenu()                                ./src/LcdMenu.o
LcdMenu::LcdMenu()                                ./src/LcdMenu.o
LcdMenu::LcdMenu(ButtonConfig_t, LCDisplay volatile*, MenuEntry*, unsigned char volatile*) ./src/LcdMenu.o
                                                  ./src/system.o
LcdMenu::LcdMenu(ButtonConfig_t, LCDisplay volatile*, MenuEntry*, unsigned char volatile*) ./src/LcdMenu.o
LcdMenu::RunMenu()                                ./src/LcdMenu.o
                                                  ./src/system.o
LcdMenu::SetButtonConfig(ButtonConfig_t)          ./src/LcdMenu.o
LcdMenu::SetLCDisplay(LCDisplay*)                 ./src/LcdMenu.o
LcdMenu::SetMenuEntry(MenuEntry*)                 ./src/LcdMenu.o
LcdMenu::~LcdMenu()                               ./src/LcdMenu.o
LcdMenu::~LcdMenu()                               ./src/LcdMenu.o
LcdMenu::~LcdMenu()                               ./src/LcdMenu.o
MenuEntry::GetMenuTitle() volatile                ./src/MenuEntry.o
                                                  ./src/LcdMenu.o
MenuEntry::GetNext() volatile                     ./src/MenuEntry.o
                                                  ./src/LcdMenu.o
MenuEntry::MenuEntry()                            ./src/MenuEntry.o
MenuEntry::MenuEntry()                            ./src/MenuEntry.o
MenuEntry::MenuEntry(char const*, void (*)(), MenuEntry*) ./src/MenuEntry.o
MenuEntry::MenuEntry(char const*, void (*)(), MenuEntry*) ./src/MenuEntry.o
                                                  ./src/system.o
MenuEntry::Run() volatile                         ./src/MenuEntry.o
                                                  ./src/LcdMenu.o
MenuEntry::SetFunction(void (*)()) volatile       ./src/MenuEntry.o
MenuEntry::SetMenuTitle(char const*) volatile     ./src/MenuEntry.o
MenuEntry::SetNext(MenuEntry*) volatile           ./src/MenuEntry.o
                                                  ./src/system.o
MenuEntry::~MenuEntry()                           ./src/MenuEntry.o
MenuEntry::~MenuEntry()                           ./src/MenuEntry.o
MenuEntry::~MenuEntry()                           ./src/MenuEntry.o
Menu_SetAlarm()                                   ./src/system.o
Menu_SetDate()                                    ./src/system.o
Menu_SetSnoozeTime()                              ./src/system.o
Menu_SetTime()                                    ./src/system.o
Menu_SwitchAlarm()                                ./src/system.o
Menu_SwitchDCF()                                  ./src/system.o
__adddi3_s8                                       /usr/lib/gcc/avr/4.9.1/avr5/libgcc.a(_adddi3_s8.o)
                                                  ./src/system.o
__ashldi3                                         /usr/lib/gcc/avr/4.9.1/avr5/libgcc.a(_ashldi3.o)
                                                  ./src/DcfData.o
__bad_interrupt                                   /usr/lib/gcc/avr/4.9.1/../../../../avr/lib/avr5/crtm32.o
__brkval                                          /usr/lib/gcc/avr/4.9.1/../../../../avr/lib/avr5/libc.a(malloc.o)
__bss_end                                         /usr/lib/gcc/avr/4.9.1/avr5/libgcc.a(_clear_bss.o)
__bss_start                                       /usr/lib/gcc/avr/4.9.1/avr5/libgcc.a(_clear_bss.o)
__ctors_end                                       /usr/lib/gcc/avr/4.9.1/avr5/libgcc.a(_ctors.o)
__ctors_start                                     /usr/lib/gcc/avr/4.9.1/avr5/libgcc.a(_ctors.o)
__data_end                                        /usr/lib/gcc/avr/4.9.1/avr5/libgcc.a(_copy_data.o)
__data_load_start                                 /usr/lib/gcc/avr/4.9.1/avr5/libgcc.a(_copy_data.o)
__data_start                                      /usr/lib/gcc/avr/4.9.1/avr5/libgcc.a(_copy_data.o)
__divmodhi4                                       /usr/lib/gcc/avr/4.9.1/avr5/libgcc.a(_divmodhi4.o)
                                                  ./src/DateTime.o
__do_clear_bss                                    /usr/lib/gcc/avr/4.9.1/avr5/libgcc.a(_clear_bss.o)
                                                  /usr/lib/gcc/avr/4.9.1/../../../../avr/lib/avr5/libc.a(malloc.o)
                                                  ./src/system.o
                                                  ./src/DateTime.o
__do_copy_data                                    /usr/lib/gcc/avr/4.9.1/avr5/libgcc.a(_copy_data.o)
                                                  /usr/lib/gcc/avr/4.9.1/../../../../avr/lib/avr5/libc.a(malloc.o)
                                                  ./src/system.o
                                                  ./src/main.o
                                                  ./src/MenuEntry.o
                                                  ./src/LcdMenu.o
                                                  ./src/LCDisplay.o
                                                  ./src/DcfData.o
                                                  ./src/DateTime.o
__do_global_ctors                                 /usr/lib/gcc/avr/4.9.1/avr5/libgcc.a(_ctors.o)
                                                  ./src/system.o
__do_global_dtors                                 /usr/lib/gcc/avr/4.9.1/avr5/libgcc.a(_dtors.o)
                                                  ./src/system.o
__dtors_end                                       /usr/lib/gcc/avr/4.9.1/avr5/libgcc.a(_dtors.o)
__dtors_start                                     /usr/lib/gcc/avr/4.9.1/avr5/libgcc.a(_dtors.o)
__eerd_block_m32                                  /usr/lib/gcc/avr/4.9.1/../../../../avr/lib/avr5/libc.a(eerd_block_atmega32.o)
                                                  ./src/system.o
__eerd_blraw_m32                                  /usr/lib/gcc/avr/4.9.1/../../../../avr/lib/avr5/libc.a(eerd_block_atmega32.o)
__eewr_block_m32                                  /usr/lib/gcc/avr/4.9.1/../../../../avr/lib/avr5/libc.a(eewr_block_atmega32.o)
                                                  ./src/system.o
__eewr_byte_m32                                   /usr/lib/gcc/avr/4.9.1/../../../../avr/lib/avr5/libc.a(eewr_byte_atmega32.o)
__eewr_r18_m32                                    /usr/lib/gcc/avr/4.9.1/../../../../avr/lib/avr5/libc.a(eewr_byte_atmega32.o)
                                                  /usr/lib/gcc/avr/4.9.1/../../../../avr/lib/avr5/libc.a(eewr_block_atmega32.o)
__epilogue_restores__                             /usr/lib/gcc/avr/4.9.1/avr5/libgcc.a(_epilogue.o)
                                                  /usr/lib/gcc/avr/4.9.1/../../../../avr/lib/avr5/libc.a(vfprintf_std.o)
                                                  /usr/lib/gcc/avr/4.9.1/../../../../avr/lib/avr5/libc.a(sprintf.o)
__flp                                             /usr/lib/gcc/avr/4.9.1/../../../../avr/lib/avr5/libc.a(malloc.o)
__heap_end                                        /usr/lib/gcc/avr/4.9.1/../../../../avr/lib/avr5/crtm32.o
                                                  /usr/lib/gcc/avr/4.9.1/../../../../avr/lib/avr5/libc.a(malloc.o)
__heap_start                                      /usr/lib/gcc/avr/4.9.1/../../../../avr/lib/avr5/libc.a(malloc.o)
__init                                            /usr/lib/gcc/avr/4.9.1/../../../../avr/lib/avr5/crtm32.o
__malloc_heap_end                                 /usr/lib/gcc/avr/4.9.1/../../../../avr/lib/avr5/libc.a(malloc.o)
__malloc_heap_start                               /usr/lib/gcc/avr/4.9.1/../../../../avr/lib/avr5/libc.a(malloc.o)
__malloc_margin                                   /usr/lib/gcc/avr/4.9.1/../../../../avr/lib/avr5/libc.a(malloc.o)
__prologue_saves__                                /usr/lib/gcc/avr/4.9.1/avr5/libgcc.a(_prologue.o)
                                                  /usr/lib/gcc/avr/4.9.1/../../../../avr/lib/avr5/libc.a(vfprintf_std.o)
                                                  /usr/lib/gcc/avr/4.9.1/../../../../avr/lib/avr5/libc.a(sprintf.o)
__stack                                           /usr/lib/gcc/avr/4.9.1/../../../../avr/lib/avr5/crtm32.o
__tablejump2__                                    /usr/lib/gcc/avr/4.9.1/avr5/libgcc.a(_tablejump.o)
                                                  ./src/DateTime.o
__tablejump__                                     /usr/lib/gcc/avr/4.9.1/avr5/libgcc.a(_tablejump.o)
                                                  /usr/lib/gcc/avr/4.9.1/avr5/libgcc.a(_dtors.o)
                                                  /usr/lib/gcc/avr/4.9.1/avr5/libgcc.a(_ctors.o)
__udivmodhi4                                      /usr/lib/gcc/avr/4.9.1/avr5/libgcc.a(_udivmodhi4.o)
                                                  /usr/lib/gcc/avr/4.9.1/avr5/libgcc.a(_divmodhi4.o)
__ultoa_invert                                    /usr/lib/gcc/avr/4.9.1/../../../../avr/lib/avr5/libc.a(ultoa_invert.o)
                                                  /usr/lib/gcc/avr/4.9.1/../../../../avr/lib/avr5/libc.a(vfprintf_std.o)
__vector_1                                        ./src/system.o
                                                  /usr/lib/gcc/avr/4.9.1/../../../../avr/lib/avr5/crtm32.o
__vector_10                                       /usr/lib/gcc/avr/4.9.1/../../../../avr/lib/avr5/crtm32.o
__vector_11                                       ./src/system.o
                                                  /usr/lib/gcc/avr/4.9.1/../../../../avr/lib/avr5/crtm32.o
__vector_12                                       /usr/lib/gcc/avr/4.9.1/../../../../avr/lib/avr5/crtm32.o
__vector_13                                       /usr/lib/gcc/avr/4.9.1/../../../../avr/lib/avr5/crtm32.o
__vector_14                                       /usr/lib/gcc/avr/4.9.1/../../../../avr/lib/avr5/crtm32.o
__vector_15                                       /usr/lib/gcc/avr/4.9.1/../../../../avr/lib/avr5/crtm32.o
__vector_16                                       /usr/lib/gcc/avr/4.9.1/../../../../avr/lib/avr5/crtm32.o
__vector_17                                       /usr/lib/gcc/avr/4.9.1/../../../../avr/lib/avr5/crtm32.o
__vector_18                                       /usr/lib/gcc/avr/4.9.1/../../../../avr/lib/avr5/crtm32.o
__vector_19                                       /usr/lib/gcc/avr/4.9.1/../../../../avr/lib/avr5/crtm32.o
__vector_2                                        /usr/lib/gcc/avr/4.9.1/../../../../avr/lib/avr5/crtm32.o
__vector_20                                       /usr/lib/gcc/avr/4.9.1/../../../../avr/lib/avr5/crtm32.o
__vector_3                                        /usr/lib/gcc/avr/4.9.1/../../../../avr/lib/avr5/crtm32.o
__vector_4                                        ./src/system.o
                                                  /usr/lib/gcc/avr/4.9.1/../../../../avr/lib/avr5/crtm32.o
__vector_5                                        /usr/lib/gcc/avr/4.9.1/../../../../avr/lib/avr5/crtm32.o
__vector_6                                        /usr/lib/gcc/avr/4.9.1/../../../../avr/lib/avr5/crtm32.o
__vector_7                                        /usr/lib/gcc/avr/4.9.1/../../../../avr/lib/avr5/crtm32.o
__vector_8                                        /usr/lib/gcc/avr/4.9.1/../../../../avr/lib/avr5/crtm32.o
__vector_9                                        /usr/lib/gcc/avr/4.9.1/../../../../avr/lib/avr5/crtm32.o
__vector_default                                  /usr/lib/gcc/avr/4.9.1/../../../../avr/lib/avr5/crtm32.o
__vectors                                         /usr/lib/gcc/avr/4.9.1/../../../../avr/lib/avr5/crtm32.o
_div                                              /usr/lib/gcc/avr/4.9.1/avr5/libgcc.a(_divmodhi4.o)
_exit                                             /usr/lib/gcc/avr/4.9.1/avr5/libgcc.a(_exit.o)
bMenuStartAllowed                                 ./src/system.o
                                                  ./src/main.o
chrAlarmOn                                        ./src/main.o
chrDCFOff                                         ./src/main.o
chrDCFOn_1                                        ./src/main.o
chrDCFOn_2                                        ./src/main.o
dtCurrentDateTime                                 ./src/system.o
dtDcfData                                         ./src/system.o
exit                                              /usr/lib/gcc/avr/4.9.1/avr5/libgcc.a(_exit.o)
                                                  /usr/lib/gcc/avr/4.9.1/../../../../avr/lib/avr5/crtm32.o
fputc                                             /usr/lib/gcc/avr/4.9.1/../../../../avr/lib/avr5/libc.a(fputc.o)
                                                  /usr/lib/gcc/avr/4.9.1/../../../../avr/lib/avr5/libc.a(vfprintf_std.o)
free                                              /usr/lib/gcc/avr/4.9.1/../../../../avr/lib/avr5/libc.a(malloc.o)
                                                  ./src/helpers.o
lcDisplay                                         ./src/system.o
                                                  ./src/main.o
lmLCDMenu                                         ./src/system.o
main                                              ./src/main.o
                                                  /usr/lib/gcc/avr/4.9.1/../../../../avr/lib/avr5/crtm32.o
malloc                                            /usr/lib/gcc/avr/4.9.1/../../../../avr/lib/avr5/libc.a(malloc.o)
                                                  ./src/helpers.o
meMenuEntries                                     ./src/system.o
nBitSequenceTime                                  ./src/system.o
nBitTime                                          ./src/system.o
nClockOverflows                                   ./src/system.o
nCurrentBitNumber                                 ./src/system.o
nFlags                                            ./src/system.o
nLowLevelTicks                                    ./src/system.o
nMenuSecondCounter                                ./src/system.o
operator delete(void*)                            ./src/helpers.o
                                                  ./src/MenuEntry.o
                                                  ./src/LcdMenu.o
                                                  ./src/LCDisplay.o
                                                  ./src/DcfData.o
                                                  ./src/DateTime.o
operator new(unsigned int)                        ./src/helpers.o
                                                  ./src/system.o
sprintf                                           /usr/lib/gcc/avr/4.9.1/../../../../avr/lib/avr5/libc.a(sprintf.o)
                                                  ./src/system.o
                                                  ./src/DateTime.o
strnlen                                           /usr/lib/gcc/avr/4.9.1/../../../../avr/lib/avr5/libc.a(strnlen.o)
                                                  /usr/lib/gcc/avr/4.9.1/../../../../avr/lib/avr5/libc.a(vfprintf_std.o)
strnlen_P                                         /usr/lib/gcc/avr/4.9.1/../../../../avr/lib/avr5/libc.a(strnlen_P.o)
                                                  /usr/lib/gcc/avr/4.9.1/../../../../avr/lib/avr5/libc.a(vfprintf_std.o)
tmAlarmTime                                       ./src/system.o
vfprintf                                          /usr/lib/gcc/avr/4.9.1/../../../../avr/lib/avr5/libc.a(vfprintf_std.o)
                                                  /usr/lib/gcc/avr/4.9.1/../../../../avr/lib/avr5/libc.a(sprintf.o)
vtable for DateTime                               ./src/DateTime.o
vtable for DcfData                                ./src/DcfData.o
vtable for LCDisplay                              ./src/LCDisplay.o
vtable for LcdMenu                                ./src/LcdMenu.o
vtable for MenuEntry                              ./src/MenuEntry.o
