Archive member included because of file (symbol)

/usr/lib/gcc/avr/4.9.1/avr4/libgcc.a(_divmodhi4.o)
                              ./src/Date.o (__divmodhi4)
/usr/lib/gcc/avr/4.9.1/avr4/libgcc.a(_exit.o)
                              /usr/lib/gcc/avr/4.9.1/../../../../avr/lib/avr4/crtm8.o (exit)
/usr/lib/gcc/avr/4.9.1/avr4/libgcc.a(_copy_data.o)
                              ./src/Date.o (__do_copy_data)
/usr/lib/gcc/avr/4.9.1/avr4/libgcc.a(_clear_bss.o)
                              ./src/Date.o (__do_clear_bss)
/usr/lib/gcc/avr/4.9.1/avr4/libgcc.a(_ctors.o)
                              ./src/system.o (__do_global_ctors)
/usr/lib/gcc/avr/4.9.1/avr4/libgcc.a(_dtors.o)
                              ./src/system.o (__do_global_dtors)
/usr/lib/gcc/avr/4.9.1/avr4/libgcc.a(_ashldi3.o)
                              ./src/DcfData.o (__ashldi3)
/usr/lib/gcc/avr/4.9.1/avr4/libgcc.a(_adddi3_s8.o)
                              ./src/system.o (__adddi3_s8)
/usr/lib/gcc/avr/4.9.1/avr4/libgcc.a(_udivmodhi4.o)
                              /usr/lib/gcc/avr/4.9.1/avr4/libgcc.a(_divmodhi4.o) (__udivmodhi4)
/usr/lib/gcc/avr/4.9.1/avr4/libgcc.a(_tablejump.o)
                              /usr/lib/gcc/avr/4.9.1/avr4/libgcc.a(_ctors.o) (__tablejump__)
/usr/lib/gcc/avr/4.9.1/../../../../avr/lib/avr4/libc.a(malloc.o)
                              ./src/system.o (malloc)
/usr/lib/gcc/avr/4.9.1/../../../../avr/lib/avr4/libc.a(sprintf.o)
                              ./src/Date.o (sprintf)
/usr/lib/gcc/avr/4.9.1/../../../../avr/lib/avr4/libc.a(vfprintf_std.o)
                              /usr/lib/gcc/avr/4.9.1/../../../../avr/lib/avr4/libc.a(sprintf.o) (vfprintf)
/usr/lib/gcc/avr/4.9.1/../../../../avr/lib/avr4/libc.a(strnlen_P.o)
                              /usr/lib/gcc/avr/4.9.1/../../../../avr/lib/avr4/libc.a(vfprintf_std.o) (strnlen_P)
/usr/lib/gcc/avr/4.9.1/../../../../avr/lib/avr4/libc.a(strnlen.o)
                              /usr/lib/gcc/avr/4.9.1/../../../../avr/lib/avr4/libc.a(vfprintf_std.o) (strnlen)
/usr/lib/gcc/avr/4.9.1/../../../../avr/lib/avr4/libc.a(fputc.o)
                              /usr/lib/gcc/avr/4.9.1/../../../../avr/lib/avr4/libc.a(vfprintf_std.o) (fputc)
/usr/lib/gcc/avr/4.9.1/../../../../avr/lib/avr4/libc.a(ultoa_invert.o)
                              /usr/lib/gcc/avr/4.9.1/../../../../avr/lib/avr4/libc.a(vfprintf_std.o) (__ultoa_invert)
/usr/lib/gcc/avr/4.9.1/avr4/libgcc.a(_prologue.o)
                              /usr/lib/gcc/avr/4.9.1/../../../../avr/lib/avr4/libc.a(sprintf.o) (__prologue_saves__)
/usr/lib/gcc/avr/4.9.1/avr4/libgcc.a(_epilogue.o)
                              /usr/lib/gcc/avr/4.9.1/../../../../avr/lib/avr4/libc.a(sprintf.o) (__epilogue_restores__)

Allocating common symbols
Common symbol       size              file

__brkval            0x2               /usr/lib/gcc/avr/4.9.1/../../../../avr/lib/avr4/libc.a(malloc.o)
__flp               0x2               /usr/lib/gcc/avr/4.9.1/../../../../avr/lib/avr4/libc.a(malloc.o)

Discarded input sections

 .bss           0x0000000000000000        0x0 /usr/lib/gcc/avr/4.9.1/../../../../avr/lib/avr4/crtm8.o
 .group         0x0000000000000000        0x8 ./src/Date.o
 .text          0x0000000000000000        0x0 ./src/Date.o
 .bss           0x0000000000000000        0x0 ./src/Date.o
 .text._ZN4DateC2E6Date_t
                0x0000000000000000       0x12 ./src/Date.o
 .text._ZNV4Date12SetDayOfWeekEh
                0x0000000000000000        0xe ./src/Date.o
 .text._ZNV4Date6SetDayEh
                0x0000000000000000       0x12 ./src/Date.o
 .text._ZNV4Date8SetMonthEh
                0x0000000000000000        0xe ./src/Date.o
 .text._ZNV4Date7SetYearEj
                0x0000000000000000       0x30 ./src/Date.o
 .text._ZNV4Date12GetDayOfWeekEv
                0x0000000000000000        0x8 ./src/Date.o
 .text._ZNV4Date6GetDayEv
                0x0000000000000000        0xc ./src/Date.o
 .text._ZNV4Date8GetMonthEv
                0x0000000000000000        0x8 ./src/Date.o
 .text._ZNV4Date7GetYearEv
                0x0000000000000000       0x1a ./src/Date.o
 .rodata.str1.1
                0x0000000000000000       0x28 ./src/Date.o
 .text._ZNV4Date13GetDatestringEb
                0x0000000000000000       0xd6 ./src/Date.o
 .text._ZNV4Date10bIsEqualToEPS_b
                0x0000000000000000       0x84 ./src/Date.o
 .bss._ZZNV4Date13GetDatestringEbE7sString
                0x0000000000000000       0x11 ./src/Date.o
 .group         0x0000000000000000        0x8 ./src/DcfData.o
 .text          0x0000000000000000        0x0 ./src/DcfData.o
 .bss           0x0000000000000000        0x0 ./src/DcfData.o
 .text._ZNV7DcfData5ResetEv
                0x0000000000000000       0x32 ./src/DcfData.o
 .text._ZNV7DcfData11CheckParityEjh
                0x0000000000000000       0x3e ./src/DcfData.o
 .group         0x0000000000000000        0x8 ./src/Time.o
 .text          0x0000000000000000        0x0 ./src/Time.o
 .bss           0x0000000000000000        0x0 ./src/Time.o
 .text._ZN4TimeC2E6Time_t
                0x0000000000000000       0x12 ./src/Time.o
 .text._ZNV4Time19GetDifferenceInSecsEPS_
                0x0000000000000000       0xfa ./src/Time.o
 .text._ZNV4Time9IsEqualToEPS_
                0x0000000000000000       0x86 ./src/Time.o
 .text          0x0000000000000000        0x0 ./src/lcd-routines.o
 .bss           0x0000000000000000        0x0 ./src/lcd-routines.o
 .text._Z8lcd_homev
                0x0000000000000000        0xe ./src/lcd-routines.o
 .text._Z16lcd_generatecharhPKh
                0x0000000000000000       0x50 ./src/lcd-routines.o
 .text          0x0000000000000000        0x0 ./src/main.o
 .bss           0x0000000000000000        0x0 ./src/main.o
 .text          0x0000000000000000        0x0 ./src/system.o
 .bss           0x0000000000000000        0x0 ./src/system.o
 .text._Znwj    0x0000000000000000        0x2 ./src/system.o
 .text._Z9InitFlagsv
                0x0000000000000000        0x6 ./src/system.o
 .text          0x0000000000000000        0x0 /usr/lib/gcc/avr/4.9.1/avr4/libgcc.a(_divmodhi4.o)
 .bss           0x0000000000000000        0x0 /usr/lib/gcc/avr/4.9.1/avr4/libgcc.a(_divmodhi4.o)
 .text.libgcc.mul
                0x0000000000000000        0x0 /usr/lib/gcc/avr/4.9.1/avr4/libgcc.a(_divmodhi4.o)
 .text.libgcc   0x0000000000000000        0x0 /usr/lib/gcc/avr/4.9.1/avr4/libgcc.a(_divmodhi4.o)
 .text.libgcc.prologue
                0x0000000000000000        0x0 /usr/lib/gcc/avr/4.9.1/avr4/libgcc.a(_divmodhi4.o)
 .text.libgcc.builtins
                0x0000000000000000        0x0 /usr/lib/gcc/avr/4.9.1/avr4/libgcc.a(_divmodhi4.o)
 .text.libgcc.fmul
                0x0000000000000000        0x0 /usr/lib/gcc/avr/4.9.1/avr4/libgcc.a(_divmodhi4.o)
 .text.libgcc.fixed
                0x0000000000000000        0x0 /usr/lib/gcc/avr/4.9.1/avr4/libgcc.a(_divmodhi4.o)
 .text          0x0000000000000000        0x0 /usr/lib/gcc/avr/4.9.1/avr4/libgcc.a(_exit.o)
 .bss           0x0000000000000000        0x0 /usr/lib/gcc/avr/4.9.1/avr4/libgcc.a(_exit.o)
 .text.libgcc.mul
                0x0000000000000000        0x0 /usr/lib/gcc/avr/4.9.1/avr4/libgcc.a(_exit.o)
 .text.libgcc.div
                0x0000000000000000        0x0 /usr/lib/gcc/avr/4.9.1/avr4/libgcc.a(_exit.o)
 .text.libgcc   0x0000000000000000        0x0 /usr/lib/gcc/avr/4.9.1/avr4/libgcc.a(_exit.o)
 .text.libgcc.prologue
                0x0000000000000000        0x0 /usr/lib/gcc/avr/4.9.1/avr4/libgcc.a(_exit.o)
 .text.libgcc.builtins
                0x0000000000000000        0x0 /usr/lib/gcc/avr/4.9.1/avr4/libgcc.a(_exit.o)
 .text.libgcc.fmul
                0x0000000000000000        0x0 /usr/lib/gcc/avr/4.9.1/avr4/libgcc.a(_exit.o)
 .text.libgcc.fixed
                0x0000000000000000        0x0 /usr/lib/gcc/avr/4.9.1/avr4/libgcc.a(_exit.o)
 .text          0x0000000000000000        0x0 /usr/lib/gcc/avr/4.9.1/avr4/libgcc.a(_copy_data.o)
 .bss           0x0000000000000000        0x0 /usr/lib/gcc/avr/4.9.1/avr4/libgcc.a(_copy_data.o)
 .text.libgcc.mul
                0x0000000000000000        0x0 /usr/lib/gcc/avr/4.9.1/avr4/libgcc.a(_copy_data.o)
 .text.libgcc.div
                0x0000000000000000        0x0 /usr/lib/gcc/avr/4.9.1/avr4/libgcc.a(_copy_data.o)
 .text.libgcc   0x0000000000000000        0x0 /usr/lib/gcc/avr/4.9.1/avr4/libgcc.a(_copy_data.o)
 .text.libgcc.prologue
                0x0000000000000000        0x0 /usr/lib/gcc/avr/4.9.1/avr4/libgcc.a(_copy_data.o)
 .text.libgcc.builtins
                0x0000000000000000        0x0 /usr/lib/gcc/avr/4.9.1/avr4/libgcc.a(_copy_data.o)
 .text.libgcc.fmul
                0x0000000000000000        0x0 /usr/lib/gcc/avr/4.9.1/avr4/libgcc.a(_copy_data.o)
 .text.libgcc.fixed
                0x0000000000000000        0x0 /usr/lib/gcc/avr/4.9.1/avr4/libgcc.a(_copy_data.o)
 .text          0x0000000000000000        0x0 /usr/lib/gcc/avr/4.9.1/avr4/libgcc.a(_clear_bss.o)
 .bss           0x0000000000000000        0x0 /usr/lib/gcc/avr/4.9.1/avr4/libgcc.a(_clear_bss.o)
 .text.libgcc.mul
                0x0000000000000000        0x0 /usr/lib/gcc/avr/4.9.1/avr4/libgcc.a(_clear_bss.o)
 .text.libgcc.div
                0x0000000000000000        0x0 /usr/lib/gcc/avr/4.9.1/avr4/libgcc.a(_clear_bss.o)
 .text.libgcc   0x0000000000000000        0x0 /usr/lib/gcc/avr/4.9.1/avr4/libgcc.a(_clear_bss.o)
 .text.libgcc.prologue
                0x0000000000000000        0x0 /usr/lib/gcc/avr/4.9.1/avr4/libgcc.a(_clear_bss.o)
 .text.libgcc.builtins
                0x0000000000000000        0x0 /usr/lib/gcc/avr/4.9.1/avr4/libgcc.a(_clear_bss.o)
 .text.libgcc.fmul
                0x0000000000000000        0x0 /usr/lib/gcc/avr/4.9.1/avr4/libgcc.a(_clear_bss.o)
 .text.libgcc.fixed
                0x0000000000000000        0x0 /usr/lib/gcc/avr/4.9.1/avr4/libgcc.a(_clear_bss.o)
 .text          0x0000000000000000        0x0 /usr/lib/gcc/avr/4.9.1/avr4/libgcc.a(_ctors.o)
 .bss           0x0000000000000000        0x0 /usr/lib/gcc/avr/4.9.1/avr4/libgcc.a(_ctors.o)
 .text.libgcc.mul
                0x0000000000000000        0x0 /usr/lib/gcc/avr/4.9.1/avr4/libgcc.a(_ctors.o)
 .text.libgcc.div
                0x0000000000000000        0x0 /usr/lib/gcc/avr/4.9.1/avr4/libgcc.a(_ctors.o)
 .text.libgcc   0x0000000000000000        0x0 /usr/lib/gcc/avr/4.9.1/avr4/libgcc.a(_ctors.o)
 .text.libgcc.prologue
                0x0000000000000000        0x0 /usr/lib/gcc/avr/4.9.1/avr4/libgcc.a(_ctors.o)
 .text.libgcc.builtins
                0x0000000000000000        0x0 /usr/lib/gcc/avr/4.9.1/avr4/libgcc.a(_ctors.o)
 .text.libgcc.fmul
                0x0000000000000000        0x0 /usr/lib/gcc/avr/4.9.1/avr4/libgcc.a(_ctors.o)
 .text.libgcc.fixed
                0x0000000000000000        0x0 /usr/lib/gcc/avr/4.9.1/avr4/libgcc.a(_ctors.o)
 .text          0x0000000000000000        0x0 /usr/lib/gcc/avr/4.9.1/avr4/libgcc.a(_dtors.o)
 .bss           0x0000000000000000        0x0 /usr/lib/gcc/avr/4.9.1/avr4/libgcc.a(_dtors.o)
 .text.libgcc.mul
                0x0000000000000000        0x0 /usr/lib/gcc/avr/4.9.1/avr4/libgcc.a(_dtors.o)
 .text.libgcc.div
                0x0000000000000000        0x0 /usr/lib/gcc/avr/4.9.1/avr4/libgcc.a(_dtors.o)
 .text.libgcc   0x0000000000000000        0x0 /usr/lib/gcc/avr/4.9.1/avr4/libgcc.a(_dtors.o)
 .text.libgcc.prologue
                0x0000000000000000        0x0 /usr/lib/gcc/avr/4.9.1/avr4/libgcc.a(_dtors.o)
 .text.libgcc.builtins
                0x0000000000000000        0x0 /usr/lib/gcc/avr/4.9.1/avr4/libgcc.a(_dtors.o)
 .text.libgcc.fmul
                0x0000000000000000        0x0 /usr/lib/gcc/avr/4.9.1/avr4/libgcc.a(_dtors.o)
 .text.libgcc.fixed
                0x0000000000000000        0x0 /usr/lib/gcc/avr/4.9.1/avr4/libgcc.a(_dtors.o)
 .text          0x0000000000000000        0x0 /usr/lib/gcc/avr/4.9.1/avr4/libgcc.a(_ashldi3.o)
 .bss           0x0000000000000000        0x0 /usr/lib/gcc/avr/4.9.1/avr4/libgcc.a(_ashldi3.o)
 .text.libgcc.mul
                0x0000000000000000        0x0 /usr/lib/gcc/avr/4.9.1/avr4/libgcc.a(_ashldi3.o)
 .text.libgcc.div
                0x0000000000000000        0x0 /usr/lib/gcc/avr/4.9.1/avr4/libgcc.a(_ashldi3.o)
 .text.libgcc   0x0000000000000000        0x0 /usr/lib/gcc/avr/4.9.1/avr4/libgcc.a(_ashldi3.o)
 .text.libgcc.prologue
                0x0000000000000000        0x0 /usr/lib/gcc/avr/4.9.1/avr4/libgcc.a(_ashldi3.o)
 .text.libgcc.fmul
                0x0000000000000000        0x0 /usr/lib/gcc/avr/4.9.1/avr4/libgcc.a(_ashldi3.o)
 .text.libgcc.fixed
                0x0000000000000000        0x0 /usr/lib/gcc/avr/4.9.1/avr4/libgcc.a(_ashldi3.o)
 .text          0x0000000000000000        0x0 /usr/lib/gcc/avr/4.9.1/avr4/libgcc.a(_adddi3_s8.o)
 .bss           0x0000000000000000        0x0 /usr/lib/gcc/avr/4.9.1/avr4/libgcc.a(_adddi3_s8.o)
 .text.libgcc.mul
                0x0000000000000000        0x0 /usr/lib/gcc/avr/4.9.1/avr4/libgcc.a(_adddi3_s8.o)
 .text.libgcc.div
                0x0000000000000000        0x0 /usr/lib/gcc/avr/4.9.1/avr4/libgcc.a(_adddi3_s8.o)
 .text.libgcc.prologue
                0x0000000000000000        0x0 /usr/lib/gcc/avr/4.9.1/avr4/libgcc.a(_adddi3_s8.o)
 .text.libgcc.builtins
                0x0000000000000000        0x0 /usr/lib/gcc/avr/4.9.1/avr4/libgcc.a(_adddi3_s8.o)
 .text.libgcc.fmul
                0x0000000000000000        0x0 /usr/lib/gcc/avr/4.9.1/avr4/libgcc.a(_adddi3_s8.o)
 .text.libgcc.fixed
                0x0000000000000000        0x0 /usr/lib/gcc/avr/4.9.1/avr4/libgcc.a(_adddi3_s8.o)
 .text          0x0000000000000000        0x0 /usr/lib/gcc/avr/4.9.1/avr4/libgcc.a(_udivmodhi4.o)
 .bss           0x0000000000000000        0x0 /usr/lib/gcc/avr/4.9.1/avr4/libgcc.a(_udivmodhi4.o)
 .text.libgcc.mul
                0x0000000000000000        0x0 /usr/lib/gcc/avr/4.9.1/avr4/libgcc.a(_udivmodhi4.o)
 .text.libgcc   0x0000000000000000        0x0 /usr/lib/gcc/avr/4.9.1/avr4/libgcc.a(_udivmodhi4.o)
 .text.libgcc.prologue
                0x0000000000000000        0x0 /usr/lib/gcc/avr/4.9.1/avr4/libgcc.a(_udivmodhi4.o)
 .text.libgcc.builtins
                0x0000000000000000        0x0 /usr/lib/gcc/avr/4.9.1/avr4/libgcc.a(_udivmodhi4.o)
 .text.libgcc.fmul
                0x0000000000000000        0x0 /usr/lib/gcc/avr/4.9.1/avr4/libgcc.a(_udivmodhi4.o)
 .text.libgcc.fixed
                0x0000000000000000        0x0 /usr/lib/gcc/avr/4.9.1/avr4/libgcc.a(_udivmodhi4.o)
 .text          0x0000000000000000        0x0 /usr/lib/gcc/avr/4.9.1/avr4/libgcc.a(_tablejump.o)
 .bss           0x0000000000000000        0x0 /usr/lib/gcc/avr/4.9.1/avr4/libgcc.a(_tablejump.o)
 .text.libgcc.mul
                0x0000000000000000        0x0 /usr/lib/gcc/avr/4.9.1/avr4/libgcc.a(_tablejump.o)
 .text.libgcc.div
                0x0000000000000000        0x0 /usr/lib/gcc/avr/4.9.1/avr4/libgcc.a(_tablejump.o)
 .text.libgcc.prologue
                0x0000000000000000        0x0 /usr/lib/gcc/avr/4.9.1/avr4/libgcc.a(_tablejump.o)
 .text.libgcc.builtins
                0x0000000000000000        0x0 /usr/lib/gcc/avr/4.9.1/avr4/libgcc.a(_tablejump.o)
 .text.libgcc.fmul
                0x0000000000000000        0x0 /usr/lib/gcc/avr/4.9.1/avr4/libgcc.a(_tablejump.o)
 .text.libgcc.fixed
                0x0000000000000000        0x0 /usr/lib/gcc/avr/4.9.1/avr4/libgcc.a(_tablejump.o)
 .text          0x0000000000000000        0x0 /usr/lib/gcc/avr/4.9.1/../../../../avr/lib/avr4/libc.a(malloc.o)
 .bss           0x0000000000000000        0x0 /usr/lib/gcc/avr/4.9.1/../../../../avr/lib/avr4/libc.a(malloc.o)
 .text          0x0000000000000000        0x0 /usr/lib/gcc/avr/4.9.1/../../../../avr/lib/avr4/libc.a(sprintf.o)
 .bss           0x0000000000000000        0x0 /usr/lib/gcc/avr/4.9.1/../../../../avr/lib/avr4/libc.a(sprintf.o)
 .text          0x0000000000000000        0x0 /usr/lib/gcc/avr/4.9.1/../../../../avr/lib/avr4/libc.a(vfprintf_std.o)
 .bss           0x0000000000000000        0x0 /usr/lib/gcc/avr/4.9.1/../../../../avr/lib/avr4/libc.a(vfprintf_std.o)
 .text          0x0000000000000000        0x0 /usr/lib/gcc/avr/4.9.1/../../../../avr/lib/avr4/libc.a(strnlen_P.o)
 .bss           0x0000000000000000        0x0 /usr/lib/gcc/avr/4.9.1/../../../../avr/lib/avr4/libc.a(strnlen_P.o)
 .text          0x0000000000000000        0x0 /usr/lib/gcc/avr/4.9.1/../../../../avr/lib/avr4/libc.a(strnlen.o)
 .bss           0x0000000000000000        0x0 /usr/lib/gcc/avr/4.9.1/../../../../avr/lib/avr4/libc.a(strnlen.o)
 .text          0x0000000000000000        0x0 /usr/lib/gcc/avr/4.9.1/../../../../avr/lib/avr4/libc.a(fputc.o)
 .bss           0x0000000000000000        0x0 /usr/lib/gcc/avr/4.9.1/../../../../avr/lib/avr4/libc.a(fputc.o)
 .text          0x0000000000000000        0x0 /usr/lib/gcc/avr/4.9.1/../../../../avr/lib/avr4/libc.a(ultoa_invert.o)
 .bss           0x0000000000000000        0x0 /usr/lib/gcc/avr/4.9.1/../../../../avr/lib/avr4/libc.a(ultoa_invert.o)
 .text          0x0000000000000000        0x0 /usr/lib/gcc/avr/4.9.1/avr4/libgcc.a(_prologue.o)
 .bss           0x0000000000000000        0x0 /usr/lib/gcc/avr/4.9.1/avr4/libgcc.a(_prologue.o)
 .text.libgcc.mul
                0x0000000000000000        0x0 /usr/lib/gcc/avr/4.9.1/avr4/libgcc.a(_prologue.o)
 .text.libgcc.div
                0x0000000000000000        0x0 /usr/lib/gcc/avr/4.9.1/avr4/libgcc.a(_prologue.o)
 .text.libgcc   0x0000000000000000        0x0 /usr/lib/gcc/avr/4.9.1/avr4/libgcc.a(_prologue.o)
 .text.libgcc.builtins
                0x0000000000000000        0x0 /usr/lib/gcc/avr/4.9.1/avr4/libgcc.a(_prologue.o)
 .text.libgcc.fmul
                0x0000000000000000        0x0 /usr/lib/gcc/avr/4.9.1/avr4/libgcc.a(_prologue.o)
 .text.libgcc.fixed
                0x0000000000000000        0x0 /usr/lib/gcc/avr/4.9.1/avr4/libgcc.a(_prologue.o)
 .text          0x0000000000000000        0x0 /usr/lib/gcc/avr/4.9.1/avr4/libgcc.a(_epilogue.o)
 .bss           0x0000000000000000        0x0 /usr/lib/gcc/avr/4.9.1/avr4/libgcc.a(_epilogue.o)
 .text.libgcc.mul
                0x0000000000000000        0x0 /usr/lib/gcc/avr/4.9.1/avr4/libgcc.a(_epilogue.o)
 .text.libgcc.div
                0x0000000000000000        0x0 /usr/lib/gcc/avr/4.9.1/avr4/libgcc.a(_epilogue.o)
 .text.libgcc   0x0000000000000000        0x0 /usr/lib/gcc/avr/4.9.1/avr4/libgcc.a(_epilogue.o)
 .text.libgcc.builtins
                0x0000000000000000        0x0 /usr/lib/gcc/avr/4.9.1/avr4/libgcc.a(_epilogue.o)
 .text.libgcc.fmul
                0x0000000000000000        0x0 /usr/lib/gcc/avr/4.9.1/avr4/libgcc.a(_epilogue.o)
 .text.libgcc.fixed
                0x0000000000000000        0x0 /usr/lib/gcc/avr/4.9.1/avr4/libgcc.a(_epilogue.o)

Memory Configuration

Name             Origin             Length             Attributes
text             0x0000000000000000 0x0000000000002000 xr
data             0x0000000000800060 0x000000000000ffa0 rw !x
eeprom           0x0000000000810000 0x0000000000010000 rw !x
fuse             0x0000000000820000 0x0000000000000400 rw !x
lock             0x0000000000830000 0x0000000000000400 rw !x
signature        0x0000000000840000 0x0000000000000400 rw !x
*default*        0x0000000000000000 0xffffffffffffffff

Linker script and memory map

LOAD /usr/lib/gcc/avr/4.9.1/../../../../avr/lib/avr4/crtm8.o
LOAD ./src/Date.o
LOAD ./src/DcfData.o
LOAD ./src/Time.o
LOAD ./src/lcd-routines.o
LOAD ./src/main.o
LOAD ./src/system.o
LOAD /usr/lib/gcc/avr/4.9.1/avr4/libgcc.a
LOAD /usr/lib/gcc/avr/4.9.1/../../../../avr/lib/avr4/libm.a
START GROUP
LOAD /usr/lib/gcc/avr/4.9.1/avr4/libgcc.a
LOAD /usr/lib/gcc/avr/4.9.1/../../../../avr/lib/avr4/libm.a
LOAD /usr/lib/gcc/avr/4.9.1/../../../../avr/lib/avr4/libc.a
END GROUP

.hash
 *(.hash)

.dynsym
 *(.dynsym)

.dynstr
 *(.dynstr)

.gnu.version
 *(.gnu.version)

.gnu.version_d
 *(.gnu.version_d)

.gnu.version_r
 *(.gnu.version_r)

.rel.init
 *(.rel.init)

.rela.init
 *(.rela.init)

.rel.text
 *(.rel.text)
 *(.rel.text.*)
 *(.rel.gnu.linkonce.t*)

.rela.text
 *(.rela.text)
 *(.rela.text.*)
 *(.rela.gnu.linkonce.t*)

.rel.fini
 *(.rel.fini)

.rela.fini
 *(.rela.fini)

.rel.rodata
 *(.rel.rodata)
 *(.rel.rodata.*)
 *(.rel.gnu.linkonce.r*)

.rela.rodata
 *(.rela.rodata)
 *(.rela.rodata.*)
 *(.rela.gnu.linkonce.r*)

.rel.data
 *(.rel.data)
 *(.rel.data.*)
 *(.rel.gnu.linkonce.d*)

.rela.data
 *(.rela.data)
 *(.rela.data.*)
 *(.rela.gnu.linkonce.d*)

.rel.ctors
 *(.rel.ctors)

.rela.ctors
 *(.rela.ctors)

.rel.dtors
 *(.rel.dtors)

.rela.dtors
 *(.rela.dtors)

.rel.got
 *(.rel.got)

.rela.got
 *(.rela.got)

.rel.bss
 *(.rel.bss)

.rela.bss
 *(.rela.bss)

.rel.plt
 *(.rel.plt)

.rela.plt
 *(.rela.plt)

.text           0x0000000000000000     0x13f4
 *(.vectors)
 .vectors       0x0000000000000000       0x26 /usr/lib/gcc/avr/4.9.1/../../../../avr/lib/avr4/crtm8.o
                0x0000000000000000                __vectors
                0x0000000000000000                __vector_default
 *(.vectors)
 *(.progmem.gcc*)
 .progmem.gcc_sw_table._ZNV4Date8IncreaseEv
                0x0000000000000026       0x18 ./src/Date.o
                0x000000000000003e                . = ALIGN (0x2)
                0x000000000000003e                __trampolines_start = .
 *(.trampolines)
 .trampolines   0x000000000000003e        0x0 linker stubs
 *(.trampolines*)
                0x000000000000003e                __trampolines_end = .
 *(.progmem*)
                0x000000000000003e                . = ALIGN (0x2)
 *(.jumptables)
 *(.jumptables*)
 *(.lowtext)
 *(.lowtext*)
                0x000000000000003e                __ctors_start = .
 *(.ctors)
 .ctors         0x000000000000003e        0x2 ./src/system.o
                0x0000000000000040                __ctors_end = .
                0x0000000000000040                __dtors_start = .
 *(.dtors)
 .dtors         0x0000000000000040        0x2 ./src/system.o
                0x0000000000000042                __dtors_end = .
 SORT(*)(.ctors)
 SORT(*)(.dtors)
 *(.init0)
 .init0         0x0000000000000042        0x0 /usr/lib/gcc/avr/4.9.1/../../../../avr/lib/avr4/crtm8.o
                0x0000000000000042                __init
 *(.init0)
 *(.init1)
 *(.init1)
 *(.init2)
 .init2         0x0000000000000042        0xc /usr/lib/gcc/avr/4.9.1/../../../../avr/lib/avr4/crtm8.o
 *(.init2)
 *(.init3)
 *(.init3)
 *(.init4)
 .init4         0x000000000000004e       0x16 /usr/lib/gcc/avr/4.9.1/avr4/libgcc.a(_copy_data.o)
                0x000000000000004e                __do_copy_data
 .init4         0x0000000000000064       0x10 /usr/lib/gcc/avr/4.9.1/avr4/libgcc.a(_clear_bss.o)
                0x0000000000000064                __do_clear_bss
 *(.init4)
 *(.init5)
 *(.init5)
 *(.init6)
 .init6         0x0000000000000074       0x14 /usr/lib/gcc/avr/4.9.1/avr4/libgcc.a(_ctors.o)
                0x0000000000000074                __do_global_ctors
 *(.init6)
 *(.init7)
 *(.init7)
 *(.init8)
 *(.init8)
 *(.init9)
 .init9         0x0000000000000088        0x4 /usr/lib/gcc/avr/4.9.1/../../../../avr/lib/avr4/crtm8.o
 *(.init9)
 *(.text)
 .text          0x000000000000008c        0x2 /usr/lib/gcc/avr/4.9.1/../../../../avr/lib/avr4/crtm8.o
                0x000000000000008c                __vector_12
                0x000000000000008c                __bad_interrupt
                0x000000000000008c                __vector_6
                0x000000000000008c                __vector_11
                0x000000000000008c                __vector_13
                0x000000000000008c                __vector_17
                0x000000000000008c                __vector_7
                0x000000000000008c                __vector_5
                0x000000000000008c                __vector_4
                0x000000000000008c                __vector_2
                0x000000000000008c                __vector_15
                0x000000000000008c                __vector_8
                0x000000000000008c                __vector_14
                0x000000000000008c                __vector_10
                0x000000000000008c                __vector_16
                0x000000000000008c                __vector_18
                0x000000000000008e                . = ALIGN (0x2)
 *(.text.*)
 .text._ZN4DateD2Ev
                0x000000000000008e        0x2 ./src/Date.o
                0x000000000000008e                Date::~Date()
                0x000000000000008e                Date::~Date()
 .text._ZN4DateD0Ev
                0x0000000000000090        0x2 ./src/Date.o
                0x0000000000000090                Date::~Date()
 .text._ZN4DateC2Ev
                0x0000000000000092       0x18 ./src/Date.o
                0x0000000000000092                Date::Date()
                0x0000000000000092                Date::Date()
 .text._ZNV4Date8IncreaseEv
                0x00000000000000aa      0x134 ./src/Date.o
                0x00000000000000aa                Date::Increase() volatile
 .text._ZN7DcfDataD2Ev
                0x00000000000001de       0x24 ./src/DcfData.o
                0x00000000000001de                DcfData::~DcfData()
                0x00000000000001de                DcfData::~DcfData()
 .text._ZThn5_N7DcfDataD1Ev
                0x0000000000000202        0x4 ./src/DcfData.o
                0x0000000000000202                non-virtual thunk to DcfData::~DcfData()
 .text._ZN7DcfDataD0Ev
                0x0000000000000206       0x10 ./src/DcfData.o
                0x0000000000000206                DcfData::~DcfData()
 .text._ZThn5_N7DcfDataD0Ev
                0x0000000000000216        0x4 ./src/DcfData.o
                0x0000000000000216                non-virtual thunk to DcfData::~DcfData()
 .text._ZN7DcfDataC2Ev
                0x000000000000021a       0x34 ./src/DcfData.o
                0x000000000000021a                DcfData::DcfData()
                0x000000000000021a                DcfData::DcfData()
 .text._ZNV7DcfData6AddBitEhh
                0x000000000000024e       0xae ./src/DcfData.o
                0x000000000000024e                DcfData::AddBit(unsigned char, unsigned char) volatile
 .text._ZNV7DcfData12EvaluateTimeEb
                0x00000000000002fc      0x14e ./src/DcfData.o
                0x00000000000002fc                DcfData::EvaluateTime(bool) volatile
 .text._ZN4TimeD2Ev
                0x000000000000044a        0x2 ./src/Time.o
                0x000000000000044a                Time::~Time()
                0x000000000000044a                Time::~Time()
 .text._ZN4TimeD0Ev
                0x000000000000044c        0x2 ./src/Time.o
                0x000000000000044c                Time::~Time()
 .text._ZN4TimeC2Ev
                0x000000000000044e       0x16 ./src/Time.o
                0x000000000000044e                Time::Time()
                0x000000000000044e                Time::Time()
 .text._ZNV4Time8IncreaseEv
                0x0000000000000464       0xb0 ./src/Time.o
                0x0000000000000464                Time::Increase() volatile
 .text._ZNV4Time9SetSecondEh
                0x0000000000000514       0x22 ./src/Time.o
                0x0000000000000514                Time::SetSecond(unsigned char) volatile
 .text._ZNV4Time9SetMinuteEh
                0x0000000000000536       0x26 ./src/Time.o
                0x0000000000000536                Time::SetMinute(unsigned char) volatile
 .text._ZNV4Time7SetHourEh
                0x000000000000055c        0xe ./src/Time.o
                0x000000000000055c                Time::SetHour(unsigned char) volatile
 .text._ZNV4Time9GetSecondEv
                0x000000000000056a       0x18 ./src/Time.o
                0x000000000000056a                Time::GetSecond() volatile
 .text._ZNV4Time9GetMinuteEv
                0x0000000000000582       0x18 ./src/Time.o
                0x0000000000000582                Time::GetMinute() volatile
 .text._ZNV4Time7GetHourEv
                0x000000000000059a        0x8 ./src/Time.o
                0x000000000000059a                Time::GetHour() volatile
 .text._ZNV4Time13GetTimestringEb
                0x00000000000005a2       0xc4 ./src/Time.o
                0x00000000000005a2                Time::GetTimestring(bool) volatile
 .text._ZL10lcd_enablev
                0x0000000000000666        0xc ./src/lcd-routines.o
 .text._ZL7lcd_outh
                0x0000000000000672       0x12 ./src/lcd-routines.o
 .text._Z8lcd_datah
                0x0000000000000684       0x1c ./src/lcd-routines.o
                0x0000000000000684                lcd_data(unsigned char)
 .text._Z11lcd_commandh
                0x00000000000006a0       0x1a ./src/lcd-routines.o
                0x00000000000006a0                lcd_command(unsigned char)
 .text._Z9lcd_clearv
                0x00000000000006ba        0xe ./src/lcd-routines.o
                0x00000000000006ba                lcd_clear()
 .text._Z8lcd_initv
                0x00000000000006c8       0x5c ./src/lcd-routines.o
                0x00000000000006c8                lcd_init()
 .text._Z13lcd_setcursorhh
                0x0000000000000724       0x26 ./src/lcd-routines.o
                0x0000000000000724                lcd_setcursor(unsigned char, unsigned char)
 .text._Z10lcd_stringPKc
                0x000000000000074a       0x16 ./src/lcd-routines.o
                0x000000000000074a                lcd_string(char const*)
 .text.startup.main
                0x0000000000000760       0x9e ./src/main.o
                0x0000000000000760                main
 .text._ZdlPv   0x00000000000007fe        0x2 ./src/system.o
                0x00000000000007fe                operator delete(void*)
 .text._Z17InitDayLightAlarmv
                0x0000000000000800       0x86 ./src/system.o
                0x0000000000000800                InitDayLightAlarm()
 .text.__vector_9
                0x0000000000000886       0x8e ./src/system.o
                0x0000000000000886                __vector_9
 .text.__vector_1
                0x0000000000000914      0x192 ./src/system.o
                0x0000000000000914                __vector_1
 .text.__vector_3
                0x0000000000000aa6       0x7c ./src/system.o
                0x0000000000000aa6                __vector_3
 .text.startup._GLOBAL__sub_I_tmCurrentTime
                0x0000000000000b22       0x18 ./src/system.o
 .text.exit._GLOBAL__sub_D_tmCurrentTime
                0x0000000000000b3a       0x18 ./src/system.o
 .text.libgcc.div
                0x0000000000000b52       0x26 /usr/lib/gcc/avr/4.9.1/avr4/libgcc.a(_divmodhi4.o)
                0x0000000000000b52                __divmodhi4
                0x0000000000000b52                _div
 .text.libgcc.builtins
                0x0000000000000b78       0x32 /usr/lib/gcc/avr/4.9.1/avr4/libgcc.a(_ashldi3.o)
                0x0000000000000b78                __ashldi3
 .text.libgcc   0x0000000000000baa       0x18 /usr/lib/gcc/avr/4.9.1/avr4/libgcc.a(_adddi3_s8.o)
                0x0000000000000baa                __adddi3_s8
 .text.libgcc.div
                0x0000000000000bc2       0x28 /usr/lib/gcc/avr/4.9.1/avr4/libgcc.a(_udivmodhi4.o)
                0x0000000000000bc2                __udivmodhi4
 .text.libgcc   0x0000000000000bea        0xc /usr/lib/gcc/avr/4.9.1/avr4/libgcc.a(_tablejump.o)
                0x0000000000000bea                __tablejump2__
                0x0000000000000bee                __tablejump__
 .text.avr-libc
                0x0000000000000bf6      0x25a /usr/lib/gcc/avr/4.9.1/../../../../avr/lib/avr4/libc.a(malloc.o)
                0x0000000000000bf6                malloc
                0x0000000000000d20                free
 .text.avr-libc
                0x0000000000000e50       0x40 /usr/lib/gcc/avr/4.9.1/../../../../avr/lib/avr4/libc.a(sprintf.o)
                0x0000000000000e50                sprintf
 .text.avr-libc
                0x0000000000000e90      0x386 /usr/lib/gcc/avr/4.9.1/../../../../avr/lib/avr4/libc.a(vfprintf_std.o)
                0x0000000000000e90                vfprintf
 .text.avr-libc
                0x0000000000001216       0x16 /usr/lib/gcc/avr/4.9.1/../../../../avr/lib/avr4/libc.a(strnlen_P.o)
                0x0000000000001216                strnlen_P
 .text.avr-libc
                0x000000000000122c       0x16 /usr/lib/gcc/avr/4.9.1/../../../../avr/lib/avr4/libc.a(strnlen.o)
                0x000000000000122c                strnlen
 .text.avr-libc
                0x0000000000001242       0x70 /usr/lib/gcc/avr/4.9.1/../../../../avr/lib/avr4/libc.a(fputc.o)
                0x0000000000001242                fputc
 .text.avr-libc
                0x00000000000012b2       0xbc /usr/lib/gcc/avr/4.9.1/../../../../avr/lib/avr4/libc.a(ultoa_invert.o)
                0x00000000000012b2                __ultoa_invert
 .text.libgcc.prologue
                0x000000000000136e       0x38 /usr/lib/gcc/avr/4.9.1/avr4/libgcc.a(_prologue.o)
                0x000000000000136e                __prologue_saves__
 .text.libgcc.prologue
                0x00000000000013a6       0x36 /usr/lib/gcc/avr/4.9.1/avr4/libgcc.a(_epilogue.o)
                0x00000000000013a6                __epilogue_restores__
                0x00000000000013dc                . = ALIGN (0x2)
 *(.fini9)
 .fini9         0x00000000000013dc        0x0 /usr/lib/gcc/avr/4.9.1/avr4/libgcc.a(_exit.o)
                0x00000000000013dc                exit
                0x00000000000013dc                _exit
 *(.fini9)
 *(.fini8)
 *(.fini8)
 *(.fini7)
 *(.fini7)
 *(.fini6)
 .fini6         0x00000000000013dc       0x14 /usr/lib/gcc/avr/4.9.1/avr4/libgcc.a(_dtors.o)
                0x00000000000013dc                __do_global_dtors
 *(.fini6)
 *(.fini5)
 *(.fini5)
 *(.fini4)
 *(.fini4)
 *(.fini3)
 *(.fini3)
 *(.fini2)
 *(.fini2)
 *(.fini1)
 *(.fini1)
 *(.fini0)
 .fini0         0x00000000000013f0        0x4 /usr/lib/gcc/avr/4.9.1/avr4/libgcc.a(_exit.o)
 *(.fini0)
                0x00000000000013f4                _etext = .

.data           0x0000000000800060       0x38 load address 0x00000000000013f4
                0x0000000000800060                PROVIDE (__data_start, .)
 *(.data)
 .data          0x0000000000800060        0x0 /usr/lib/gcc/avr/4.9.1/../../../../avr/lib/avr4/crtm8.o
 .data          0x0000000000800060        0x0 ./src/Date.o
 .data          0x0000000000800060        0x0 ./src/DcfData.o
 .data          0x0000000000800060        0x0 ./src/Time.o
 .data          0x0000000000800060        0x0 ./src/lcd-routines.o
 .data          0x0000000000800060        0x0 ./src/main.o
 .data          0x0000000000800060        0x0 ./src/system.o
 .data          0x0000000000800060        0x0 /usr/lib/gcc/avr/4.9.1/avr4/libgcc.a(_divmodhi4.o)
 .data          0x0000000000800060        0x0 /usr/lib/gcc/avr/4.9.1/avr4/libgcc.a(_exit.o)
 .data          0x0000000000800060        0x0 /usr/lib/gcc/avr/4.9.1/avr4/libgcc.a(_copy_data.o)
 .data          0x0000000000800060        0x0 /usr/lib/gcc/avr/4.9.1/avr4/libgcc.a(_clear_bss.o)
 .data          0x0000000000800060        0x0 /usr/lib/gcc/avr/4.9.1/avr4/libgcc.a(_ctors.o)
 .data          0x0000000000800060        0x0 /usr/lib/gcc/avr/4.9.1/avr4/libgcc.a(_dtors.o)
 .data          0x0000000000800060        0x0 /usr/lib/gcc/avr/4.9.1/avr4/libgcc.a(_ashldi3.o)
 .data          0x0000000000800060        0x0 /usr/lib/gcc/avr/4.9.1/avr4/libgcc.a(_adddi3_s8.o)
 .data          0x0000000000800060        0x0 /usr/lib/gcc/avr/4.9.1/avr4/libgcc.a(_udivmodhi4.o)
 .data          0x0000000000800060        0x0 /usr/lib/gcc/avr/4.9.1/avr4/libgcc.a(_tablejump.o)
 .data          0x0000000000800060        0x6 /usr/lib/gcc/avr/4.9.1/../../../../avr/lib/avr4/libc.a(malloc.o)
                0x0000000000800060                __malloc_heap_end
                0x0000000000800062                __malloc_heap_start
                0x0000000000800064                __malloc_margin
 .data          0x0000000000800066        0x0 /usr/lib/gcc/avr/4.9.1/../../../../avr/lib/avr4/libc.a(sprintf.o)
 .data          0x0000000000800066        0x0 /usr/lib/gcc/avr/4.9.1/../../../../avr/lib/avr4/libc.a(vfprintf_std.o)
 .data          0x0000000000800066        0x0 /usr/lib/gcc/avr/4.9.1/../../../../avr/lib/avr4/libc.a(strnlen_P.o)
 .data          0x0000000000800066        0x0 /usr/lib/gcc/avr/4.9.1/../../../../avr/lib/avr4/libc.a(strnlen.o)
 .data          0x0000000000800066        0x0 /usr/lib/gcc/avr/4.9.1/../../../../avr/lib/avr4/libc.a(fputc.o)
 .data          0x0000000000800066        0x0 /usr/lib/gcc/avr/4.9.1/../../../../avr/lib/avr4/libc.a(ultoa_invert.o)
 .data          0x0000000000800066        0x0 /usr/lib/gcc/avr/4.9.1/avr4/libgcc.a(_prologue.o)
 .data          0x0000000000800066        0x0 /usr/lib/gcc/avr/4.9.1/avr4/libgcc.a(_epilogue.o)
 *(.data*)
 *(.rodata)
 *(.rodata*)
 .rodata._ZTV4Date
                0x0000000000800066        0x8 ./src/Date.o
                0x0000000000800066                vtable for Date
 .rodata._ZTV7DcfData
                0x000000000080006e       0x10 ./src/DcfData.o
                0x000000000080006e                vtable for DcfData
 .rodata.str1.1
                0x000000000080007e       0x12 ./src/Time.o
                                         0x1e (size before relaxing)
 .rodata._ZTV4Time
                0x0000000000800090        0x8 ./src/Time.o
                0x0000000000800090                vtable for Time
 *(.gnu.linkonce.d*)
                0x0000000000800098                . = ALIGN (0x2)
                0x0000000000800098                _edata = .
                0x0000000000800098                PROVIDE (__data_end, .)

.bss            0x0000000000800098       0x4a
                0x0000000000800098                PROVIDE (__bss_start, .)
 *(.bss)
 *(.bss*)
 .bss._ZZNV4Time13GetTimestringEbE7sString
                0x0000000000800098       0x11 ./src/Time.o
 .bss.nCurrentBitNumber
                0x00000000008000a9        0x1 ./src/system.o
                0x00000000008000a9                nCurrentBitNumber
 .bss.nLowLevelTicks
                0x00000000008000aa        0x1 ./src/system.o
                0x00000000008000aa                nLowLevelTicks
 .bss.nBitTime  0x00000000008000ab        0x8 ./src/system.o
                0x00000000008000ab                nBitTime
 .bss.nBitSequenceTime
                0x00000000008000b3        0x8 ./src/system.o
                0x00000000008000b3                nBitSequenceTime
 .bss.nFlags    0x00000000008000bb        0x1 ./src/system.o
                0x00000000008000bb                nFlags
 .bss.nClockOverflows
                0x00000000008000bc        0x1 ./src/system.o
                0x00000000008000bc                nClockOverflows
 .bss.dtCurrentDate
                0x00000000008000bd        0x5 ./src/system.o
                0x00000000008000bd                dtCurrentDate
 .bss.tmDcfData
                0x00000000008000c2       0x12 ./src/system.o
                0x00000000008000c2                tmDcfData
 .bss.tmAlarmTime
                0x00000000008000d4        0x5 ./src/system.o
                0x00000000008000d4                tmAlarmTime
 .bss.tmCurrentTime
                0x00000000008000d9        0x5 ./src/system.o
                0x00000000008000d9                tmCurrentTime
 *(COMMON)
 COMMON         0x00000000008000de        0x4 /usr/lib/gcc/avr/4.9.1/../../../../avr/lib/avr4/libc.a(malloc.o)
                0x00000000008000de                __brkval
                0x00000000008000e0                __flp
                0x00000000008000e2                PROVIDE (__bss_end, .)
                0x00000000000013f4                __data_load_start = LOADADDR (.data)
                0x000000000000142c                __data_load_end = (__data_load_start + SIZEOF (.data))

.noinit         0x00000000008000e2        0x0
                0x00000000008000e2                PROVIDE (__noinit_start, .)
 *(.noinit*)
                0x00000000008000e2                PROVIDE (__noinit_end, .)
                0x00000000008000e2                _end = .
                0x00000000008000e2                PROVIDE (__heap_start, .)

.eeprom         0x0000000000810000        0x0
 *(.eeprom*)
                0x0000000000810000                __eeprom_end = .

.fuse
 *(.fuse)
 *(.lfuse)
 *(.hfuse)
 *(.efuse)

.lock
 *(.lock*)

.signature
 *(.signature*)

.stab
 *(.stab)

.stabstr
 *(.stabstr)

.stab.excl
 *(.stab.excl)

.stab.exclstr
 *(.stab.exclstr)

.stab.index
 *(.stab.index)

.stab.indexstr
 *(.stab.indexstr)

.comment        0x0000000000000000       0x11
 *(.comment)
 .comment       0x0000000000000000       0x11 ./src/Date.o
                                         0x12 (size before relaxing)
 .comment       0x0000000000000000       0x12 ./src/DcfData.o
 .comment       0x0000000000000000       0x12 ./src/Time.o
 .comment       0x0000000000000000       0x12 ./src/lcd-routines.o
 .comment       0x0000000000000000       0x12 ./src/main.o
 .comment       0x0000000000000000       0x12 ./src/system.o
 .comment       0x0000000000000000       0x12 /usr/lib/gcc/avr/4.9.1/../../../../avr/lib/avr4/libc.a(malloc.o)
 .comment       0x0000000000000000       0x12 /usr/lib/gcc/avr/4.9.1/../../../../avr/lib/avr4/libc.a(sprintf.o)
 .comment       0x0000000000000000       0x12 /usr/lib/gcc/avr/4.9.1/../../../../avr/lib/avr4/libc.a(vfprintf_std.o)
 .comment       0x0000000000000000       0x12 /usr/lib/gcc/avr/4.9.1/../../../../avr/lib/avr4/libc.a(fputc.o)

.note.gnu.build-id
 *(.note.gnu.build-id)

.debug
 *(.debug)

.line
 *(.line)

.debug_srcinfo
 *(.debug_srcinfo)

.debug_sfnames
 *(.debug_sfnames)

.debug_aranges
 *(.debug_aranges)

.debug_pubnames
 *(.debug_pubnames)

.debug_info     0x0000000000000000      0x48c
 *(.debug_info .gnu.linkonce.wi.*)
 .debug_info    0x0000000000000000      0x48c /usr/lib/gcc/avr/4.9.1/../../../../avr/lib/avr4/crtm8.o

.debug_abbrev   0x0000000000000000      0x44e
 *(.debug_abbrev)
 .debug_abbrev  0x0000000000000000      0x44e /usr/lib/gcc/avr/4.9.1/../../../../avr/lib/avr4/crtm8.o

.debug_line     0x0000000000000000       0x1d
 *(.debug_line .debug_line.* .debug_line_end)
 .debug_line    0x0000000000000000       0x1d /usr/lib/gcc/avr/4.9.1/../../../../avr/lib/avr4/crtm8.o

.debug_frame
 *(.debug_frame)

.debug_str      0x0000000000000000      0x17a
 *(.debug_str)
 .debug_str     0x0000000000000000      0x17a /usr/lib/gcc/avr/4.9.1/../../../../avr/lib/avr4/crtm8.o

.debug_loc
 *(.debug_loc)

.debug_macinfo
 *(.debug_macinfo)

.debug_weaknames
 *(.debug_weaknames)

.debug_funcnames
 *(.debug_funcnames)

.debug_typenames
 *(.debug_typenames)

.debug_varnames
 *(.debug_varnames)

.debug_pubtypes
 *(.debug_pubtypes)

.debug_ranges
 *(.debug_ranges)

.debug_macro
 *(.debug_macro)
OUTPUT(DayLight.elf elf32-avr)
LOAD linker stubs

Cross Reference Table

Symbol                                            File
Date::Date()                                      ./src/Date.o
                                                  ./src/system.o
Date::Date()                                      ./src/Date.o
                                                  ./src/DcfData.o
Date::Date(Date_t)                                ./src/Date.o
Date::Date(Date_t)                                ./src/Date.o
Date::GetDatestring(bool) volatile                ./src/Date.o
Date::GetDay() volatile                           ./src/Date.o
Date::GetDayOfWeek() volatile                     ./src/Date.o
Date::GetMonth() volatile                         ./src/Date.o
Date::GetYear() volatile                          ./src/Date.o
Date::Increase() volatile                         ./src/Date.o
                                                  ./src/system.o
Date::SetDay(unsigned char) volatile              ./src/Date.o
Date::SetDayOfWeek(unsigned char) volatile        ./src/Date.o
Date::SetMonth(unsigned char) volatile            ./src/Date.o
Date::SetYear(unsigned int) volatile              ./src/Date.o
Date::bIsEqualTo(Date*, bool) volatile            ./src/Date.o
Date::sDays                                       ./src/Date.o
Date::~Date()                                     ./src/Date.o
                                                  ./src/DcfData.o
Date::~Date()                                     ./src/Date.o
Date::~Date()                                     ./src/Date.o
                                                  ./src/system.o
DcfData::AddBit(unsigned char, unsigned char) volatile ./src/DcfData.o
                                                  ./src/system.o
DcfData::CheckParity(unsigned int, unsigned char) volatile ./src/DcfData.o
DcfData::DcfData()                                ./src/DcfData.o
DcfData::DcfData()                                ./src/DcfData.o
                                                  ./src/system.o
DcfData::EvaluateTime(bool) volatile              ./src/DcfData.o
                                                  ./src/system.o
DcfData::Reset() volatile                         ./src/DcfData.o
DcfData::~DcfData()                               ./src/DcfData.o
DcfData::~DcfData()                               ./src/DcfData.o
DcfData::~DcfData()                               ./src/DcfData.o
                                                  ./src/system.o
InitDayLightAlarm()                               ./src/system.o
                                                  ./src/main.o
InitFlags()                                       ./src/system.o
Time::GetDifferenceInSecs(Time*) volatile         ./src/Time.o
Time::GetHour() volatile                          ./src/Time.o
                                                  ./src/system.o
                                                  ./src/main.o
Time::GetMinute() volatile                        ./src/Time.o
                                                  ./src/system.o
                                                  ./src/main.o
Time::GetSecond() volatile                        ./src/Time.o
                                                  ./src/system.o
Time::GetTimestring(bool) volatile                ./src/Time.o
                                                  ./src/main.o
Time::Increase() volatile                         ./src/Time.o
                                                  ./src/system.o
Time::IsEqualTo(Time*) volatile                   ./src/Time.o
Time::SetHour(unsigned char) volatile             ./src/Time.o
                                                  ./src/main.o
Time::SetMinute(unsigned char) volatile           ./src/Time.o
                                                  ./src/main.o
Time::SetSecond(unsigned char) volatile           ./src/Time.o
                                                  ./src/system.o
Time::Time()                                      ./src/Time.o
                                                  ./src/DcfData.o
Time::Time()                                      ./src/Time.o
                                                  ./src/system.o
Time::Time(Time_t)                                ./src/Time.o
Time::Time(Time_t)                                ./src/Time.o
Time::~Time()                                     ./src/Time.o
                                                  ./src/DcfData.o
Time::~Time()                                     ./src/Time.o
                                                  ./src/system.o
Time::~Time()                                     ./src/Time.o
__adddi3_s8                                       /usr/lib/gcc/avr/4.9.1/avr4/libgcc.a(_adddi3_s8.o)
                                                  ./src/system.o
__ashldi3                                         /usr/lib/gcc/avr/4.9.1/avr4/libgcc.a(_ashldi3.o)
                                                  ./src/DcfData.o
__bad_interrupt                                   /usr/lib/gcc/avr/4.9.1/../../../../avr/lib/avr4/crtm8.o
__brkval                                          /usr/lib/gcc/avr/4.9.1/../../../../avr/lib/avr4/libc.a(malloc.o)
__bss_end                                         /usr/lib/gcc/avr/4.9.1/avr4/libgcc.a(_clear_bss.o)
__bss_start                                       /usr/lib/gcc/avr/4.9.1/avr4/libgcc.a(_clear_bss.o)
__ctors_end                                       /usr/lib/gcc/avr/4.9.1/avr4/libgcc.a(_ctors.o)
__ctors_start                                     /usr/lib/gcc/avr/4.9.1/avr4/libgcc.a(_ctors.o)
__data_end                                        /usr/lib/gcc/avr/4.9.1/avr4/libgcc.a(_copy_data.o)
__data_load_start                                 /usr/lib/gcc/avr/4.9.1/avr4/libgcc.a(_copy_data.o)
__data_start                                      /usr/lib/gcc/avr/4.9.1/avr4/libgcc.a(_copy_data.o)
__divmodhi4                                       /usr/lib/gcc/avr/4.9.1/avr4/libgcc.a(_divmodhi4.o)
                                                  ./src/Date.o
__do_clear_bss                                    /usr/lib/gcc/avr/4.9.1/avr4/libgcc.a(_clear_bss.o)
                                                  /usr/lib/gcc/avr/4.9.1/../../../../avr/lib/avr4/libc.a(malloc.o)
                                                  ./src/system.o
                                                  ./src/Time.o
                                                  ./src/Date.o
__do_copy_data                                    /usr/lib/gcc/avr/4.9.1/avr4/libgcc.a(_copy_data.o)
                                                  /usr/lib/gcc/avr/4.9.1/../../../../avr/lib/avr4/libc.a(malloc.o)
                                                  ./src/Time.o
                                                  ./src/DcfData.o
                                                  ./src/Date.o
__do_global_ctors                                 /usr/lib/gcc/avr/4.9.1/avr4/libgcc.a(_ctors.o)
                                                  ./src/system.o
__do_global_dtors                                 /usr/lib/gcc/avr/4.9.1/avr4/libgcc.a(_dtors.o)
                                                  ./src/system.o
__dtors_end                                       /usr/lib/gcc/avr/4.9.1/avr4/libgcc.a(_dtors.o)
__dtors_start                                     /usr/lib/gcc/avr/4.9.1/avr4/libgcc.a(_dtors.o)
__epilogue_restores__                             /usr/lib/gcc/avr/4.9.1/avr4/libgcc.a(_epilogue.o)
                                                  /usr/lib/gcc/avr/4.9.1/../../../../avr/lib/avr4/libc.a(vfprintf_std.o)
                                                  /usr/lib/gcc/avr/4.9.1/../../../../avr/lib/avr4/libc.a(sprintf.o)
__flp                                             /usr/lib/gcc/avr/4.9.1/../../../../avr/lib/avr4/libc.a(malloc.o)
__heap_end                                        /usr/lib/gcc/avr/4.9.1/../../../../avr/lib/avr4/crtm8.o
                                                  /usr/lib/gcc/avr/4.9.1/../../../../avr/lib/avr4/libc.a(malloc.o)
__heap_start                                      /usr/lib/gcc/avr/4.9.1/../../../../avr/lib/avr4/libc.a(malloc.o)
__init                                            /usr/lib/gcc/avr/4.9.1/../../../../avr/lib/avr4/crtm8.o
__malloc_heap_end                                 /usr/lib/gcc/avr/4.9.1/../../../../avr/lib/avr4/libc.a(malloc.o)
__malloc_heap_start                               /usr/lib/gcc/avr/4.9.1/../../../../avr/lib/avr4/libc.a(malloc.o)
__malloc_margin                                   /usr/lib/gcc/avr/4.9.1/../../../../avr/lib/avr4/libc.a(malloc.o)
__prologue_saves__                                /usr/lib/gcc/avr/4.9.1/avr4/libgcc.a(_prologue.o)
                                                  /usr/lib/gcc/avr/4.9.1/../../../../avr/lib/avr4/libc.a(vfprintf_std.o)
                                                  /usr/lib/gcc/avr/4.9.1/../../../../avr/lib/avr4/libc.a(sprintf.o)
__stack                                           /usr/lib/gcc/avr/4.9.1/../../../../avr/lib/avr4/crtm8.o
__tablejump2__                                    /usr/lib/gcc/avr/4.9.1/avr4/libgcc.a(_tablejump.o)
__tablejump__                                     /usr/lib/gcc/avr/4.9.1/avr4/libgcc.a(_tablejump.o)
                                                  /usr/lib/gcc/avr/4.9.1/avr4/libgcc.a(_dtors.o)
                                                  /usr/lib/gcc/avr/4.9.1/avr4/libgcc.a(_ctors.o)
__udivmodhi4                                      /usr/lib/gcc/avr/4.9.1/avr4/libgcc.a(_udivmodhi4.o)
                                                  /usr/lib/gcc/avr/4.9.1/avr4/libgcc.a(_divmodhi4.o)
__ultoa_invert                                    /usr/lib/gcc/avr/4.9.1/../../../../avr/lib/avr4/libc.a(ultoa_invert.o)
                                                  /usr/lib/gcc/avr/4.9.1/../../../../avr/lib/avr4/libc.a(vfprintf_std.o)
__vector_1                                        ./src/system.o
                                                  /usr/lib/gcc/avr/4.9.1/../../../../avr/lib/avr4/crtm8.o
__vector_10                                       /usr/lib/gcc/avr/4.9.1/../../../../avr/lib/avr4/crtm8.o
__vector_11                                       /usr/lib/gcc/avr/4.9.1/../../../../avr/lib/avr4/crtm8.o
__vector_12                                       /usr/lib/gcc/avr/4.9.1/../../../../avr/lib/avr4/crtm8.o
__vector_13                                       /usr/lib/gcc/avr/4.9.1/../../../../avr/lib/avr4/crtm8.o
__vector_14                                       /usr/lib/gcc/avr/4.9.1/../../../../avr/lib/avr4/crtm8.o
__vector_15                                       /usr/lib/gcc/avr/4.9.1/../../../../avr/lib/avr4/crtm8.o
__vector_16                                       /usr/lib/gcc/avr/4.9.1/../../../../avr/lib/avr4/crtm8.o
__vector_17                                       /usr/lib/gcc/avr/4.9.1/../../../../avr/lib/avr4/crtm8.o
__vector_18                                       /usr/lib/gcc/avr/4.9.1/../../../../avr/lib/avr4/crtm8.o
__vector_2                                        /usr/lib/gcc/avr/4.9.1/../../../../avr/lib/avr4/crtm8.o
__vector_3                                        ./src/system.o
                                                  /usr/lib/gcc/avr/4.9.1/../../../../avr/lib/avr4/crtm8.o
__vector_4                                        /usr/lib/gcc/avr/4.9.1/../../../../avr/lib/avr4/crtm8.o
__vector_5                                        /usr/lib/gcc/avr/4.9.1/../../../../avr/lib/avr4/crtm8.o
__vector_6                                        /usr/lib/gcc/avr/4.9.1/../../../../avr/lib/avr4/crtm8.o
__vector_7                                        /usr/lib/gcc/avr/4.9.1/../../../../avr/lib/avr4/crtm8.o
__vector_8                                        /usr/lib/gcc/avr/4.9.1/../../../../avr/lib/avr4/crtm8.o
__vector_9                                        ./src/system.o
                                                  /usr/lib/gcc/avr/4.9.1/../../../../avr/lib/avr4/crtm8.o
__vector_default                                  /usr/lib/gcc/avr/4.9.1/../../../../avr/lib/avr4/crtm8.o
__vectors                                         /usr/lib/gcc/avr/4.9.1/../../../../avr/lib/avr4/crtm8.o
_div                                              /usr/lib/gcc/avr/4.9.1/avr4/libgcc.a(_divmodhi4.o)
_exit                                             /usr/lib/gcc/avr/4.9.1/avr4/libgcc.a(_exit.o)
dtCurrentDate                                     ./src/system.o
exit                                              /usr/lib/gcc/avr/4.9.1/avr4/libgcc.a(_exit.o)
                                                  /usr/lib/gcc/avr/4.9.1/../../../../avr/lib/avr4/crtm8.o
fputc                                             /usr/lib/gcc/avr/4.9.1/../../../../avr/lib/avr4/libc.a(fputc.o)
                                                  /usr/lib/gcc/avr/4.9.1/../../../../avr/lib/avr4/libc.a(vfprintf_std.o)
free                                              /usr/lib/gcc/avr/4.9.1/../../../../avr/lib/avr4/libc.a(malloc.o)
                                                  ./src/system.o
lcd_clear()                                       ./src/lcd-routines.o
                                                  ./src/system.o
lcd_command(unsigned char)                        ./src/lcd-routines.o
lcd_data(unsigned char)                           ./src/lcd-routines.o
                                                  ./src/main.o
lcd_generatechar(unsigned char, unsigned char const*) ./src/lcd-routines.o
lcd_home()                                        ./src/lcd-routines.o
lcd_init()                                        ./src/lcd-routines.o
                                                  ./src/system.o
lcd_setcursor(unsigned char, unsigned char)       ./src/lcd-routines.o
                                                  ./src/main.o
lcd_string(char const*)                           ./src/lcd-routines.o
                                                  ./src/main.o
main                                              ./src/main.o
                                                  /usr/lib/gcc/avr/4.9.1/../../../../avr/lib/avr4/crtm8.o
malloc                                            /usr/lib/gcc/avr/4.9.1/../../../../avr/lib/avr4/libc.a(malloc.o)
                                                  ./src/system.o
nBitSequenceTime                                  ./src/system.o
nBitTime                                          ./src/system.o
nClockOverflows                                   ./src/system.o
nCurrentBitNumber                                 ./src/system.o
nFlags                                            ./src/system.o
                                                  ./src/main.o
nLowLevelTicks                                    ./src/system.o
non-virtual thunk to DcfData::~DcfData()          ./src/DcfData.o
non-virtual thunk to DcfData::~DcfData()          ./src/DcfData.o
operator delete(void*)                            ./src/system.o
                                                  ./src/Time.o
                                                  ./src/DcfData.o
                                                  ./src/Date.o
operator new(unsigned int)                        ./src/system.o
sprintf                                           /usr/lib/gcc/avr/4.9.1/../../../../avr/lib/avr4/libc.a(sprintf.o)
                                                  ./src/Time.o
                                                  ./src/Date.o
strnlen                                           /usr/lib/gcc/avr/4.9.1/../../../../avr/lib/avr4/libc.a(strnlen.o)
                                                  /usr/lib/gcc/avr/4.9.1/../../../../avr/lib/avr4/libc.a(vfprintf_std.o)
strnlen_P                                         /usr/lib/gcc/avr/4.9.1/../../../../avr/lib/avr4/libc.a(strnlen_P.o)
                                                  /usr/lib/gcc/avr/4.9.1/../../../../avr/lib/avr4/libc.a(vfprintf_std.o)
tmAlarmTime                                       ./src/system.o
tmCurrentTime                                     ./src/system.o
                                                  ./src/main.o
tmDcfData                                         ./src/system.o
                                                  ./src/main.o
vfprintf                                          /usr/lib/gcc/avr/4.9.1/../../../../avr/lib/avr4/libc.a(vfprintf_std.o)
                                                  /usr/lib/gcc/avr/4.9.1/../../../../avr/lib/avr4/libc.a(sprintf.o)
vtable for Date                                   ./src/Date.o
vtable for DcfData                                ./src/DcfData.o
vtable for Time                                   ./src/Time.o
