Archive member included because of file (symbol)

/usr/lib/gcc/avr/4.9.1/avr4/libgcc.a(_divmodhi4.o)
                              ./src/DateTime.o (__divmodhi4)
/usr/lib/gcc/avr/4.9.1/avr4/libgcc.a(_exit.o)
                              /usr/lib/gcc/avr/4.9.1/../../../../avr/lib/avr4/crtm8.o (exit)
/usr/lib/gcc/avr/4.9.1/avr4/libgcc.a(_copy_data.o)
                              ./src/DateTime.o (__do_copy_data)
/usr/lib/gcc/avr/4.9.1/avr4/libgcc.a(_clear_bss.o)
                              ./src/DateTime.o (__do_clear_bss)
/usr/lib/gcc/avr/4.9.1/avr4/libgcc.a(_ctors.o)
                              ./src/system.o (__do_global_ctors)
/usr/lib/gcc/avr/4.9.1/avr4/libgcc.a(_dtors.o)
                              ./src/system.o (__do_global_dtors)
/usr/lib/gcc/avr/4.9.1/avr4/libgcc.a(_ashldi3.o)
                              ./src/DcfData.o (__ashldi3)
/usr/lib/gcc/avr/4.9.1/avr4/libgcc.a(_adddi3_s8.o)
                              ./src/system.o (__adddi3_s8)
/usr/lib/gcc/avr/4.9.1/avr4/libgcc.a(_udivmodhi4.o)
                              /usr/lib/gcc/avr/4.9.1/avr4/libgcc.a(_divmodhi4.o) (__udivmodhi4)
/usr/lib/gcc/avr/4.9.1/avr4/libgcc.a(_tablejump.o)
                              /usr/lib/gcc/avr/4.9.1/avr4/libgcc.a(_ctors.o) (__tablejump__)
/usr/lib/gcc/avr/4.9.1/../../../../avr/lib/avr4/libc.a(malloc.o)
                              ./src/system.o (malloc)
/usr/lib/gcc/avr/4.9.1/../../../../avr/lib/avr4/libc.a(sprintf.o)
                              ./src/DateTime.o (sprintf)
/usr/lib/gcc/avr/4.9.1/../../../../avr/lib/avr4/libc.a(vfprintf_std.o)
                              /usr/lib/gcc/avr/4.9.1/../../../../avr/lib/avr4/libc.a(sprintf.o) (vfprintf)
/usr/lib/gcc/avr/4.9.1/../../../../avr/lib/avr4/libc.a(strnlen_P.o)
                              /usr/lib/gcc/avr/4.9.1/../../../../avr/lib/avr4/libc.a(vfprintf_std.o) (strnlen_P)
/usr/lib/gcc/avr/4.9.1/../../../../avr/lib/avr4/libc.a(strnlen.o)
                              /usr/lib/gcc/avr/4.9.1/../../../../avr/lib/avr4/libc.a(vfprintf_std.o) (strnlen)
/usr/lib/gcc/avr/4.9.1/../../../../avr/lib/avr4/libc.a(fputc.o)
                              /usr/lib/gcc/avr/4.9.1/../../../../avr/lib/avr4/libc.a(vfprintf_std.o) (fputc)
/usr/lib/gcc/avr/4.9.1/../../../../avr/lib/avr4/libc.a(ultoa_invert.o)
                              /usr/lib/gcc/avr/4.9.1/../../../../avr/lib/avr4/libc.a(vfprintf_std.o) (__ultoa_invert)
/usr/lib/gcc/avr/4.9.1/avr4/libgcc.a(_prologue.o)
                              /usr/lib/gcc/avr/4.9.1/../../../../avr/lib/avr4/libc.a(sprintf.o) (__prologue_saves__)
/usr/lib/gcc/avr/4.9.1/avr4/libgcc.a(_epilogue.o)
                              /usr/lib/gcc/avr/4.9.1/../../../../avr/lib/avr4/libc.a(sprintf.o) (__epilogue_restores__)

Allocating common symbols
Common symbol       size              file

__brkval            0x2               /usr/lib/gcc/avr/4.9.1/../../../../avr/lib/avr4/libc.a(malloc.o)
__flp               0x2               /usr/lib/gcc/avr/4.9.1/../../../../avr/lib/avr4/libc.a(malloc.o)

Discarded input sections

 .bss           0x0000000000000000        0x0 /usr/lib/gcc/avr/4.9.1/../../../../avr/lib/avr4/crtm8.o
 .group         0x0000000000000000        0x8 ./src/DateTime.o
 .text          0x0000000000000000        0x0 ./src/DateTime.o
 .bss           0x0000000000000000        0x0 ./src/DateTime.o
 .text._ZN8DateTimeC2E6Time_t6Date_t
                0x0000000000000000       0x20 ./src/DateTime.o
 .text._ZNV8DateTime23GetTimeDifferenceInSecsEPS_
                0x0000000000000000       0xfa ./src/DateTime.o
 .text._ZNV8DateTime13IsTimeEqualToEPS_
                0x0000000000000000       0x86 ./src/DateTime.o
 .text._ZNV8DateTime13IsDateEqualToEPS_b
                0x0000000000000000       0x84 ./src/DateTime.o
 .group         0x0000000000000000        0x8 ./src/DcfData.o
 .text          0x0000000000000000        0x0 ./src/DcfData.o
 .bss           0x0000000000000000        0x0 ./src/DcfData.o
 .text._ZNV7DcfData5ResetEv
                0x0000000000000000       0x32 ./src/DcfData.o
 .group         0x0000000000000000        0x8 ./src/LCDisplay.o
 .text          0x0000000000000000        0x0 ./src/LCDisplay.o
 .bss           0x0000000000000000        0x0 ./src/LCDisplay.o
 .text._ZNV9LCDisplay10CursorHomeEv
                0x0000000000000000        0xe ./src/LCDisplay.o
 .text._ZNV9LCDisplay12GenerateCharEhPKh
                0x0000000000000000       0x60 ./src/LCDisplay.o
 .group         0x0000000000000000        0x8 ./src/LcdMenu.o
 .text          0x0000000000000000        0x0 ./src/LcdMenu.o
 .bss           0x0000000000000000        0x0 ./src/LcdMenu.o
 .text._ZN7LcdMenuD2Ev
                0x0000000000000000        0x2 ./src/LcdMenu.o
 .text._ZN7LcdMenuD0Ev
                0x0000000000000000        0x2 ./src/LcdMenu.o
 .text._ZN7LcdMenuC2E14ButtonConfig_tP9LCDisplayP9MenuEntry
                0x0000000000000000       0x62 ./src/LcdMenu.o
 .text._ZN7LcdMenu12SetLCDisplayEP9LCDisplay
                0x0000000000000000        0x8 ./src/LcdMenu.o
 .text._ZN7LcdMenu12GetLCDisplayEv
                0x0000000000000000        0x8 ./src/LcdMenu.o
 .text._ZN7LcdMenu7RunMenuEv
                0x0000000000000000        0x2 ./src/LcdMenu.o
 .text._ZN7LcdMenu12SetMenuEntryEP9MenuEntry
                0x0000000000000000        0x8 ./src/LcdMenu.o
 .text._ZN7LcdMenu12GetMenuEntryEv
                0x0000000000000000        0x8 ./src/LcdMenu.o
 .text._ZN7LcdMenu15SetButtonConfigE14ButtonConfig_t
                0x0000000000000000       0x3e ./src/LcdMenu.o
 .rodata._ZTV7LcdMenu
                0x0000000000000000        0x8 ./src/LcdMenu.o
 .group         0x0000000000000000        0x8 ./src/MenuEntry.o
 .text          0x0000000000000000        0x0 ./src/MenuEntry.o
 .bss           0x0000000000000000        0x0 ./src/MenuEntry.o
 .text._ZN9MenuEntryD2Ev
                0x0000000000000000        0x2 ./src/MenuEntry.o
 .text._ZN9MenuEntryD0Ev
                0x0000000000000000        0x2 ./src/MenuEntry.o
 .text._ZN9MenuEntryC2EPcPFvvE
                0x0000000000000000       0x18 ./src/MenuEntry.o
 .text._ZN9MenuEntry12GetMenuTitleEv
                0x0000000000000000        0x8 ./src/MenuEntry.o
 .text._ZN9MenuEntry12SetMenuTitleEPc
                0x0000000000000000        0x8 ./src/MenuEntry.o
 .text._ZN9MenuEntry11SetFunctionEPFvvE
                0x0000000000000000        0x8 ./src/MenuEntry.o
 .text._ZN9MenuEntry3RunEv
                0x0000000000000000        0xc ./src/MenuEntry.o
 .text._ZN9MenuEntry7SetNextEPS_
                0x0000000000000000        0x8 ./src/MenuEntry.o
 .text._ZN9MenuEntry7GetNextEv
                0x0000000000000000        0x8 ./src/MenuEntry.o
 .rodata._ZTV9MenuEntry
                0x0000000000000000        0x8 ./src/MenuEntry.o
 .text          0x0000000000000000        0x0 ./src/main.o
 .bss           0x0000000000000000        0x0 ./src/main.o
 .text          0x0000000000000000        0x0 ./src/system.o
 .bss           0x0000000000000000        0x0 ./src/system.o
 .text._Znwj    0x0000000000000000        0x2 ./src/system.o
 .text._Z9InitFlagsv
                0x0000000000000000        0x6 ./src/system.o
 .text          0x0000000000000000        0x0 /usr/lib/gcc/avr/4.9.1/avr4/libgcc.a(_divmodhi4.o)
 .bss           0x0000000000000000        0x0 /usr/lib/gcc/avr/4.9.1/avr4/libgcc.a(_divmodhi4.o)
 .text.libgcc.mul
                0x0000000000000000        0x0 /usr/lib/gcc/avr/4.9.1/avr4/libgcc.a(_divmodhi4.o)
 .text.libgcc   0x0000000000000000        0x0 /usr/lib/gcc/avr/4.9.1/avr4/libgcc.a(_divmodhi4.o)
 .text.libgcc.prologue
                0x0000000000000000        0x0 /usr/lib/gcc/avr/4.9.1/avr4/libgcc.a(_divmodhi4.o)
 .text.libgcc.builtins
                0x0000000000000000        0x0 /usr/lib/gcc/avr/4.9.1/avr4/libgcc.a(_divmodhi4.o)
 .text.libgcc.fmul
                0x0000000000000000        0x0 /usr/lib/gcc/avr/4.9.1/avr4/libgcc.a(_divmodhi4.o)
 .text.libgcc.fixed
                0x0000000000000000        0x0 /usr/lib/gcc/avr/4.9.1/avr4/libgcc.a(_divmodhi4.o)
 .text          0x0000000000000000        0x0 /usr/lib/gcc/avr/4.9.1/avr4/libgcc.a(_exit.o)
 .bss           0x0000000000000000        0x0 /usr/lib/gcc/avr/4.9.1/avr4/libgcc.a(_exit.o)
 .text.libgcc.mul
                0x0000000000000000        0x0 /usr/lib/gcc/avr/4.9.1/avr4/libgcc.a(_exit.o)
 .text.libgcc.div
                0x0000000000000000        0x0 /usr/lib/gcc/avr/4.9.1/avr4/libgcc.a(_exit.o)
 .text.libgcc   0x0000000000000000        0x0 /usr/lib/gcc/avr/4.9.1/avr4/libgcc.a(_exit.o)
 .text.libgcc.prologue
                0x0000000000000000        0x0 /usr/lib/gcc/avr/4.9.1/avr4/libgcc.a(_exit.o)
 .text.libgcc.builtins
                0x0000000000000000        0x0 /usr/lib/gcc/avr/4.9.1/avr4/libgcc.a(_exit.o)
 .text.libgcc.fmul
                0x0000000000000000        0x0 /usr/lib/gcc/avr/4.9.1/avr4/libgcc.a(_exit.o)
 .text.libgcc.fixed
                0x0000000000000000        0x0 /usr/lib/gcc/avr/4.9.1/avr4/libgcc.a(_exit.o)
 .text          0x0000000000000000        0x0 /usr/lib/gcc/avr/4.9.1/avr4/libgcc.a(_copy_data.o)
 .bss           0x0000000000000000        0x0 /usr/lib/gcc/avr/4.9.1/avr4/libgcc.a(_copy_data.o)
 .text.libgcc.mul
                0x0000000000000000        0x0 /usr/lib/gcc/avr/4.9.1/avr4/libgcc.a(_copy_data.o)
 .text.libgcc.div
                0x0000000000000000        0x0 /usr/lib/gcc/avr/4.9.1/avr4/libgcc.a(_copy_data.o)
 .text.libgcc   0x0000000000000000        0x0 /usr/lib/gcc/avr/4.9.1/avr4/libgcc.a(_copy_data.o)
 .text.libgcc.prologue
                0x0000000000000000        0x0 /usr/lib/gcc/avr/4.9.1/avr4/libgcc.a(_copy_data.o)
 .text.libgcc.builtins
                0x0000000000000000        0x0 /usr/lib/gcc/avr/4.9.1/avr4/libgcc.a(_copy_data.o)
 .text.libgcc.fmul
                0x0000000000000000        0x0 /usr/lib/gcc/avr/4.9.1/avr4/libgcc.a(_copy_data.o)
 .text.libgcc.fixed
                0x0000000000000000        0x0 /usr/lib/gcc/avr/4.9.1/avr4/libgcc.a(_copy_data.o)
 .text          0x0000000000000000        0x0 /usr/lib/gcc/avr/4.9.1/avr4/libgcc.a(_clear_bss.o)
 .bss           0x0000000000000000        0x0 /usr/lib/gcc/avr/4.9.1/avr4/libgcc.a(_clear_bss.o)
 .text.libgcc.mul
                0x0000000000000000        0x0 /usr/lib/gcc/avr/4.9.1/avr4/libgcc.a(_clear_bss.o)
 .text.libgcc.div
                0x0000000000000000        0x0 /usr/lib/gcc/avr/4.9.1/avr4/libgcc.a(_clear_bss.o)
 .text.libgcc   0x0000000000000000        0x0 /usr/lib/gcc/avr/4.9.1/avr4/libgcc.a(_clear_bss.o)
 .text.libgcc.prologue
                0x0000000000000000        0x0 /usr/lib/gcc/avr/4.9.1/avr4/libgcc.a(_clear_bss.o)
 .text.libgcc.builtins
                0x0000000000000000        0x0 /usr/lib/gcc/avr/4.9.1/avr4/libgcc.a(_clear_bss.o)
 .text.libgcc.fmul
                0x0000000000000000        0x0 /usr/lib/gcc/avr/4.9.1/avr4/libgcc.a(_clear_bss.o)
 .text.libgcc.fixed
                0x0000000000000000        0x0 /usr/lib/gcc/avr/4.9.1/avr4/libgcc.a(_clear_bss.o)
 .text          0x0000000000000000        0x0 /usr/lib/gcc/avr/4.9.1/avr4/libgcc.a(_ctors.o)
 .bss           0x0000000000000000        0x0 /usr/lib/gcc/avr/4.9.1/avr4/libgcc.a(_ctors.o)
 .text.libgcc.mul
                0x0000000000000000        0x0 /usr/lib/gcc/avr/4.9.1/avr4/libgcc.a(_ctors.o)
 .text.libgcc.div
                0x0000000000000000        0x0 /usr/lib/gcc/avr/4.9.1/avr4/libgcc.a(_ctors.o)
 .text.libgcc   0x0000000000000000        0x0 /usr/lib/gcc/avr/4.9.1/avr4/libgcc.a(_ctors.o)
 .text.libgcc.prologue
                0x0000000000000000        0x0 /usr/lib/gcc/avr/4.9.1/avr4/libgcc.a(_ctors.o)
 .text.libgcc.builtins
                0x0000000000000000        0x0 /usr/lib/gcc/avr/4.9.1/avr4/libgcc.a(_ctors.o)
 .text.libgcc.fmul
                0x0000000000000000        0x0 /usr/lib/gcc/avr/4.9.1/avr4/libgcc.a(_ctors.o)
 .text.libgcc.fixed
                0x0000000000000000        0x0 /usr/lib/gcc/avr/4.9.1/avr4/libgcc.a(_ctors.o)
 .text          0x0000000000000000        0x0 /usr/lib/gcc/avr/4.9.1/avr4/libgcc.a(_dtors.o)
 .bss           0x0000000000000000        0x0 /usr/lib/gcc/avr/4.9.1/avr4/libgcc.a(_dtors.o)
 .text.libgcc.mul
                0x0000000000000000        0x0 /usr/lib/gcc/avr/4.9.1/avr4/libgcc.a(_dtors.o)
 .text.libgcc.div
                0x0000000000000000        0x0 /usr/lib/gcc/avr/4.9.1/avr4/libgcc.a(_dtors.o)
 .text.libgcc   0x0000000000000000        0x0 /usr/lib/gcc/avr/4.9.1/avr4/libgcc.a(_dtors.o)
 .text.libgcc.prologue
                0x0000000000000000        0x0 /usr/lib/gcc/avr/4.9.1/avr4/libgcc.a(_dtors.o)
 .text.libgcc.builtins
                0x0000000000000000        0x0 /usr/lib/gcc/avr/4.9.1/avr4/libgcc.a(_dtors.o)
 .text.libgcc.fmul
                0x0000000000000000        0x0 /usr/lib/gcc/avr/4.9.1/avr4/libgcc.a(_dtors.o)
 .text.libgcc.fixed
                0x0000000000000000        0x0 /usr/lib/gcc/avr/4.9.1/avr4/libgcc.a(_dtors.o)
 .text          0x0000000000000000        0x0 /usr/lib/gcc/avr/4.9.1/avr4/libgcc.a(_ashldi3.o)
 .bss           0x0000000000000000        0x0 /usr/lib/gcc/avr/4.9.1/avr4/libgcc.a(_ashldi3.o)
 .text.libgcc.mul
                0x0000000000000000        0x0 /usr/lib/gcc/avr/4.9.1/avr4/libgcc.a(_ashldi3.o)
 .text.libgcc.div
                0x0000000000000000        0x0 /usr/lib/gcc/avr/4.9.1/avr4/libgcc.a(_ashldi3.o)
 .text.libgcc   0x0000000000000000        0x0 /usr/lib/gcc/avr/4.9.1/avr4/libgcc.a(_ashldi3.o)
 .text.libgcc.prologue
                0x0000000000000000        0x0 /usr/lib/gcc/avr/4.9.1/avr4/libgcc.a(_ashldi3.o)
 .text.libgcc.fmul
                0x0000000000000000        0x0 /usr/lib/gcc/avr/4.9.1/avr4/libgcc.a(_ashldi3.o)
 .text.libgcc.fixed
                0x0000000000000000        0x0 /usr/lib/gcc/avr/4.9.1/avr4/libgcc.a(_ashldi3.o)
 .text          0x0000000000000000        0x0 /usr/lib/gcc/avr/4.9.1/avr4/libgcc.a(_adddi3_s8.o)
 .bss           0x0000000000000000        0x0 /usr/lib/gcc/avr/4.9.1/avr4/libgcc.a(_adddi3_s8.o)
 .text.libgcc.mul
                0x0000000000000000        0x0 /usr/lib/gcc/avr/4.9.1/avr4/libgcc.a(_adddi3_s8.o)
 .text.libgcc.div
                0x0000000000000000        0x0 /usr/lib/gcc/avr/4.9.1/avr4/libgcc.a(_adddi3_s8.o)
 .text.libgcc.prologue
                0x0000000000000000        0x0 /usr/lib/gcc/avr/4.9.1/avr4/libgcc.a(_adddi3_s8.o)
 .text.libgcc.builtins
                0x0000000000000000        0x0 /usr/lib/gcc/avr/4.9.1/avr4/libgcc.a(_adddi3_s8.o)
 .text.libgcc.fmul
                0x0000000000000000        0x0 /usr/lib/gcc/avr/4.9.1/avr4/libgcc.a(_adddi3_s8.o)
 .text.libgcc.fixed
                0x0000000000000000        0x0 /usr/lib/gcc/avr/4.9.1/avr4/libgcc.a(_adddi3_s8.o)
 .text          0x0000000000000000        0x0 /usr/lib/gcc/avr/4.9.1/avr4/libgcc.a(_udivmodhi4.o)
 .bss           0x0000000000000000        0x0 /usr/lib/gcc/avr/4.9.1/avr4/libgcc.a(_udivmodhi4.o)
 .text.libgcc.mul
                0x0000000000000000        0x0 /usr/lib/gcc/avr/4.9.1/avr4/libgcc.a(_udivmodhi4.o)
 .text.libgcc   0x0000000000000000        0x0 /usr/lib/gcc/avr/4.9.1/avr4/libgcc.a(_udivmodhi4.o)
 .text.libgcc.prologue
                0x0000000000000000        0x0 /usr/lib/gcc/avr/4.9.1/avr4/libgcc.a(_udivmodhi4.o)
 .text.libgcc.builtins
                0x0000000000000000        0x0 /usr/lib/gcc/avr/4.9.1/avr4/libgcc.a(_udivmodhi4.o)
 .text.libgcc.fmul
                0x0000000000000000        0x0 /usr/lib/gcc/avr/4.9.1/avr4/libgcc.a(_udivmodhi4.o)
 .text.libgcc.fixed
                0x0000000000000000        0x0 /usr/lib/gcc/avr/4.9.1/avr4/libgcc.a(_udivmodhi4.o)
 .text          0x0000000000000000        0x0 /usr/lib/gcc/avr/4.9.1/avr4/libgcc.a(_tablejump.o)
 .bss           0x0000000000000000        0x0 /usr/lib/gcc/avr/4.9.1/avr4/libgcc.a(_tablejump.o)
 .text.libgcc.mul
                0x0000000000000000        0x0 /usr/lib/gcc/avr/4.9.1/avr4/libgcc.a(_tablejump.o)
 .text.libgcc.div
                0x0000000000000000        0x0 /usr/lib/gcc/avr/4.9.1/avr4/libgcc.a(_tablejump.o)
 .text.libgcc.prologue
                0x0000000000000000        0x0 /usr/lib/gcc/avr/4.9.1/avr4/libgcc.a(_tablejump.o)
 .text.libgcc.builtins
                0x0000000000000000        0x0 /usr/lib/gcc/avr/4.9.1/avr4/libgcc.a(_tablejump.o)
 .text.libgcc.fmul
                0x0000000000000000        0x0 /usr/lib/gcc/avr/4.9.1/avr4/libgcc.a(_tablejump.o)
 .text.libgcc.fixed
                0x0000000000000000        0x0 /usr/lib/gcc/avr/4.9.1/avr4/libgcc.a(_tablejump.o)
 .text          0x0000000000000000        0x0 /usr/lib/gcc/avr/4.9.1/../../../../avr/lib/avr4/libc.a(malloc.o)
 .bss           0x0000000000000000        0x0 /usr/lib/gcc/avr/4.9.1/../../../../avr/lib/avr4/libc.a(malloc.o)
 .text          0x0000000000000000        0x0 /usr/lib/gcc/avr/4.9.1/../../../../avr/lib/avr4/libc.a(sprintf.o)
 .bss           0x0000000000000000        0x0 /usr/lib/gcc/avr/4.9.1/../../../../avr/lib/avr4/libc.a(sprintf.o)
 .text          0x0000000000000000        0x0 /usr/lib/gcc/avr/4.9.1/../../../../avr/lib/avr4/libc.a(vfprintf_std.o)
 .bss           0x0000000000000000        0x0 /usr/lib/gcc/avr/4.9.1/../../../../avr/lib/avr4/libc.a(vfprintf_std.o)
 .text          0x0000000000000000        0x0 /usr/lib/gcc/avr/4.9.1/../../../../avr/lib/avr4/libc.a(strnlen_P.o)
 .bss           0x0000000000000000        0x0 /usr/lib/gcc/avr/4.9.1/../../../../avr/lib/avr4/libc.a(strnlen_P.o)
 .text          0x0000000000000000        0x0 /usr/lib/gcc/avr/4.9.1/../../../../avr/lib/avr4/libc.a(strnlen.o)
 .bss           0x0000000000000000        0x0 /usr/lib/gcc/avr/4.9.1/../../../../avr/lib/avr4/libc.a(strnlen.o)
 .text          0x0000000000000000        0x0 /usr/lib/gcc/avr/4.9.1/../../../../avr/lib/avr4/libc.a(fputc.o)
 .bss           0x0000000000000000        0x0 /usr/lib/gcc/avr/4.9.1/../../../../avr/lib/avr4/libc.a(fputc.o)
 .text          0x0000000000000000        0x0 /usr/lib/gcc/avr/4.9.1/../../../../avr/lib/avr4/libc.a(ultoa_invert.o)
 .bss           0x0000000000000000        0x0 /usr/lib/gcc/avr/4.9.1/../../../../avr/lib/avr4/libc.a(ultoa_invert.o)
 .text          0x0000000000000000        0x0 /usr/lib/gcc/avr/4.9.1/avr4/libgcc.a(_prologue.o)
 .bss           0x0000000000000000        0x0 /usr/lib/gcc/avr/4.9.1/avr4/libgcc.a(_prologue.o)
 .text.libgcc.mul
                0x0000000000000000        0x0 /usr/lib/gcc/avr/4.9.1/avr4/libgcc.a(_prologue.o)
 .text.libgcc.div
                0x0000000000000000        0x0 /usr/lib/gcc/avr/4.9.1/avr4/libgcc.a(_prologue.o)
 .text.libgcc   0x0000000000000000        0x0 /usr/lib/gcc/avr/4.9.1/avr4/libgcc.a(_prologue.o)
 .text.libgcc.builtins
                0x0000000000000000        0x0 /usr/lib/gcc/avr/4.9.1/avr4/libgcc.a(_prologue.o)
 .text.libgcc.fmul
                0x0000000000000000        0x0 /usr/lib/gcc/avr/4.9.1/avr4/libgcc.a(_prologue.o)
 .text.libgcc.fixed
                0x0000000000000000        0x0 /usr/lib/gcc/avr/4.9.1/avr4/libgcc.a(_prologue.o)
 .text          0x0000000000000000        0x0 /usr/lib/gcc/avr/4.9.1/avr4/libgcc.a(_epilogue.o)
 .bss           0x0000000000000000        0x0 /usr/lib/gcc/avr/4.9.1/avr4/libgcc.a(_epilogue.o)
 .text.libgcc.mul
                0x0000000000000000        0x0 /usr/lib/gcc/avr/4.9.1/avr4/libgcc.a(_epilogue.o)
 .text.libgcc.div
                0x0000000000000000        0x0 /usr/lib/gcc/avr/4.9.1/avr4/libgcc.a(_epilogue.o)
 .text.libgcc   0x0000000000000000        0x0 /usr/lib/gcc/avr/4.9.1/avr4/libgcc.a(_epilogue.o)
 .text.libgcc.builtins
                0x0000000000000000        0x0 /usr/lib/gcc/avr/4.9.1/avr4/libgcc.a(_epilogue.o)
 .text.libgcc.fmul
                0x0000000000000000        0x0 /usr/lib/gcc/avr/4.9.1/avr4/libgcc.a(_epilogue.o)
 .text.libgcc.fixed
                0x0000000000000000        0x0 /usr/lib/gcc/avr/4.9.1/avr4/libgcc.a(_epilogue.o)

Memory Configuration

Name             Origin             Length             Attributes
text             0x0000000000000000 0x0000000000002000 xr
data             0x0000000000800060 0x000000000000ffa0 rw !x
eeprom           0x0000000000810000 0x0000000000010000 rw !x
fuse             0x0000000000820000 0x0000000000000400 rw !x
lock             0x0000000000830000 0x0000000000000400 rw !x
signature        0x0000000000840000 0x0000000000000400 rw !x
*default*        0x0000000000000000 0xffffffffffffffff

Linker script and memory map

LOAD /usr/lib/gcc/avr/4.9.1/../../../../avr/lib/avr4/crtm8.o
LOAD ./src/DateTime.o
LOAD ./src/DcfData.o
LOAD ./src/LCDisplay.o
LOAD ./src/LcdMenu.o
LOAD ./src/MenuEntry.o
LOAD ./src/main.o
LOAD ./src/system.o
LOAD /usr/lib/gcc/avr/4.9.1/avr4/libgcc.a
LOAD /usr/lib/gcc/avr/4.9.1/../../../../avr/lib/avr4/libm.a
START GROUP
LOAD /usr/lib/gcc/avr/4.9.1/avr4/libgcc.a
LOAD /usr/lib/gcc/avr/4.9.1/../../../../avr/lib/avr4/libm.a
LOAD /usr/lib/gcc/avr/4.9.1/../../../../avr/lib/avr4/libc.a
END GROUP

.hash
 *(.hash)

.dynsym
 *(.dynsym)

.dynstr
 *(.dynstr)

.gnu.version
 *(.gnu.version)

.gnu.version_d
 *(.gnu.version_d)

.gnu.version_r
 *(.gnu.version_r)

.rel.init
 *(.rel.init)

.rela.init
 *(.rela.init)

.rel.text
 *(.rel.text)
 *(.rel.text.*)
 *(.rel.gnu.linkonce.t*)

.rela.text
 *(.rela.text)
 *(.rela.text.*)
 *(.rela.gnu.linkonce.t*)

.rel.fini
 *(.rel.fini)

.rela.fini
 *(.rela.fini)

.rel.rodata
 *(.rel.rodata)
 *(.rel.rodata.*)
 *(.rel.gnu.linkonce.r*)

.rela.rodata
 *(.rela.rodata)
 *(.rela.rodata.*)
 *(.rela.gnu.linkonce.r*)

.rel.data
 *(.rel.data)
 *(.rel.data.*)
 *(.rel.gnu.linkonce.d*)

.rela.data
 *(.rela.data)
 *(.rela.data.*)
 *(.rela.gnu.linkonce.d*)

.rel.ctors
 *(.rel.ctors)

.rela.ctors
 *(.rela.ctors)

.rel.dtors
 *(.rel.dtors)

.rela.dtors
 *(.rela.dtors)

.rel.got
 *(.rel.got)

.rela.got
 *(.rela.got)

.rel.bss
 *(.rel.bss)

.rela.bss
 *(.rela.bss)

.rel.plt
 *(.rel.plt)

.rela.plt
 *(.rela.plt)

.text           0x0000000000000000     0x195a
 *(.vectors)
 .vectors       0x0000000000000000       0x26 /usr/lib/gcc/avr/4.9.1/../../../../avr/lib/avr4/crtm8.o
                0x0000000000000000                __vectors
                0x0000000000000000                __vector_default
 *(.vectors)
 *(.progmem.gcc*)
 .progmem.gcc_sw_table._ZNV8DateTime8IncreaseEv
                0x0000000000000026       0x18 ./src/DateTime.o
                0x000000000000003e                . = ALIGN (0x2)
                0x000000000000003e                __trampolines_start = .
 *(.trampolines)
 .trampolines   0x000000000000003e        0x0 linker stubs
 *(.trampolines*)
                0x000000000000003e                __trampolines_end = .
 *(.progmem*)
                0x000000000000003e                . = ALIGN (0x2)
 *(.jumptables)
 *(.jumptables*)
 *(.lowtext)
 *(.lowtext*)
                0x000000000000003e                __ctors_start = .
 *(.ctors)
 .ctors         0x000000000000003e        0x2 ./src/system.o
                0x0000000000000040                __ctors_end = .
                0x0000000000000040                __dtors_start = .
 *(.dtors)
 .dtors         0x0000000000000040        0x2 ./src/system.o
                0x0000000000000042                __dtors_end = .
 SORT(*)(.ctors)
 SORT(*)(.dtors)
 *(.init0)
 .init0         0x0000000000000042        0x0 /usr/lib/gcc/avr/4.9.1/../../../../avr/lib/avr4/crtm8.o
                0x0000000000000042                __init
 *(.init0)
 *(.init1)
 *(.init1)
 *(.init2)
 .init2         0x0000000000000042        0xc /usr/lib/gcc/avr/4.9.1/../../../../avr/lib/avr4/crtm8.o
 *(.init2)
 *(.init3)
 *(.init3)
 *(.init4)
 .init4         0x000000000000004e       0x16 /usr/lib/gcc/avr/4.9.1/avr4/libgcc.a(_copy_data.o)
                0x000000000000004e                __do_copy_data
 .init4         0x0000000000000064       0x10 /usr/lib/gcc/avr/4.9.1/avr4/libgcc.a(_clear_bss.o)
                0x0000000000000064                __do_clear_bss
 *(.init4)
 *(.init5)
 *(.init5)
 *(.init6)
 .init6         0x0000000000000074       0x14 /usr/lib/gcc/avr/4.9.1/avr4/libgcc.a(_ctors.o)
                0x0000000000000074                __do_global_ctors
 *(.init6)
 *(.init7)
 *(.init7)
 *(.init8)
 *(.init8)
 *(.init9)
 .init9         0x0000000000000088        0x4 /usr/lib/gcc/avr/4.9.1/../../../../avr/lib/avr4/crtm8.o
 *(.init9)
 *(.text)
 .text          0x000000000000008c        0x2 /usr/lib/gcc/avr/4.9.1/../../../../avr/lib/avr4/crtm8.o
                0x000000000000008c                __vector_12
                0x000000000000008c                __bad_interrupt
                0x000000000000008c                __vector_6
                0x000000000000008c                __vector_11
                0x000000000000008c                __vector_13
                0x000000000000008c                __vector_17
                0x000000000000008c                __vector_7
                0x000000000000008c                __vector_5
                0x000000000000008c                __vector_4
                0x000000000000008c                __vector_2
                0x000000000000008c                __vector_15
                0x000000000000008c                __vector_8
                0x000000000000008c                __vector_14
                0x000000000000008c                __vector_10
                0x000000000000008c                __vector_16
                0x000000000000008c                __vector_18
                0x000000000000008e                . = ALIGN (0x2)
 *(.text.*)
 .text._ZN8DateTimeD2Ev
                0x000000000000008e        0x2 ./src/DateTime.o
                0x000000000000008e                DateTime::~DateTime()
                0x000000000000008e                DateTime::~DateTime()
 .text._ZN8DateTimeD0Ev
                0x0000000000000090        0x2 ./src/DateTime.o
                0x0000000000000090                DateTime::~DateTime()
 .text._ZN8DateTimeC2Ev
                0x0000000000000092       0x22 ./src/DateTime.o
                0x0000000000000092                DateTime::DateTime()
                0x0000000000000092                DateTime::DateTime()
 .text._ZNV8DateTime8IncreaseEv
                0x00000000000000b4      0x220 ./src/DateTime.o
                0x00000000000000b4                DateTime::Increase() volatile
 .text._ZNV8DateTime9SetSecondEh
                0x00000000000002d4       0x22 ./src/DateTime.o
                0x00000000000002d4                DateTime::SetSecond(unsigned char) volatile
 .text._ZNV8DateTime9SetMinuteEh
                0x00000000000002f6       0x26 ./src/DateTime.o
                0x00000000000002f6                DateTime::SetMinute(unsigned char) volatile
 .text._ZNV8DateTime7SetHourEh
                0x000000000000031c        0xe ./src/DateTime.o
                0x000000000000031c                DateTime::SetHour(unsigned char) volatile
 .text._ZNV8DateTime9GetSecondEv
                0x000000000000032a       0x18 ./src/DateTime.o
                0x000000000000032a                DateTime::GetSecond() volatile
 .text._ZNV8DateTime9GetMinuteEv
                0x0000000000000342       0x18 ./src/DateTime.o
                0x0000000000000342                DateTime::GetMinute() volatile
 .text._ZNV8DateTime7GetHourEv
                0x000000000000035a        0x8 ./src/DateTime.o
                0x000000000000035a                DateTime::GetHour() volatile
 .text._ZNV8DateTime13GetTimestringEb
                0x0000000000000362       0xc4 ./src/DateTime.o
                0x0000000000000362                DateTime::GetTimestring(bool) volatile
 .text._ZNV8DateTime12SetDayOfWeekEh
                0x0000000000000426        0xe ./src/DateTime.o
                0x0000000000000426                DateTime::SetDayOfWeek(unsigned char) volatile
 .text._ZNV8DateTime6SetDayEh
                0x0000000000000434       0x12 ./src/DateTime.o
                0x0000000000000434                DateTime::SetDay(unsigned char) volatile
 .text._ZNV8DateTime8SetMonthEh
                0x0000000000000446        0xe ./src/DateTime.o
                0x0000000000000446                DateTime::SetMonth(unsigned char) volatile
 .text._ZNV8DateTime7SetYearEj
                0x0000000000000454       0x30 ./src/DateTime.o
                0x0000000000000454                DateTime::SetYear(unsigned int) volatile
 .text._ZNV8DateTime12GetDayOfWeekEv
                0x0000000000000484        0x8 ./src/DateTime.o
                0x0000000000000484                DateTime::GetDayOfWeek() volatile
 .text._ZNV8DateTime6GetDayEv
                0x000000000000048c        0xc ./src/DateTime.o
                0x000000000000048c                DateTime::GetDay() volatile
 .text._ZNV8DateTime8GetMonthEv
                0x0000000000000498        0x8 ./src/DateTime.o
                0x0000000000000498                DateTime::GetMonth() volatile
 .text._ZNV8DateTime7GetYearEv
                0x00000000000004a0       0x1a ./src/DateTime.o
                0x00000000000004a0                DateTime::GetYear() volatile
 .text._ZNV8DateTime13GetDatestringEb
                0x00000000000004ba      0x102 ./src/DateTime.o
                0x00000000000004ba                DateTime::GetDatestring(bool) volatile
 .text._ZN7DcfDataD2Ev
                0x00000000000005bc        0xc ./src/DcfData.o
                0x00000000000005bc                DcfData::~DcfData()
                0x00000000000005bc                DcfData::~DcfData()
 .text._ZN7DcfDataD0Ev
                0x00000000000005c8       0x10 ./src/DcfData.o
                0x00000000000005c8                DcfData::~DcfData()
 .text._ZN7DcfDataC2Ev
                0x00000000000005d8       0x26 ./src/DcfData.o
                0x00000000000005d8                DcfData::DcfData()
                0x00000000000005d8                DcfData::DcfData()
 .text._ZNV7DcfData6AddBitEhh
                0x00000000000005fe       0xae ./src/DcfData.o
                0x00000000000005fe                DcfData::AddBit(unsigned char, unsigned char) volatile
 .text._ZNV7DcfData11CheckParityEmhb
                0x00000000000006ac       0x4e ./src/DcfData.o
                0x00000000000006ac                DcfData::CheckParity(unsigned long, unsigned char, bool) volatile
 .text._ZNV7DcfData16EvaluateDateTimeEb
                0x00000000000006fa      0x1e2 ./src/DcfData.o
                0x00000000000006fa                DcfData::EvaluateDateTime(bool) volatile
 .text._ZN9LCDisplayD2Ev
                0x00000000000008dc        0x2 ./src/LCDisplay.o
                0x00000000000008dc                LCDisplay::~LCDisplay()
                0x00000000000008dc                LCDisplay::~LCDisplay()
 .text._ZN9LCDisplayD0Ev
                0x00000000000008de        0x2 ./src/LCDisplay.o
                0x00000000000008de                LCDisplay::~LCDisplay()
 .text._ZN9LCDisplayC2E11LcdHwConfig
                0x00000000000008e0       0x6e ./src/LCDisplay.o
                0x00000000000008e0                LCDisplay::LCDisplay(LcdHwConfig)
                0x00000000000008e0                LCDisplay::LCDisplay(LcdHwConfig)
 .text._ZNV9LCDisplay15SetDisplayLightEb
                0x000000000000094e       0x30 ./src/LCDisplay.o
                0x000000000000094e                LCDisplay::SetDisplayLight(bool) volatile
 .text._ZNV9LCDisplay9LcdEnableEv
                0x000000000000097e       0x48 ./src/LCDisplay.o
                0x000000000000097e                LCDisplay::LcdEnable() volatile
 .text._ZNV9LCDisplay6LcdOutEh
                0x00000000000009c6       0x68 ./src/LCDisplay.o
                0x00000000000009c6                LCDisplay::LcdOut(unsigned char) volatile
 .text._ZNV9LCDisplay9WriteDataEh
                0x0000000000000a2e       0x40 ./src/LCDisplay.o
                0x0000000000000a2e                LCDisplay::WriteData(unsigned char) volatile
 .text._ZNV9LCDisplay11WriteStringEPKc
                0x0000000000000a6e       0x22 ./src/LCDisplay.o
                0x0000000000000a6e                LCDisplay::WriteString(char const*) volatile
 .text._ZNV9LCDisplay12WriteCommandEh
                0x0000000000000a90       0x48 ./src/LCDisplay.o
                0x0000000000000a90                LCDisplay::WriteCommand(unsigned char) volatile
 .text._ZNV9LCDisplay14ClearLCDisplayEv
                0x0000000000000ad8        0xe ./src/LCDisplay.o
                0x0000000000000ad8                LCDisplay::ClearLCDisplay() volatile
 .text._ZNV9LCDisplay13InitLCDisplayEv
                0x0000000000000ae6       0xac ./src/LCDisplay.o
                0x0000000000000ae6                LCDisplay::InitLCDisplay() volatile
 .text._ZNV9LCDisplay9CurserPosEhh
                0x0000000000000b92       0x26 ./src/LCDisplay.o
                0x0000000000000b92                LCDisplay::CurserPos(unsigned char, unsigned char) volatile
 .text.startup.main
                0x0000000000000bb8      0x122 ./src/main.o
                0x0000000000000bb8                main
 .text._ZdlPv   0x0000000000000cda        0x2 ./src/system.o
                0x0000000000000cda                operator delete(void*)
 .text._Z17InitDayLightAlarmv
                0x0000000000000cdc      0x12a ./src/system.o
                0x0000000000000cdc                InitDayLightAlarm()
 .text.__vector_9
                0x0000000000000e06       0x80 ./src/system.o
                0x0000000000000e06                __vector_9
 .text.__vector_1
                0x0000000000000e86      0x192 ./src/system.o
                0x0000000000000e86                __vector_1
 .text.__vector_3
                0x0000000000001018       0x7c ./src/system.o
                0x0000000000001018                __vector_3
 .text.startup._GLOBAL__sub_I_dtCurrentDateTime
                0x0000000000001094       0x12 ./src/system.o
 .text.exit._GLOBAL__sub_D_dtCurrentDateTime
                0x00000000000010a6       0x12 ./src/system.o
 .text.libgcc.div
                0x00000000000010b8       0x26 /usr/lib/gcc/avr/4.9.1/avr4/libgcc.a(_divmodhi4.o)
                0x00000000000010b8                __divmodhi4
                0x00000000000010b8                _div
 .text.libgcc.builtins
                0x00000000000010de       0x32 /usr/lib/gcc/avr/4.9.1/avr4/libgcc.a(_ashldi3.o)
                0x00000000000010de                __ashldi3
 .text.libgcc   0x0000000000001110       0x18 /usr/lib/gcc/avr/4.9.1/avr4/libgcc.a(_adddi3_s8.o)
                0x0000000000001110                __adddi3_s8
 .text.libgcc.div
                0x0000000000001128       0x28 /usr/lib/gcc/avr/4.9.1/avr4/libgcc.a(_udivmodhi4.o)
                0x0000000000001128                __udivmodhi4
 .text.libgcc   0x0000000000001150        0xc /usr/lib/gcc/avr/4.9.1/avr4/libgcc.a(_tablejump.o)
                0x0000000000001150                __tablejump2__
                0x0000000000001154                __tablejump__
 .text.avr-libc
                0x000000000000115c      0x25a /usr/lib/gcc/avr/4.9.1/../../../../avr/lib/avr4/libc.a(malloc.o)
                0x000000000000115c                malloc
                0x0000000000001286                free
 .text.avr-libc
                0x00000000000013b6       0x40 /usr/lib/gcc/avr/4.9.1/../../../../avr/lib/avr4/libc.a(sprintf.o)
                0x00000000000013b6                sprintf
 .text.avr-libc
                0x00000000000013f6      0x386 /usr/lib/gcc/avr/4.9.1/../../../../avr/lib/avr4/libc.a(vfprintf_std.o)
                0x00000000000013f6                vfprintf
 .text.avr-libc
                0x000000000000177c       0x16 /usr/lib/gcc/avr/4.9.1/../../../../avr/lib/avr4/libc.a(strnlen_P.o)
                0x000000000000177c                strnlen_P
 .text.avr-libc
                0x0000000000001792       0x16 /usr/lib/gcc/avr/4.9.1/../../../../avr/lib/avr4/libc.a(strnlen.o)
                0x0000000000001792                strnlen
 .text.avr-libc
                0x00000000000017a8       0x70 /usr/lib/gcc/avr/4.9.1/../../../../avr/lib/avr4/libc.a(fputc.o)
                0x00000000000017a8                fputc
 .text.avr-libc
                0x0000000000001818       0xbc /usr/lib/gcc/avr/4.9.1/../../../../avr/lib/avr4/libc.a(ultoa_invert.o)
                0x0000000000001818                __ultoa_invert
 .text.libgcc.prologue
                0x00000000000018d4       0x38 /usr/lib/gcc/avr/4.9.1/avr4/libgcc.a(_prologue.o)
                0x00000000000018d4                __prologue_saves__
 .text.libgcc.prologue
                0x000000000000190c       0x36 /usr/lib/gcc/avr/4.9.1/avr4/libgcc.a(_epilogue.o)
                0x000000000000190c                __epilogue_restores__
                0x0000000000001942                . = ALIGN (0x2)
 *(.fini9)
 .fini9         0x0000000000001942        0x0 /usr/lib/gcc/avr/4.9.1/avr4/libgcc.a(_exit.o)
                0x0000000000001942                exit
                0x0000000000001942                _exit
 *(.fini9)
 *(.fini8)
 *(.fini8)
 *(.fini7)
 *(.fini7)
 *(.fini6)
 .fini6         0x0000000000001942       0x14 /usr/lib/gcc/avr/4.9.1/avr4/libgcc.a(_dtors.o)
                0x0000000000001942                __do_global_dtors
 *(.fini6)
 *(.fini5)
 *(.fini5)
 *(.fini4)
 *(.fini4)
 *(.fini3)
 *(.fini3)
 *(.fini2)
 *(.fini2)
 *(.fini1)
 *(.fini1)
 *(.fini0)
 .fini0         0x0000000000001956        0x4 /usr/lib/gcc/avr/4.9.1/avr4/libgcc.a(_exit.o)
 *(.fini0)
                0x000000000000195a                _etext = .

.data           0x0000000000800060       0x7c load address 0x000000000000195a
                0x0000000000800060                PROVIDE (__data_start, .)
 *(.data)
 .data          0x0000000000800060        0x0 /usr/lib/gcc/avr/4.9.1/../../../../avr/lib/avr4/crtm8.o
 .data          0x0000000000800060        0x0 ./src/DateTime.o
 .data          0x0000000000800060        0x0 ./src/DcfData.o
 .data          0x0000000000800060        0x0 ./src/LCDisplay.o
 .data          0x0000000000800060        0x0 ./src/LcdMenu.o
 .data          0x0000000000800060        0x0 ./src/MenuEntry.o
 .data          0x0000000000800060        0x0 ./src/main.o
 .data          0x0000000000800060        0x0 ./src/system.o
 .data          0x0000000000800060        0x0 /usr/lib/gcc/avr/4.9.1/avr4/libgcc.a(_divmodhi4.o)
 .data          0x0000000000800060        0x0 /usr/lib/gcc/avr/4.9.1/avr4/libgcc.a(_exit.o)
 .data          0x0000000000800060        0x0 /usr/lib/gcc/avr/4.9.1/avr4/libgcc.a(_copy_data.o)
 .data          0x0000000000800060        0x0 /usr/lib/gcc/avr/4.9.1/avr4/libgcc.a(_clear_bss.o)
 .data          0x0000000000800060        0x0 /usr/lib/gcc/avr/4.9.1/avr4/libgcc.a(_ctors.o)
 .data          0x0000000000800060        0x0 /usr/lib/gcc/avr/4.9.1/avr4/libgcc.a(_dtors.o)
 .data          0x0000000000800060        0x0 /usr/lib/gcc/avr/4.9.1/avr4/libgcc.a(_ashldi3.o)
 .data          0x0000000000800060        0x0 /usr/lib/gcc/avr/4.9.1/avr4/libgcc.a(_adddi3_s8.o)
 .data          0x0000000000800060        0x0 /usr/lib/gcc/avr/4.9.1/avr4/libgcc.a(_udivmodhi4.o)
 .data          0x0000000000800060        0x0 /usr/lib/gcc/avr/4.9.1/avr4/libgcc.a(_tablejump.o)
 .data          0x0000000000800060        0x6 /usr/lib/gcc/avr/4.9.1/../../../../avr/lib/avr4/libc.a(malloc.o)
                0x0000000000800060                __malloc_heap_end
                0x0000000000800062                __malloc_heap_start
                0x0000000000800064                __malloc_margin
 .data          0x0000000000800066        0x0 /usr/lib/gcc/avr/4.9.1/../../../../avr/lib/avr4/libc.a(sprintf.o)
 .data          0x0000000000800066        0x0 /usr/lib/gcc/avr/4.9.1/../../../../avr/lib/avr4/libc.a(vfprintf_std.o)
 .data          0x0000000000800066        0x0 /usr/lib/gcc/avr/4.9.1/../../../../avr/lib/avr4/libc.a(strnlen_P.o)
 .data          0x0000000000800066        0x0 /usr/lib/gcc/avr/4.9.1/../../../../avr/lib/avr4/libc.a(strnlen.o)
 .data          0x0000000000800066        0x0 /usr/lib/gcc/avr/4.9.1/../../../../avr/lib/avr4/libc.a(fputc.o)
 .data          0x0000000000800066        0x0 /usr/lib/gcc/avr/4.9.1/../../../../avr/lib/avr4/libc.a(ultoa_invert.o)
 .data          0x0000000000800066        0x0 /usr/lib/gcc/avr/4.9.1/avr4/libgcc.a(_prologue.o)
 .data          0x0000000000800066        0x0 /usr/lib/gcc/avr/4.9.1/avr4/libgcc.a(_epilogue.o)
 *(.data*)
 *(.rodata)
 .rodata        0x0000000000800066        0xe ./src/DateTime.o
 *(.rodata*)
 .rodata.str1.1
                0x0000000000800074       0x4f ./src/DateTime.o
                                         0x5b (size before relaxing)
 .rodata._ZTV8DateTime
                0x00000000008000c3        0x8 ./src/DateTime.o
                0x00000000008000c3                vtable for DateTime
 .rodata._ZTV7DcfData
                0x00000000008000cb        0x8 ./src/DcfData.o
                0x00000000008000cb                vtable for DcfData
 .rodata._ZTV9LCDisplay
                0x00000000008000d3        0x8 ./src/LCDisplay.o
                0x00000000008000d3                vtable for LCDisplay
 *(.gnu.linkonce.d*)
                0x00000000008000dc                . = ALIGN (0x2)
 *fill*         0x00000000008000db        0x1 
                0x00000000008000dc                _edata = .
                0x00000000008000dc                PROVIDE (__data_end, .)

.bss            0x00000000008000dc       0x5c
                0x00000000008000dc                PROVIDE (__bss_start, .)
 *(.bss)
 *(.bss*)
 .bss._ZZNV8DateTime13GetDatestringEbE7sString
                0x00000000008000dc       0x11 ./src/DateTime.o
 .bss._ZZNV8DateTime13GetTimestringEbE7sString
                0x00000000008000ed       0x11 ./src/DateTime.o
 .bss.nCurrentBitNumber
                0x00000000008000fe        0x1 ./src/system.o
                0x00000000008000fe                nCurrentBitNumber
 .bss.nLowLevelTicks
                0x00000000008000ff        0x1 ./src/system.o
                0x00000000008000ff                nLowLevelTicks
 .bss.nBitTime  0x0000000000800100        0x8 ./src/system.o
                0x0000000000800100                nBitTime
 .bss.nBitSequenceTime
                0x0000000000800108        0x8 ./src/system.o
                0x0000000000800108                nBitSequenceTime
 .bss.nFlags    0x0000000000800110        0x1 ./src/system.o
                0x0000000000800110                nFlags
 .bss.nClockOverflows
                0x0000000000800111        0x1 ./src/system.o
                0x0000000000800111                nClockOverflows
 .bss.lcDisplay
                0x0000000000800112        0x2 ./src/system.o
                0x0000000000800112                lcDisplay
 .bss.dtDcfData
                0x0000000000800114       0x10 ./src/system.o
                0x0000000000800114                dtDcfData
 .bss.tmAlarmTime
                0x0000000000800124        0x8 ./src/system.o
                0x0000000000800124                tmAlarmTime
 .bss.dtCurrentDateTime
                0x000000000080012c        0x8 ./src/system.o
                0x000000000080012c                dtCurrentDateTime
 *(COMMON)
 COMMON         0x0000000000800134        0x4 /usr/lib/gcc/avr/4.9.1/../../../../avr/lib/avr4/libc.a(malloc.o)
                0x0000000000800134                __brkval
                0x0000000000800136                __flp
                0x0000000000800138                PROVIDE (__bss_end, .)
                0x000000000000195a                __data_load_start = LOADADDR (.data)
                0x00000000000019d6                __data_load_end = (__data_load_start + SIZEOF (.data))

.noinit         0x0000000000800138        0x0
                0x0000000000800138                PROVIDE (__noinit_start, .)
 *(.noinit*)
                0x0000000000800138                PROVIDE (__noinit_end, .)
                0x0000000000800138                _end = .
                0x0000000000800138                PROVIDE (__heap_start, .)

.eeprom         0x0000000000810000        0x0
 *(.eeprom*)
                0x0000000000810000                __eeprom_end = .

.fuse
 *(.fuse)
 *(.lfuse)
 *(.hfuse)
 *(.efuse)

.lock
 *(.lock*)

.signature
 *(.signature*)

.stab
 *(.stab)

.stabstr
 *(.stabstr)

.stab.excl
 *(.stab.excl)

.stab.exclstr
 *(.stab.exclstr)

.stab.index
 *(.stab.index)

.stab.indexstr
 *(.stab.indexstr)

.comment        0x0000000000000000       0x11
 *(.comment)
 .comment       0x0000000000000000       0x11 ./src/DateTime.o
                                         0x12 (size before relaxing)
 .comment       0x0000000000000000       0x12 ./src/DcfData.o
 .comment       0x0000000000000000       0x12 ./src/LCDisplay.o
 .comment       0x0000000000000000       0x12 ./src/LcdMenu.o
 .comment       0x0000000000000000       0x12 ./src/MenuEntry.o
 .comment       0x0000000000000000       0x12 ./src/main.o
 .comment       0x0000000000000000       0x12 ./src/system.o
 .comment       0x0000000000000000       0x12 /usr/lib/gcc/avr/4.9.1/../../../../avr/lib/avr4/libc.a(malloc.o)
 .comment       0x0000000000000000       0x12 /usr/lib/gcc/avr/4.9.1/../../../../avr/lib/avr4/libc.a(sprintf.o)
 .comment       0x0000000000000000       0x12 /usr/lib/gcc/avr/4.9.1/../../../../avr/lib/avr4/libc.a(vfprintf_std.o)
 .comment       0x0000000000000000       0x12 /usr/lib/gcc/avr/4.9.1/../../../../avr/lib/avr4/libc.a(fputc.o)

.note.gnu.build-id
 *(.note.gnu.build-id)

.debug
 *(.debug)

.line
 *(.line)

.debug_srcinfo
 *(.debug_srcinfo)

.debug_sfnames
 *(.debug_sfnames)

.debug_aranges
 *(.debug_aranges)

.debug_pubnames
 *(.debug_pubnames)

.debug_info     0x0000000000000000      0x48c
 *(.debug_info .gnu.linkonce.wi.*)
 .debug_info    0x0000000000000000      0x48c /usr/lib/gcc/avr/4.9.1/../../../../avr/lib/avr4/crtm8.o

.debug_abbrev   0x0000000000000000      0x44e
 *(.debug_abbrev)
 .debug_abbrev  0x0000000000000000      0x44e /usr/lib/gcc/avr/4.9.1/../../../../avr/lib/avr4/crtm8.o

.debug_line     0x0000000000000000       0x1d
 *(.debug_line .debug_line.* .debug_line_end)
 .debug_line    0x0000000000000000       0x1d /usr/lib/gcc/avr/4.9.1/../../../../avr/lib/avr4/crtm8.o

.debug_frame
 *(.debug_frame)

.debug_str      0x0000000000000000      0x17a
 *(.debug_str)
 .debug_str     0x0000000000000000      0x17a /usr/lib/gcc/avr/4.9.1/../../../../avr/lib/avr4/crtm8.o

.debug_loc
 *(.debug_loc)

.debug_macinfo
 *(.debug_macinfo)

.debug_weaknames
 *(.debug_weaknames)

.debug_funcnames
 *(.debug_funcnames)

.debug_typenames
 *(.debug_typenames)

.debug_varnames
 *(.debug_varnames)

.debug_pubtypes
 *(.debug_pubtypes)

.debug_ranges
 *(.debug_ranges)

.debug_macro
 *(.debug_macro)
OUTPUT(DayLight.elf elf32-avr)
LOAD linker stubs

Cross Reference Table

Symbol                                            File
DateTime::DateTime()                              ./src/DateTime.o
                                                  ./src/DcfData.o
DateTime::DateTime()                              ./src/DateTime.o
                                                  ./src/system.o
DateTime::DateTime(Time_t, Date_t)                ./src/DateTime.o
DateTime::DateTime(Time_t, Date_t)                ./src/DateTime.o
DateTime::GetDatestring(bool) volatile            ./src/DateTime.o
                                                  ./src/main.o
DateTime::GetDay() volatile                       ./src/DateTime.o
                                                  ./src/main.o
DateTime::GetDayOfWeek() volatile                 ./src/DateTime.o
                                                  ./src/main.o
DateTime::GetHour() volatile                      ./src/DateTime.o
                                                  ./src/system.o
                                                  ./src/main.o
DateTime::GetMinute() volatile                    ./src/DateTime.o
                                                  ./src/system.o
                                                  ./src/main.o
DateTime::GetMonth() volatile                     ./src/DateTime.o
                                                  ./src/main.o
DateTime::GetSecond() volatile                    ./src/DateTime.o
                                                  ./src/system.o
DateTime::GetTimeDifferenceInSecs(DateTime*) volatile ./src/DateTime.o
DateTime::GetTimestring(bool) volatile            ./src/DateTime.o
                                                  ./src/main.o
DateTime::GetYear() volatile                      ./src/DateTime.o
                                                  ./src/main.o
DateTime::Increase() volatile                     ./src/DateTime.o
                                                  ./src/system.o
DateTime::IsDateEqualTo(DateTime*, bool) volatile ./src/DateTime.o
DateTime::IsTimeEqualTo(DateTime*) volatile       ./src/DateTime.o
DateTime::SetDay(unsigned char) volatile          ./src/DateTime.o
                                                  ./src/main.o
DateTime::SetDayOfWeek(unsigned char) volatile    ./src/DateTime.o
                                                  ./src/main.o
DateTime::SetHour(unsigned char) volatile         ./src/DateTime.o
                                                  ./src/main.o
DateTime::SetMinute(unsigned char) volatile       ./src/DateTime.o
                                                  ./src/main.o
DateTime::SetMonth(unsigned char) volatile        ./src/DateTime.o
                                                  ./src/main.o
DateTime::SetSecond(unsigned char) volatile       ./src/DateTime.o
                                                  ./src/system.o
DateTime::SetYear(unsigned int) volatile          ./src/DateTime.o
                                                  ./src/main.o
DateTime::~DateTime()                             ./src/DateTime.o
                                                  ./src/DcfData.o
DateTime::~DateTime()                             ./src/DateTime.o
                                                  ./src/system.o
DateTime::~DateTime()                             ./src/DateTime.o
DcfData::AddBit(unsigned char, unsigned char) volatile ./src/DcfData.o
                                                  ./src/system.o
DcfData::CheckParity(unsigned long, unsigned char, bool) volatile ./src/DcfData.o
DcfData::DcfData()                                ./src/DcfData.o
DcfData::DcfData()                                ./src/DcfData.o
                                                  ./src/system.o
DcfData::EvaluateDateTime(bool) volatile          ./src/DcfData.o
                                                  ./src/system.o
DcfData::Reset() volatile                         ./src/DcfData.o
DcfData::~DcfData()                               ./src/DcfData.o
DcfData::~DcfData()                               ./src/DcfData.o
DcfData::~DcfData()                               ./src/DcfData.o
                                                  ./src/system.o
InitDayLightAlarm()                               ./src/system.o
                                                  ./src/main.o
InitFlags()                                       ./src/system.o
LCDisplay::ClearLCDisplay() volatile              ./src/LCDisplay.o
                                                  ./src/system.o
LCDisplay::CurserPos(unsigned char, unsigned char) volatile ./src/LCDisplay.o
                                                  ./src/main.o
LCDisplay::CursorHome() volatile                  ./src/LCDisplay.o
LCDisplay::GenerateChar(unsigned char, unsigned char const*) volatile ./src/LCDisplay.o
LCDisplay::InitLCDisplay() volatile               ./src/LCDisplay.o
                                                  ./src/system.o
LCDisplay::LCDisplay(LcdHwConfig)                 ./src/LCDisplay.o
LCDisplay::LCDisplay(LcdHwConfig)                 ./src/LCDisplay.o
                                                  ./src/system.o
LCDisplay::LcdEnable() volatile                   ./src/LCDisplay.o
LCDisplay::LcdOut(unsigned char) volatile         ./src/LCDisplay.o
LCDisplay::SetDisplayLight(bool) volatile         ./src/LCDisplay.o
                                                  ./src/main.o
LCDisplay::WriteCommand(unsigned char) volatile   ./src/LCDisplay.o
LCDisplay::WriteData(unsigned char) volatile      ./src/LCDisplay.o
                                                  ./src/main.o
LCDisplay::WriteString(char const*) volatile      ./src/LCDisplay.o
                                                  ./src/main.o
LCDisplay::~LCDisplay()                           ./src/LCDisplay.o
LCDisplay::~LCDisplay()                           ./src/LCDisplay.o
LCDisplay::~LCDisplay()                           ./src/LCDisplay.o
LcdMenu::GetLCDisplay()                           ./src/LcdMenu.o
LcdMenu::GetMenuEntry()                           ./src/LcdMenu.o
LcdMenu::LcdMenu(ButtonConfig_t, LCDisplay*, MenuEntry*) ./src/LcdMenu.o
LcdMenu::LcdMenu(ButtonConfig_t, LCDisplay*, MenuEntry*) ./src/LcdMenu.o
LcdMenu::RunMenu()                                ./src/LcdMenu.o
LcdMenu::SetButtonConfig(ButtonConfig_t)          ./src/LcdMenu.o
LcdMenu::SetLCDisplay(LCDisplay*)                 ./src/LcdMenu.o
LcdMenu::SetMenuEntry(MenuEntry*)                 ./src/LcdMenu.o
LcdMenu::~LcdMenu()                               ./src/LcdMenu.o
LcdMenu::~LcdMenu()                               ./src/LcdMenu.o
LcdMenu::~LcdMenu()                               ./src/LcdMenu.o
MenuEntry::GetMenuTitle()                         ./src/MenuEntry.o
MenuEntry::GetNext()                              ./src/MenuEntry.o
MenuEntry::MenuEntry(char*, void (*)())           ./src/MenuEntry.o
MenuEntry::MenuEntry(char*, void (*)())           ./src/MenuEntry.o
MenuEntry::Run()                                  ./src/MenuEntry.o
MenuEntry::SetFunction(void (*)())                ./src/MenuEntry.o
MenuEntry::SetMenuTitle(char*)                    ./src/MenuEntry.o
MenuEntry::SetNext(MenuEntry*)                    ./src/MenuEntry.o
MenuEntry::~MenuEntry()                           ./src/MenuEntry.o
MenuEntry::~MenuEntry()                           ./src/MenuEntry.o
MenuEntry::~MenuEntry()                           ./src/MenuEntry.o
__adddi3_s8                                       /usr/lib/gcc/avr/4.9.1/avr4/libgcc.a(_adddi3_s8.o)
                                                  ./src/system.o
__ashldi3                                         /usr/lib/gcc/avr/4.9.1/avr4/libgcc.a(_ashldi3.o)
                                                  ./src/DcfData.o
__bad_interrupt                                   /usr/lib/gcc/avr/4.9.1/../../../../avr/lib/avr4/crtm8.o
__brkval                                          /usr/lib/gcc/avr/4.9.1/../../../../avr/lib/avr4/libc.a(malloc.o)
__bss_end                                         /usr/lib/gcc/avr/4.9.1/avr4/libgcc.a(_clear_bss.o)
__bss_start                                       /usr/lib/gcc/avr/4.9.1/avr4/libgcc.a(_clear_bss.o)
__ctors_end                                       /usr/lib/gcc/avr/4.9.1/avr4/libgcc.a(_ctors.o)
__ctors_start                                     /usr/lib/gcc/avr/4.9.1/avr4/libgcc.a(_ctors.o)
__data_end                                        /usr/lib/gcc/avr/4.9.1/avr4/libgcc.a(_copy_data.o)
__data_load_start                                 /usr/lib/gcc/avr/4.9.1/avr4/libgcc.a(_copy_data.o)
__data_start                                      /usr/lib/gcc/avr/4.9.1/avr4/libgcc.a(_copy_data.o)
__divmodhi4                                       /usr/lib/gcc/avr/4.9.1/avr4/libgcc.a(_divmodhi4.o)
                                                  ./src/DateTime.o
__do_clear_bss                                    /usr/lib/gcc/avr/4.9.1/avr4/libgcc.a(_clear_bss.o)
                                                  /usr/lib/gcc/avr/4.9.1/../../../../avr/lib/avr4/libc.a(malloc.o)
                                                  ./src/system.o
                                                  ./src/DateTime.o
__do_copy_data                                    /usr/lib/gcc/avr/4.9.1/avr4/libgcc.a(_copy_data.o)
                                                  /usr/lib/gcc/avr/4.9.1/../../../../avr/lib/avr4/libc.a(malloc.o)
                                                  ./src/MenuEntry.o
                                                  ./src/LcdMenu.o
                                                  ./src/LCDisplay.o
                                                  ./src/DcfData.o
                                                  ./src/DateTime.o
__do_global_ctors                                 /usr/lib/gcc/avr/4.9.1/avr4/libgcc.a(_ctors.o)
                                                  ./src/system.o
__do_global_dtors                                 /usr/lib/gcc/avr/4.9.1/avr4/libgcc.a(_dtors.o)
                                                  ./src/system.o
__dtors_end                                       /usr/lib/gcc/avr/4.9.1/avr4/libgcc.a(_dtors.o)
__dtors_start                                     /usr/lib/gcc/avr/4.9.1/avr4/libgcc.a(_dtors.o)
__epilogue_restores__                             /usr/lib/gcc/avr/4.9.1/avr4/libgcc.a(_epilogue.o)
                                                  /usr/lib/gcc/avr/4.9.1/../../../../avr/lib/avr4/libc.a(vfprintf_std.o)
                                                  /usr/lib/gcc/avr/4.9.1/../../../../avr/lib/avr4/libc.a(sprintf.o)
__flp                                             /usr/lib/gcc/avr/4.9.1/../../../../avr/lib/avr4/libc.a(malloc.o)
__heap_end                                        /usr/lib/gcc/avr/4.9.1/../../../../avr/lib/avr4/crtm8.o
                                                  /usr/lib/gcc/avr/4.9.1/../../../../avr/lib/avr4/libc.a(malloc.o)
__heap_start                                      /usr/lib/gcc/avr/4.9.1/../../../../avr/lib/avr4/libc.a(malloc.o)
__init                                            /usr/lib/gcc/avr/4.9.1/../../../../avr/lib/avr4/crtm8.o
__malloc_heap_end                                 /usr/lib/gcc/avr/4.9.1/../../../../avr/lib/avr4/libc.a(malloc.o)
__malloc_heap_start                               /usr/lib/gcc/avr/4.9.1/../../../../avr/lib/avr4/libc.a(malloc.o)
__malloc_margin                                   /usr/lib/gcc/avr/4.9.1/../../../../avr/lib/avr4/libc.a(malloc.o)
__prologue_saves__                                /usr/lib/gcc/avr/4.9.1/avr4/libgcc.a(_prologue.o)
                                                  /usr/lib/gcc/avr/4.9.1/../../../../avr/lib/avr4/libc.a(vfprintf_std.o)
                                                  /usr/lib/gcc/avr/4.9.1/../../../../avr/lib/avr4/libc.a(sprintf.o)
__stack                                           /usr/lib/gcc/avr/4.9.1/../../../../avr/lib/avr4/crtm8.o
__tablejump2__                                    /usr/lib/gcc/avr/4.9.1/avr4/libgcc.a(_tablejump.o)
__tablejump__                                     /usr/lib/gcc/avr/4.9.1/avr4/libgcc.a(_tablejump.o)
                                                  /usr/lib/gcc/avr/4.9.1/avr4/libgcc.a(_dtors.o)
                                                  /usr/lib/gcc/avr/4.9.1/avr4/libgcc.a(_ctors.o)
__udivmodhi4                                      /usr/lib/gcc/avr/4.9.1/avr4/libgcc.a(_udivmodhi4.o)
                                                  /usr/lib/gcc/avr/4.9.1/avr4/libgcc.a(_divmodhi4.o)
__ultoa_invert                                    /usr/lib/gcc/avr/4.9.1/../../../../avr/lib/avr4/libc.a(ultoa_invert.o)
                                                  /usr/lib/gcc/avr/4.9.1/../../../../avr/lib/avr4/libc.a(vfprintf_std.o)
__vector_1                                        ./src/system.o
                                                  /usr/lib/gcc/avr/4.9.1/../../../../avr/lib/avr4/crtm8.o
__vector_10                                       /usr/lib/gcc/avr/4.9.1/../../../../avr/lib/avr4/crtm8.o
__vector_11                                       /usr/lib/gcc/avr/4.9.1/../../../../avr/lib/avr4/crtm8.o
__vector_12                                       /usr/lib/gcc/avr/4.9.1/../../../../avr/lib/avr4/crtm8.o
__vector_13                                       /usr/lib/gcc/avr/4.9.1/../../../../avr/lib/avr4/crtm8.o
__vector_14                                       /usr/lib/gcc/avr/4.9.1/../../../../avr/lib/avr4/crtm8.o
__vector_15                                       /usr/lib/gcc/avr/4.9.1/../../../../avr/lib/avr4/crtm8.o
__vector_16                                       /usr/lib/gcc/avr/4.9.1/../../../../avr/lib/avr4/crtm8.o
__vector_17                                       /usr/lib/gcc/avr/4.9.1/../../../../avr/lib/avr4/crtm8.o
__vector_18                                       /usr/lib/gcc/avr/4.9.1/../../../../avr/lib/avr4/crtm8.o
__vector_2                                        /usr/lib/gcc/avr/4.9.1/../../../../avr/lib/avr4/crtm8.o
__vector_3                                        ./src/system.o
                                                  /usr/lib/gcc/avr/4.9.1/../../../../avr/lib/avr4/crtm8.o
__vector_4                                        /usr/lib/gcc/avr/4.9.1/../../../../avr/lib/avr4/crtm8.o
__vector_5                                        /usr/lib/gcc/avr/4.9.1/../../../../avr/lib/avr4/crtm8.o
__vector_6                                        /usr/lib/gcc/avr/4.9.1/../../../../avr/lib/avr4/crtm8.o
__vector_7                                        /usr/lib/gcc/avr/4.9.1/../../../../avr/lib/avr4/crtm8.o
__vector_8                                        /usr/lib/gcc/avr/4.9.1/../../../../avr/lib/avr4/crtm8.o
__vector_9                                        ./src/system.o
                                                  /usr/lib/gcc/avr/4.9.1/../../../../avr/lib/avr4/crtm8.o
__vector_default                                  /usr/lib/gcc/avr/4.9.1/../../../../avr/lib/avr4/crtm8.o
__vectors                                         /usr/lib/gcc/avr/4.9.1/../../../../avr/lib/avr4/crtm8.o
_div                                              /usr/lib/gcc/avr/4.9.1/avr4/libgcc.a(_divmodhi4.o)
_exit                                             /usr/lib/gcc/avr/4.9.1/avr4/libgcc.a(_exit.o)
dtCurrentDateTime                                 ./src/system.o
                                                  ./src/main.o
dtDcfData                                         ./src/system.o
                                                  ./src/main.o
exit                                              /usr/lib/gcc/avr/4.9.1/avr4/libgcc.a(_exit.o)
                                                  /usr/lib/gcc/avr/4.9.1/../../../../avr/lib/avr4/crtm8.o
fputc                                             /usr/lib/gcc/avr/4.9.1/../../../../avr/lib/avr4/libc.a(fputc.o)
                                                  /usr/lib/gcc/avr/4.9.1/../../../../avr/lib/avr4/libc.a(vfprintf_std.o)
free                                              /usr/lib/gcc/avr/4.9.1/../../../../avr/lib/avr4/libc.a(malloc.o)
                                                  ./src/system.o
lcDisplay                                         ./src/system.o
                                                  ./src/main.o
main                                              ./src/main.o
                                                  /usr/lib/gcc/avr/4.9.1/../../../../avr/lib/avr4/crtm8.o
malloc                                            /usr/lib/gcc/avr/4.9.1/../../../../avr/lib/avr4/libc.a(malloc.o)
                                                  ./src/system.o
nBitSequenceTime                                  ./src/system.o
nBitTime                                          ./src/system.o
nClockOverflows                                   ./src/system.o
nCurrentBitNumber                                 ./src/system.o
nFlags                                            ./src/system.o
                                                  ./src/main.o
nLowLevelTicks                                    ./src/system.o
operator delete(void*)                            ./src/system.o
                                                  ./src/MenuEntry.o
                                                  ./src/LcdMenu.o
                                                  ./src/LCDisplay.o
                                                  ./src/DcfData.o
                                                  ./src/DateTime.o
operator new(unsigned int)                        ./src/system.o
sprintf                                           /usr/lib/gcc/avr/4.9.1/../../../../avr/lib/avr4/libc.a(sprintf.o)
                                                  ./src/DateTime.o
strnlen                                           /usr/lib/gcc/avr/4.9.1/../../../../avr/lib/avr4/libc.a(strnlen.o)
                                                  /usr/lib/gcc/avr/4.9.1/../../../../avr/lib/avr4/libc.a(vfprintf_std.o)
strnlen_P                                         /usr/lib/gcc/avr/4.9.1/../../../../avr/lib/avr4/libc.a(strnlen_P.o)
                                                  /usr/lib/gcc/avr/4.9.1/../../../../avr/lib/avr4/libc.a(vfprintf_std.o)
tmAlarmTime                                       ./src/system.o
vfprintf                                          /usr/lib/gcc/avr/4.9.1/../../../../avr/lib/avr4/libc.a(vfprintf_std.o)
                                                  /usr/lib/gcc/avr/4.9.1/../../../../avr/lib/avr4/libc.a(sprintf.o)
vtable for DateTime                               ./src/DateTime.o
vtable for DcfData                                ./src/DcfData.o
vtable for LCDisplay                              ./src/LCDisplay.o
vtable for LcdMenu                                ./src/LcdMenu.o
vtable for MenuEntry                              ./src/MenuEntry.o
